Archive member included to satisfy reference by file (symbol)

/opt/st/stm32cubeide_1.18.0/plugins/com.st.stm32cube.ide.mcu.externaltools.gnu-tools-for-stm32.13.3.rel1.linux64_1.0.0.202410170706/tools/bin/../lib/gcc/arm-none-eabi/13.3.1/../../../../arm-none-eabi/lib/thumb/v7e-m+fp/hard/libc_nano.a(libc_a-exit.o)
                              /opt/st/stm32cubeide_1.18.0/plugins/com.st.stm32cube.ide.mcu.externaltools.gnu-tools-for-stm32.13.3.rel1.linux64_1.0.0.202410170706/tools/bin/../lib/gcc/arm-none-eabi/13.3.1/../../../../arm-none-eabi/lib/thumb/v7e-m+fp/hard/crt0.o (exit)
/opt/st/stm32cubeide_1.18.0/plugins/com.st.stm32cube.ide.mcu.externaltools.gnu-tools-for-stm32.13.3.rel1.linux64_1.0.0.202410170706/tools/bin/../lib/gcc/arm-none-eabi/13.3.1/../../../../arm-none-eabi/lib/thumb/v7e-m+fp/hard/libc_nano.a(libc_a-nano-vfprintf_float.o)
                              (_printf_float)
/opt/st/stm32cubeide_1.18.0/plugins/com.st.stm32cube.ide.mcu.externaltools.gnu-tools-for-stm32.13.3.rel1.linux64_1.0.0.202410170706/tools/bin/../lib/gcc/arm-none-eabi/13.3.1/../../../../arm-none-eabi/lib/thumb/v7e-m+fp/hard/libc_nano.a(libc_a-nano-vfprintf_i.o)
                              /opt/st/stm32cubeide_1.18.0/plugins/com.st.stm32cube.ide.mcu.externaltools.gnu-tools-for-stm32.13.3.rel1.linux64_1.0.0.202410170706/tools/bin/../lib/gcc/arm-none-eabi/13.3.1/../../../../arm-none-eabi/lib/thumb/v7e-m+fp/hard/libc_nano.a(libc_a-nano-vfprintf_float.o) (_printf_common)
/opt/st/stm32cubeide_1.18.0/plugins/com.st.stm32cube.ide.mcu.externaltools.gnu-tools-for-stm32.13.3.rel1.linux64_1.0.0.202410170706/tools/bin/../lib/gcc/arm-none-eabi/13.3.1/../../../../arm-none-eabi/lib/thumb/v7e-m+fp/hard/libc_nano.a(libc_a-findfp.o)
                              /opt/st/stm32cubeide_1.18.0/plugins/com.st.stm32cube.ide.mcu.externaltools.gnu-tools-for-stm32.13.3.rel1.linux64_1.0.0.202410170706/tools/bin/../lib/gcc/arm-none-eabi/13.3.1/../../../../arm-none-eabi/lib/thumb/v7e-m+fp/hard/libc_nano.a(libc_a-exit.o) (__stdio_exit_handler)
/opt/st/stm32cubeide_1.18.0/plugins/com.st.stm32cube.ide.mcu.externaltools.gnu-tools-for-stm32.13.3.rel1.linux64_1.0.0.202410170706/tools/bin/../lib/gcc/arm-none-eabi/13.3.1/../../../../arm-none-eabi/lib/thumb/v7e-m+fp/hard/libc_nano.a(libc_a-fwalk.o)
                              /opt/st/stm32cubeide_1.18.0/plugins/com.st.stm32cube.ide.mcu.externaltools.gnu-tools-for-stm32.13.3.rel1.linux64_1.0.0.202410170706/tools/bin/../lib/gcc/arm-none-eabi/13.3.1/../../../../arm-none-eabi/lib/thumb/v7e-m+fp/hard/libc_nano.a(libc_a-findfp.o) (_fwalk_sglue)
/opt/st/stm32cubeide_1.18.0/plugins/com.st.stm32cube.ide.mcu.externaltools.gnu-tools-for-stm32.13.3.rel1.linux64_1.0.0.202410170706/tools/bin/../lib/gcc/arm-none-eabi/13.3.1/../../../../arm-none-eabi/lib/thumb/v7e-m+fp/hard/libc_nano.a(libc_a-printf.o)
                              ./Core/Src/vl53l0x.o (printf)
/opt/st/stm32cubeide_1.18.0/plugins/com.st.stm32cube.ide.mcu.externaltools.gnu-tools-for-stm32.13.3.rel1.linux64_1.0.0.202410170706/tools/bin/../lib/gcc/arm-none-eabi/13.3.1/../../../../arm-none-eabi/lib/thumb/v7e-m+fp/hard/libc_nano.a(libc_a-puts.o)
                              ./Core/Src/vl53l0x.o (puts)
/opt/st/stm32cubeide_1.18.0/plugins/com.st.stm32cube.ide.mcu.externaltools.gnu-tools-for-stm32.13.3.rel1.linux64_1.0.0.202410170706/tools/bin/../lib/gcc/arm-none-eabi/13.3.1/../../../../arm-none-eabi/lib/thumb/v7e-m+fp/hard/libc_nano.a(libc_a-stdio.o)
                              /opt/st/stm32cubeide_1.18.0/plugins/com.st.stm32cube.ide.mcu.externaltools.gnu-tools-for-stm32.13.3.rel1.linux64_1.0.0.202410170706/tools/bin/../lib/gcc/arm-none-eabi/13.3.1/../../../../arm-none-eabi/lib/thumb/v7e-m+fp/hard/libc_nano.a(libc_a-findfp.o) (__sread)
/opt/st/stm32cubeide_1.18.0/plugins/com.st.stm32cube.ide.mcu.externaltools.gnu-tools-for-stm32.13.3.rel1.linux64_1.0.0.202410170706/tools/bin/../lib/gcc/arm-none-eabi/13.3.1/../../../../arm-none-eabi/lib/thumb/v7e-m+fp/hard/libc_nano.a(libc_a-vsnprintf.o)
                              ./Core/Src/lsm6dsl_hal.o (vsnprintf)
/opt/st/stm32cubeide_1.18.0/plugins/com.st.stm32cube.ide.mcu.externaltools.gnu-tools-for-stm32.13.3.rel1.linux64_1.0.0.202410170706/tools/bin/../lib/gcc/arm-none-eabi/13.3.1/../../../../arm-none-eabi/lib/thumb/v7e-m+fp/hard/libc_nano.a(libc_a-wbuf.o)
                              /opt/st/stm32cubeide_1.18.0/plugins/com.st.stm32cube.ide.mcu.externaltools.gnu-tools-for-stm32.13.3.rel1.linux64_1.0.0.202410170706/tools/bin/../lib/gcc/arm-none-eabi/13.3.1/../../../../arm-none-eabi/lib/thumb/v7e-m+fp/hard/libc_nano.a(libc_a-puts.o) (__swbuf_r)
/opt/st/stm32cubeide_1.18.0/plugins/com.st.stm32cube.ide.mcu.externaltools.gnu-tools-for-stm32.13.3.rel1.linux64_1.0.0.202410170706/tools/bin/../lib/gcc/arm-none-eabi/13.3.1/../../../../arm-none-eabi/lib/thumb/v7e-m+fp/hard/libc_nano.a(libc_a-wsetup.o)
[...]
Memory Configuration

Name             Origin             Length             Attributes
RAM              0x20000000         0x00020000         xrw
FLASH            0x08000000         0x00080000         xr
*default*        0x00000000         0xffffffff

Linker script and memory map

LOAD /opt/st/stm32cubeide_1.18.0/plugins/com.st.stm32cube.ide.mcu.externaltools.gnu-tools-for-stm32.13.3.rel1.linux64_1.0.0.202410170706/tools/bin/../lib/gcc/arm-none-eabi/13.3.1/thumb/v7e-m+fp/hard/crti.o
LOAD /opt/st/stm32cubeide_1.18.0/plugins/com.st.stm32cube.ide.mcu.externaltools.gnu-tools-for-stm32.13.3.rel1.linux64_1.0.0.202410170706/tools/bin/../lib/gcc/arm-none-eabi/13.3.1/thumb/v7e-m+fp/hard/crtbegin.o
LOAD /opt/st/stm32cubeide_1.18.0/plugins/com.st.stm32cube.ide.mcu.externaltools.gnu-tools-for-stm32.13.3.rel1.linux64_1.0.0.202410170706/tools/bin/../lib/gcc/arm-none-eabi/13.3.1/../../../../arm-none-eabi/lib/thumb/v7e-m+fp/hard/crt0.o
LOAD ./Core/Src/lsm6dsl_hal.o
LOAD ./Core/Src/lsm6dsl_reg.o
LOAD ./Core/Src/main.o
LOAD ./Core/Src/motor_ll.o
LOAD ./Core/Src/pmw3901.o
LOAD ./Core/Src/sh1106.o
LOAD ./Core/Src/stm32f4xx_hal_msp.o
LOAD ./Core/Src/stm32f4xx_it.o
LOAD ./Core/Src/syscalls.o
LOAD ./Core/Src/sysmem.o
LOAD ./Core/Src/system_stm32f4xx.o
LOAD ./Core/Src/tca9548a.o
LOAD ./Core/Src/tcs32725.o
LOAD ./Core/Src/vl53l0x.o
LOAD ./Core/Startup/startup_stm32f411ceux.o
LOAD ./Drivers/STM32F4xx_HAL_Driver/Src/stm32f4xx_hal.o
LOAD ./Drivers/STM32F4xx_HAL_Driver/Src/stm32f4xx_hal_cortex.o
LOAD ./Drivers/STM32F4xx_HAL_Driver/Src/stm32f4xx_hal_dma.o
LOAD ./Drivers/STM32F4xx_HAL_Driver/Src/stm32f4xx_hal_dma_ex.o
LOAD ./Drivers/STM32F4xx_HAL_Driver/Src/stm32f4xx_hal_exti.o
LOAD ./Drivers/STM32F4xx_HAL_Driver/Src/stm32f4xx_hal_flash.o
LOAD ./Drivers/STM32F4xx_HAL_Driver/Src/stm32f4xx_hal_flash_ex.o
LOAD ./Drivers/STM32F4xx_HAL_Driver/Src/stm32f4xx_hal_flash_ramfunc.o
LOAD ./Drivers/STM32F4xx_HAL_Driver/Src/stm32f4xx_hal_gpio.o
LOAD ./Drivers/STM32F4xx_HAL_Driver/Src/stm32f4xx_hal_i2c.o
LOAD ./Drivers/STM32F4xx_HAL_Driver/Src/stm32f4xx_hal_i2c_ex.o
LOAD ./Drivers/STM32F4xx_HAL_Driver/Src/stm32f4xx_hal_pcd.o
LOAD ./Drivers/STM32F4xx_HAL_Driver/Src/stm32f4xx_hal_pcd_ex.o
LOAD ./Drivers/STM32F4xx_HAL_Driver/Src/stm32f4xx_hal_pwr.o
LOAD ./Drivers/STM32F4xx_HAL_Driver/Src/stm32f4xx_hal_pwr_ex.o
LOAD ./Drivers/STM32F4xx_HAL_Driver/Src/stm32f4xx_hal_rcc.o
LOAD ./Drivers/STM32F4xx_HAL_Driver/Src/stm32f4xx_hal_rcc_ex.o
LOAD ./Drivers/STM32F4xx_HAL_Driver/Src/stm32f4xx_hal_tim.o
LOAD ./Drivers/STM32F4xx_HAL_Driver/Src/stm32f4xx_hal_tim_ex.o
LOAD ./Drivers/STM32F4xx_HAL_Driver/Src/stm32f4xx_ll_usb.o
LOAD ./Middlewares/ST/STM32_USB_Device_Library/Class/CDC/Src/usbd_cdc.o
LOAD ./Middlewares/ST/STM32_USB_Device_Library/Core/Src/usbd_core.o
LOAD ./Middlewares/ST/STM32_USB_Device_Library/Core/Src/usbd_ctlreq.o
LOAD ./Middlewares/ST/STM32_USB_Device_Library/Core/Src/usbd_ioreq.o
LOAD ./USB_DEVICE/App/usb_device.o
LOAD ./USB_DEVICE/App/usbd_cdc_if.o
LOAD ./USB_DEVICE/App/usbd_desc.o
LOAD ./USB_DEVICE/Target/usbd_conf.o
START GROUP
LOAD /opt/st/stm32cubeide_1.18.0/plugins/com.st.stm32cube.ide.mcu.externaltools.gnu-tools-for-stm32.13.3.rel1.linux64_1.0.0.202410170706/tools/bin/../lib/gcc/arm-none-eabi/13.3.1/../../../../arm-none-eabi/lib/thumb/v7e-m+fp/hard/libc_nano.a
LOAD /opt/st/stm32cubeide_1.18.0/plugins/com.st.stm32cube.ide.mcu.externaltools.gnu-tools-for-stm32.13.3.rel1.linux64_1.0.0.202410170706/tools/bin/../lib/gcc/arm-none-eabi/13.3.1/../../../../arm-none-eabi/lib/thumb/v7e-m+fp/hard/libm.a
END GROUP
START GROUP
LOAD /opt/st/stm32cubeide_1.18.0/plugins/com.st.stm32cube.ide.mcu.externaltools.gnu-tools-for-stm32.13.3.rel1.linux64_1.0.0.202410170706/tools/bin/../lib/gcc/arm-none-eabi/13.3.1/thumb/v7e-m+fp/hard/libgcc.a
LOAD /opt/st/stm32cubeide_1.18.0/plugins/com.st.stm32cube.ide.mcu.externaltools.gnu-tools-for-stm32.13.3.rel1.linux64_1.0.0.202410170706/tools/bin/../lib/gcc/arm-none-eabi/13.3.1/../../../../arm-none-eabi/lib/thumb/v7e-m+fp/hard/libc_nano.a
END GROUP
START GROUP
LOAD /opt/st/stm32cubeide_1.18.0/plugins/com.st.stm32cube.ide.mcu.externaltools.gnu-tools-for-stm32.13.3.rel1.linux64_1.0.0.202410170706/tools/bin/../lib/gcc/arm-none-eabi/13.3.1/thumb/v7e-m+fp/hard/libgcc.a
LOAD /opt/st/stm32cubeide_1.18.0/plugins/com.st.stm32cube.ide.mcu.externaltools.gnu-tools-for-stm32.13.3.rel1.linux64_1.0.0.202410170706/tools/bin/../lib/gcc/arm-none-eabi/13.3.1/../../../../arm-none-eabi/lib/thumb/v7e-m+fp/hard/libc_nano.a
LOAD /opt/st/stm32cubeide_1.18.0/plugins/com.st.stm32cube.ide.mcu.externaltools.gnu-tools-for-stm32.13.3.rel1.linux64_1.0.0.202410170706/tools/bin/../lib/gcc/arm-none-eabi/13.3.1/../../../../arm-none-eabi/lib/thumb/v7e-m+fp/hard/libnosys.a
END GROUP
START GROUP
LOAD /opt/st/stm32cubeide_1.18.0/plugins/com.st.stm32cube.ide.mcu.externaltools.gnu-tools-for-stm32.13.3.rel1.linux64_1.0.0.202410170706/tools/bin/../lib/gcc/arm-none-eabi/13.3.1/thumb/v7e-m+fp/hard/libgcc.a
LOAD /opt/st/stm32cubeide_1.18.0/plugins/com.st.stm32cube.ide.mcu.externaltools.gnu-tools-for-stm32.13.3.rel1.linux64_1.0.0.202410170706/tools/bin/../lib/gcc/arm-none-eabi/13.3.1/../../../../arm-none-eabi/lib/thumb/v7e-m+fp/hard/libc_nano.a
LOAD /opt/st/stm32cubeide_1.18.0/plugins/com.st.stm32cube.ide.mcu.externaltools.gnu-tools-for-stm32.13.3.rel1.linux64_1.0.0.202410170706/tools/bin/../lib/gcc/arm-none-eabi/13.3.1/../../../../arm-none-eabi/lib/thumb/v7e-m+fp/hard/libnosys.a
END GROUP
LOAD /opt/st/stm32cubeide_1.18.0/plugins/com.st.stm32cube.ide.mcu.externaltools.gnu-tools-for-stm32.13.3.rel1.linux64_1.0.0.202410170706/tools/bin/../lib/gcc/arm-none-eabi/13.3.1/thumb/v7e-m+fp/hard/crtend.o
LOAD /opt/st/stm32cubeide_1.18.0/plugins/com.st.stm32cube.ide.mcu.externaltools.gnu-tools-for-stm32.13.3.rel1.linux64_1.0.0.202410170706/tools/bin/../lib/gcc/arm-none-eabi/13.3.1/thumb/v7e-m+fp/hard/crtn.o
                0x20020000                        _estack = (ORIGIN (RAM) + LENGTH (RAM))
                0x00000200                        _Min_Heap_Size = 0x200
                0x00000400                        _Min_Stack_Size = 0x400

.isr_vector     0x08000000      0x198
                0x08000000                        . = ALIGN (0x4)
 *(.isr_vector)
 .isr_vector    0x08000000      0x198 ./Core/Startup/startup_stm32f411ceux.o
                0x08000000                g_pfnVectors
                0x08000198                        . = ALIGN (0x4)

.text           0x080001a0     0xff28
                0x080001a0                        . = ALIGN (0x4)
 *(.text)
 .text          0x080001a0       0x40 /opt/st/stm32cubeide_1.18.0/plugins/com.st.stm32cube.ide.mcu.externaltools.gnu-tools-for-stm32.13.3.rel1.linux64_1.0.0.202410170706/tools/bin/../lib/gcc/arm-none-eabi/13.3.1/thumb/v7e-m+fp/hard/crtbegin.o
 .text          0x080001e0       0xa0 /opt/st/stm32cubeide_1.18.0/plugins/com.st.stm32cube.ide.mcu.externaltools.gnu-tools-for-stm32.13.3.rel1.linux64_1.0.0.202410170706/tools/bin/../lib/gcc/arm-none-eabi/13.3.1/../../../../arm-none-eabi/lib/thumb/v7e-m+fp/hard/libc_nano.a(libc_a-memchr.o)
                0x080001e0                memchr
 .text          0x08000280       0x10 /opt/st/stm32cubeide_1.18.0/plugins/com.st.stm32cube.ide.mcu.externaltools.gnu-tools-for-stm32.13.3.rel1.linux64_1.0.0.202410170706/tools/bin/../lib/gcc/arm-none-eabi/13.3.1/../../../../arm-none-eabi/lib/thumb/v7e-m+fp/hard/libc_nano.a(libc_a-strlen.o)
                0x08000280                strlen
 .text          0x08000290      0x378 /opt/st/stm32cubeide_1.18.0/plugins/com.st.stm32cube.ide.mcu.externaltools.gnu-tools-for-stm32.13.3.rel1.linux64_1.0.0.202410170706/tools/bin/../lib/gcc/arm-none-eabi/13.3.1/thumb/v7e-m+fp/hard/libgcc.a(_arm_addsubdf3.o)
                0x08000290                __aeabi_drsub
                0x08000298                __aeabi_dsub
                0x08000298                __subdf3
                0x0800029c                __adddf3
                0x0800029c                __aeabi_dadd
                0x08000514                __aeabi_ui2d
                0x08000514                __floatunsidf
                0x08000534                __floatsidf
                0x08000534                __aeabi_i2d
                0x08000558                __extendsfdf2
                0x08000558                __aeabi_f2d
                0x0800059c                __aeabi_ul2d
                0x0800059c                __floatundidf
                0x080005ac                __floatdidf
                0x080005ac                __aeabi_l2d
 .text          0x08000608      0x424 /opt/st/stm32cubeide_1.18.0/plugins/com.st.stm32cube.ide.mcu.externaltools.gnu-tools-for-stm32.13.3.rel1.linux64_1.0.0.202410170706/tools/bin/../lib/gcc/arm-none-eabi/13.3.1/thumb/v7e-m+fp/hard/libgcc.a(_arm_muldivdf3.o)
                0x08000608                __aeabi_dmul
                0x08000608                __muldf3
                0x0800085c                __aeabi_ddiv
                0x0800085c                __divdf3
 .text          0x08000a2c      0x110 /opt/st/stm32cubeide_1.18.0/plugins/com.st.stm32cube.ide.mcu.externaltools.gnu-tools-for-stm32.13.3.rel1.linux64_1.0.0.202410170706/tools/bin/../lib/gcc/arm-none-eabi/13.3.1/thumb/v7e-m+fp/hard/libgcc.a(_arm_cmpdf2.o)
                0x08000a2c                __gtdf2
                0x08000a2c                __gedf2
                0x08000a34                __ltdf2
                0x08000a34                __ledf2
                0x08000a3c                __cmpdf2
                0x08000a3c                __eqdf2
                0x08000a3c                __nedf2
                0x08000ab8                __aeabi_cdrcmple
                0x08000ac8                __aeabi_cdcmple
                0x08000ac8                __aeabi_cdcmpeq
                0x08000ad8                __aeabi_dcmpeq
                0x08000aec                __aeabi_dcmplt
                0x08000b00                __aeabi_dcmple
                0x08000b14                __aeabi_dcmpge
                0x08000b28                __aeabi_dcmpgt
 .text          0x08000b3c       0x2c /opt/st/stm32cubeide_1.18.0/plugins/com.st.stm32cube.ide.mcu.externaltools.gnu-tools-for-stm32.13.3.rel1.linux64_1.0.0.202410170706/tools/bin/../lib/gcc/arm-none-eabi/13.3.1/thumb/v7e-m+fp/hard/libgcc.a(_arm_unorddf2.o)
                0x08000b3c                __aeabi_dcmpun
                0x08000b3c                __unorddf2
 .text          0x08000b68       0x50 /opt/st/stm32cubeide_1.18.0/plugins/com.st.stm32cube.ide.mcu.externaltools.gnu-tools-for-stm32.13.3.rel1.linux64_1.0.0.202410170706/tools/bin/../lib/gcc/arm-none-eabi/13.3.1/thumb/v7e-m+fp/hard/libgcc.a(_arm_fixdfsi.o)
                0x08000b68                __fixdfsi
                0x08000b68                __aeabi_d2iz
 .text          0x08000bb8       0x30 /opt/st/stm32cubeide_1.18.0/plugins/com.st.stm32cube.ide.mcu.externaltools.gnu-tools-for-stm32.13.3.rel1.linux64_1.0.0.202410170706/tools/bin/../lib/gcc/arm-none-eabi/13.3.1/thumb/v7e-m+fp/hard/libgcc.a(_aeabi_uldivmod.o)
                0x08000bb8                __aeabi_uldivmod
 .text          0x08000be8      0x2f8 /opt/st/stm32cubeide_1.18.0/plugins/com.st.stm32cube.ide.mcu.externaltools.gnu-tools-for-stm32.13.3.rel1.linux64_1.0.0.202410170706/tools/bin/../lib/gcc/arm-none-eabi/13.3.1/thumb/v7e-m+fp/hard/libgcc.a(_udivmoddi4.o)
                0x08000be8                __udivmoddi4
 .text          0x08000ee0        0x4 /opt/st/stm32cubeide_1.18.0/plugins/com.st.stm32cube.ide.mcu.externaltools.gnu-tools-for-stm32.13.3.rel1.linux64_1.0.0.202410170706/tools/bin/../lib/gcc/arm-none-eabi/13.3.1/thumb/v7e-m+fp/hard/libgcc.a(_dvmd_tls.o)
                0x08000ee0                __aeabi_ldiv0
                0x08000ee0                __aeabi_idiv0
 *(.text*)
 .text.my_printf
                0x08000ee4       0x4e ./Core/Src/lsm6dsl_hal.o
 *fill*         0x08000f32        0x2 
 .text.lsm6dsl_read_data_polling
                0x08000f34      0x2cc ./Core/Src/lsm6dsl_hal.o
                0x08000f34                lsm6dsl_read_data_polling
 .text.platform_write
                0x08001200       0x3a ./Core/Src/lsm6dsl_hal.o
 .text.platform_read
                0x0800123a       0x3a ./Core/Src/lsm6dsl_hal.o
 .text.platform_delay
                0x08001274       0x16 ./Core/Src/lsm6dsl_hal.o
 .text.lsm6dsl_read_reg
                0x0800128a       0x3c ./Core/Src/lsm6dsl_reg.o
                0x0800128a                lsm6dsl_read_reg
 .text.lsm6dsl_write_reg
                0x080012c6       0x3c ./Core/Src/lsm6dsl_reg.o
                0x080012c6                lsm6dsl_write_reg
 *fill*         0x08001302        0x2 
 .text.lsm6dsl_from_fs2g_to_mg
                0x08001304       0x30 ./Core/Src/lsm6dsl_reg.o
                0x08001304                lsm6dsl_from_fs2g_to_mg
 .text.lsm6dsl_from_fs2000dps_to_mdps
                0x08001334       0x30 ./Core/Src/lsm6dsl_reg.o
                0x08001334                lsm6dsl_from_fs2000dps_to_mdps
 .text.lsm6dsl_from_lsb_to_celsius
                0x08001364       0x38 ./Core/Src/lsm6dsl_reg.o
                0x08001364                lsm6dsl_from_lsb_to_celsius
 .text.lsm6dsl_xl_full_scale_set
                0x0800139c       0x4c ./Core/Src/lsm6dsl_reg.o
                0x0800139c                lsm6dsl_xl_full_scale_set
 .text.lsm6dsl_xl_data_rate_set
                0x080013e8       0x4c ./Core/Src/lsm6dsl_reg.o
                0x080013e8                lsm6dsl_xl_data_rate_set
 .text.lsm6dsl_gy_full_scale_set
                0x08001434       0x4c ./Core/Src/lsm6dsl_reg.o
                0x08001434                lsm6dsl_gy_full_scale_set
 .text.lsm6dsl_gy_data_rate_set
                0x08001480       0x4c ./Core/Src/lsm6dsl_reg.o
                0x08001480                lsm6dsl_gy_data_rate_set
 .text.lsm6dsl_block_data_update_set
                0x080014cc       0x4c ./Core/Src/lsm6dsl_reg.o
                0x080014cc                lsm6dsl_block_data_update_set
 .text.lsm6dsl_status_reg_get
                0x08001518       0x22 ./Core/Src/lsm6dsl_reg.o
                0x08001518                lsm6dsl_status_reg_get
 .text.lsm6dsl_temperature_raw_get
                0x0800153a       0x44 ./Core/Src/lsm6dsl_reg.o
                0x0800153a                lsm6dsl_temperature_raw_get
 .text.lsm6dsl_angular_rate_raw_get
                0x0800157e       0x90 ./Core/Src/lsm6dsl_reg.o
                0x0800157e                lsm6dsl_angular_rate_raw_get
 .text.lsm6dsl_acceleration_raw_get
                0x0800160e       0x90 ./Core/Src/lsm6dsl_reg.o
                0x0800160e                lsm6dsl_acceleration_raw_get
 .text.lsm6dsl_device_id_get
                0x0800169e       0x22 ./Core/Src/lsm6dsl_reg.o
                0x0800169e                lsm6dsl_device_id_get
 .text.lsm6dsl_reset_set
                0x080016c0       0x4c ./Core/Src/lsm6dsl_reg.o
                0x080016c0                lsm6dsl_reset_set
 .text.lsm6dsl_reset_get
                0x0800170c       0x32 ./Core/Src/lsm6dsl_reg.o
                0x0800170c                lsm6dsl_reset_get
 .text.lsm6dsl_xl_filter_analog_set
                0x0800173e       0x4c ./Core/Src/lsm6dsl_reg.o
                0x0800173e                lsm6dsl_xl_filter_analog_set
 .text.lsm6dsl_xl_lp2_bandwidth_set
                0x0800178a       0x6e ./Core/Src/lsm6dsl_reg.o
                0x0800178a                lsm6dsl_xl_lp2_bandwidth_set
 .text.lsm6dsl_gy_band_pass_set
                0x080017f8       0xdc ./Core/Src/lsm6dsl_reg.o
                0x080017f8                lsm6dsl_gy_band_pass_set
 .text.my_printf
                0x080018d4       0x4e ./Core/Src/main.o
 *fill*         0x08001922        0x2 
 .text.main     0x08001924      0x240 ./Core/Src/main.o
                0x08001924                main
 .text.SystemClock_Config
                0x08001b64       0xd0 ./Core/Src/main.o
                0x08001b64                SystemClock_Config
 .text.MX_I2C1_Init
                0x08001c34       0x5c ./Core/Src/main.o
 .text.MX_I2C2_Init
                0x08001c90       0x5c ./Core/Src/main.o
 .text.MX_TIM1_Init
                0x08001cec      0x158 ./Core/Src/main.o
 .text.MX_TIM4_Init
                0x08001e44       0xa8 ./Core/Src/main.o
 .text.MX_TIM5_Init
                0x08001eec       0xa8 ./Core/Src/main.o
 .text.MX_GPIO_Init
                0x08001f94       0xd4 ./Core/Src/main.o
 .text.Error_Handler
                0x08002068        0xc ./Core/Src/main.o
                0x08002068                Error_Handler
 .text.motor_init
                0x08002074       0x54 ./Core/Src/motor_ll.o
                0x08002074                motor_init
 .text.motor_control
                0x080020c8      0x138 ./Core/Src/motor_ll.o
                0x080020c8                motor_control
 .text.motor_set_speed
                0x08002200       0x48 ./Core/Src/motor_ll.o
                0x08002200                motor_set_speed
 .text.encoder_get_tick
                0x08002248       0x58 ./Core/Src/motor_ll.o
                0x08002248                encoder_get_tick
 .text.sendCommand
                0x080022a0       0x40 ./Core/Src/sh1106.o
                0x080022a0                sendCommand
 .text.sh1106_init
                0x080022e0       0x44 ./Core/Src/sh1106.o
                0x080022e0                sh1106_init
 .text.sh1106_sendBuffer
                0x08002324       0x7c ./Core/Src/sh1106.o
                0x08002324                sh1106_sendBuffer
 .text.sh1106_drawPixel
                0x080023a0       0x60 ./Core/Src/sh1106.o
                0x080023a0                sh1106_drawPixel
 .text.sh1106_setAll
                0x08002400       0x3c ./Core/Src/sh1106.o
                0x08002400                sh1106_setAll
 .text.sh1106_drawChar
                0x0800243c       0xb0 ./Core/Src/sh1106.o
                0x0800243c                sh1106_drawChar
 .text.sh1106_print
                0x080024ec       0x4c ./Core/Src/sh1106.o
                0x080024ec                sh1106_print
 .text.HAL_MspInit
                0x08002538       0x50 ./Core/Src/stm32f4xx_hal_msp.o
                0x08002538                HAL_MspInit
 .text.HAL_I2C_MspInit
                0x08002588      0x11c ./Core/Src/stm32f4xx_hal_msp.o
                0x08002588                HAL_I2C_MspInit
 .text.HAL_TIM_Base_MspInit
                0x080026a4       0x44 ./Core/Src/stm32f4xx_hal_msp.o
                0x080026a4                HAL_TIM_Base_MspInit
 .text.HAL_TIM_Encoder_MspInit
                0x080026e8       0xfc ./Core/Src/stm32f4xx_hal_msp.o
                0x080026e8                HAL_TIM_Encoder_MspInit
 .text.HAL_TIM_MspPostInit
                0x080027e4       0x74 ./Core/Src/stm32f4xx_hal_msp.o
                0x080027e4                HAL_TIM_MspPostInit
 .text.NMI_Handler
                0x08002858        0x8 ./Core/Src/stm32f4xx_it.o
                0x08002858                NMI_Handler
 .text.HardFault_Handler
                0x08002860        0x8 ./Core/Src/stm32f4xx_it.o
                0x08002860                HardFault_Handler
 .text.MemManage_Handler
                0x08002868        0x8 ./Core/Src/stm32f4xx_it.o
                0x08002868                MemManage_Handler
 .text.BusFault_Handler
                0x08002870        0x8 ./Core/Src/stm32f4xx_it.o
                0x08002870                BusFault_Handler
 .text.UsageFault_Handler
                0x08002878        0x8 ./Core/Src/stm32f4xx_it.o
                0x08002878                UsageFault_Handler
 .text.SVC_Handler
                0x08002880        0xe ./Core/Src/stm32f4xx_it.o
                0x08002880                SVC_Handler
 .text.DebugMon_Handler
                0x0800288e        0xe ./Core/Src/stm32f4xx_it.o
                0x0800288e                DebugMon_Handler
 .text.PendSV_Handler
                0x0800289c        0xe ./Core/Src/stm32f4xx_it.o
                0x0800289c                PendSV_Handler
 .text.SysTick_Handler
                0x080028aa        0xc ./Core/Src/stm32f4xx_it.o
                0x080028aa                SysTick_Handler
 *fill*         0x080028b6        0x2 
 .text.OTG_FS_IRQHandler
                0x080028b8       0x14 ./Core/Src/stm32f4xx_it.o
                0x080028b8                OTG_FS_IRQHandler
 .text._getpid  0x080028cc       0x10 ./Core/Src/syscalls.o
                0x080028cc                _getpid
 .text._kill    0x080028dc       0x20 ./Core/Src/syscalls.o
                0x080028dc                _kill
 .text._exit    0x080028fc       0x16 ./Core/Src/syscalls.o
                0x080028fc                _exit
 .text._read    0x08002912       0x3a ./Core/Src/syscalls.o
                0x08002912                _read
 .text._write   0x0800294c       0x38 ./Core/Src/syscalls.o
                0x0800294c                _write
 .text._close   0x08002984       0x18 ./Core/Src/syscalls.o
                0x08002984                _close
 .text._fstat   0x0800299c       0x20 ./Core/Src/syscalls.o
                0x0800299c                _fstat
 .text._isatty  0x080029bc       0x16 ./Core/Src/syscalls.o
                0x080029bc                _isatty
 .text._lseek   0x080029d2       0x1a ./Core/Src/syscalls.o
                0x080029d2                _lseek
 .text._sbrk    0x080029ec       0x6c ./Core/Src/sysmem.o
                0x080029ec                _sbrk
 .text.SystemInit
                0x08002a58       0x24 ./Core/Src/system_stm32f4xx.o
                0x08002a58                SystemInit
 .text.selectTCAChannel
                0x08002a7c       0x38 ./Core/Src/tca9548a.o
                0x08002a7c                selectTCAChannel
 .text.my_printf
                0x08002ab4       0x4e ./Core/Src/tcs32725.o
 *fill*         0x08002b02        0x2 
 .text.tcs34725_write8
                0x08002b04       0x40 ./Core/Src/tcs32725.o
                0x08002b04                tcs34725_write8
 .text.read8    0x08002b44       0x50 ./Core/Src/tcs32725.o
                0x08002b44                read8
 .text.read16   0x08002b94       0x54 ./Core/Src/tcs32725.o
                0x08002b94                read16
 .text.enable   0x08002be8       0x1e ./Core/Src/tcs32725.o
                0x08002be8                enable
 *fill*         0x08002c06        0x2 
 .text.tcs32725_begin
                0x08002c08       0x5c ./Core/Src/tcs32725.o
                0x08002c08                tcs32725_begin
 .text.setIntegrationTime
                0x08002c64       0x44 ./Core/Src/tcs32725.o
                0x08002c64                setIntegrationTime
 .text.setGain  0x08002ca8       0x28 ./Core/Src/tcs32725.o
                0x08002ca8                setGain
 .text.getRawData
                0x08002cd0       0xb4 ./Core/Src/tcs32725.o
                0x08002cd0                getRawData
 .text.getRGB   0x08002d84       0xc0 ./Core/Src/tcs32725.o
                0x08002d84                getRGB
 .text.my_printf
                0x08002e44       0x4e ./Core/Src/vl53l0x.o
 *fill*         0x08002e92        0x2 
 .text.i2c_read_addr8_data8
                0x08002e94       0x70 ./Core/Src/vl53l0x.o
                0x08002e94                i2c_read_addr8_data8
 .text.i2c_read_addr8_data16
                0x08002f04       0x88 ./Core/Src/vl53l0x.o
                0x08002f04                i2c_read_addr8_data16
 .text.i2c_write_addr8_data8
                0x08002f8c       0x54 ./Core/Src/vl53l0x.o
                0x08002f8c                i2c_write_addr8_data8
 .text.i2c_read_addr8_data32
                0x08002fe0       0x8c ./Core/Src/vl53l0x.o
                0x08002fe0                i2c_read_addr8_data32
 .text.i2c_write_addr8_bytes
                0x0800306c       0xbc ./Core/Src/vl53l0x.o
                0x0800306c                i2c_write_addr8_bytes
 .text.i2c_read_addr8_bytes
                0x08003128       0x74 ./Core/Src/vl53l0x.o
                0x08003128                i2c_read_addr8_bytes
 .text.device_is_booted
                0x0800319c       0x60 ./Core/Src/vl53l0x.o
 .text.data_init
                0x080031fc      0x11c ./Core/Src/vl53l0x.o
 .text.read_strobe
                0x08003318       0x72 ./Core/Src/vl53l0x.o
 .text.get_spad_info_from_nvm
                0x0800338a      0x29c ./Core/Src/vl53l0x.o
 .text.set_spads_from_nvm
                0x08003626      0x1e2 ./Core/Src/vl53l0x.o
 .text.load_default_tuning_settings
                0x08003808      0x822 ./Core/Src/vl53l0x.o
 .text.configure_interrupt
                0x0800402a       0x82 ./Core/Src/vl53l0x.o
 .text.set_sequence_steps_enabled
                0x080040ac       0x1e ./Core/Src/vl53l0x.o
 .text.static_init
                0x080040ca       0x5c ./Core/Src/vl53l0x.o
 .text.perform_single_ref_calibration
                0x08004126       0xd8 ./Core/Src/vl53l0x.o
 .text.perform_ref_calibration
                0x080041fe       0x4c ./Core/Src/vl53l0x.o
 .text.configure_gpio
                0x0800424a        0xe ./Core/Src/vl53l0x.o
 .text.init_address
                0x08004258       0x48 ./Core/Src/vl53l0x.o
 .text.init_addresses
                0x080042a0       0x44 ./Core/Src/vl53l0x.o
 .text.init_config
                0x080042e4       0x60 ./Core/Src/vl53l0x.o
 .text.vl53l0x_init
                0x08004344       0x60 ./Core/Src/vl53l0x.o
                0x08004344                vl53l0x_init
 .text.vl53l0x_read_range_single
                0x080043a4      0x1b8 ./Core/Src/vl53l0x.o
                0x080043a4                vl53l0x_read_range_single
 .text.Reset_Handler
                0x0800455c       0x50 ./Core/Startup/startup_stm32f411ceux.o
                0x0800455c                Reset_Handler
 .text.Default_Handler
                0x080045ac        0x2 ./Core/Startup/startup_stm32f411ceux.o
                0x080045ac                RTC_Alarm_IRQHandler
                0x080045ac                EXTI2_IRQHandler
                0x080045ac                SPI4_IRQHandler
                0x080045ac                TIM1_CC_IRQHandler
                0x080045ac                DMA2_Stream5_IRQHandler
                0x080045ac                DMA1_Stream5_IRQHandler
                0x080045ac                PVD_IRQHandler
                0x080045ac                SDIO_IRQHandler
                0x080045ac                TAMP_STAMP_IRQHandler
                0x080045ac                EXTI3_IRQHandler
                0x080045ac                TIM1_UP_TIM10_IRQHandler
                0x080045ac                I2C3_ER_IRQHandler
                0x080045ac                EXTI0_IRQHandler
                0x080045ac                I2C2_EV_IRQHandler
                0x080045ac                DMA1_Stream2_IRQHandler
                0x080045ac                FPU_IRQHandler
                0x080045ac                DMA2_Stream2_IRQHandler
                0x080045ac                SPI1_IRQHandler
                0x080045ac                TIM1_BRK_TIM9_IRQHandler
                0x080045ac                DMA2_Stream3_IRQHandler
                0x080045ac                USART6_IRQHandler
                0x080045ac                DMA2_Stream0_IRQHandler
                0x080045ac                TIM4_IRQHandler
                0x080045ac                I2C1_EV_IRQHandler
                0x080045ac                DMA1_Stream6_IRQHandler
                0x080045ac                DMA1_Stream1_IRQHandler
                0x080045ac                TIM3_IRQHandler
                0x080045ac                RCC_IRQHandler
                0x080045ac                Default_Handler
                0x080045ac                EXTI15_10_IRQHandler
                0x080045ac                ADC_IRQHandler
                0x080045ac                DMA1_Stream7_IRQHandler
                0x080045ac                SPI5_IRQHandler
                0x080045ac                TIM5_IRQHandler
                0x080045ac                DMA2_Stream7_IRQHandler
                0x080045ac                I2C3_EV_IRQHandler
                0x080045ac                EXTI9_5_IRQHandler
                0x080045ac                RTC_WKUP_IRQHandler
                0x080045ac                SPI2_IRQHandler
                0x080045ac                DMA1_Stream0_IRQHandler
                0x080045ac                EXTI4_IRQHandler
                0x080045ac                WWDG_IRQHandler
                0x080045ac                TIM2_IRQHandler
                0x080045ac                OTG_FS_WKUP_IRQHandler
                0x080045ac                TIM1_TRG_COM_TIM11_IRQHandler
                0x080045ac                EXTI1_IRQHandler
                0x080045ac                USART2_IRQHandler
                0x080045ac                I2C2_ER_IRQHandler
                0x080045ac                DMA2_Stream1_IRQHandler
                0x080045ac                FLASH_IRQHandler
                0x080045ac                DMA2_Stream4_IRQHandler
                0x080045ac                USART1_IRQHandler
                0x080045ac                SPI3_IRQHandler
                0x080045ac                DMA1_Stream4_IRQHandler
                0x080045ac                I2C1_ER_IRQHandler
                0x080045ac                DMA2_Stream6_IRQHandler
                0x080045ac                DMA1_Stream3_IRQHandler
 *fill*         0x080045ae        0x2 
 .text.HAL_Init
                0x080045b0       0x44 ./Drivers/STM32F4xx_HAL_Driver/Src/stm32f4xx_hal.o
                0x080045b0                HAL_Init
 .text.HAL_InitTick
                0x080045f4       0x60 ./Drivers/STM32F4xx_HAL_Driver/Src/stm32f4xx_hal.o
                0x080045f4                HAL_InitTick
 .text.HAL_IncTick
                0x08004654       0x28 ./Drivers/STM32F4xx_HAL_Driver/Src/stm32f4xx_hal.o
                0x08004654                HAL_IncTick
 .text.HAL_GetTick
                0x0800467c       0x18 ./Drivers/STM32F4xx_HAL_Driver/Src/stm32f4xx_hal.o
                0x0800467c                HAL_GetTick
 .text.HAL_Delay
                0x08004694       0x48 ./Drivers/STM32F4xx_HAL_Driver/Src/stm32f4xx_hal.o
                0x08004694                HAL_Delay
 .text.__NVIC_SetPriorityGrouping
                0x080046dc       0x48 ./Drivers/STM32F4xx_HAL_Driver/Src/stm32f4xx_hal_cortex.o
 .text.__NVIC_GetPriorityGrouping
                0x08004724       0x1c ./Drivers/STM32F4xx_HAL_Driver/Src/stm32f4xx_hal_cortex.o
 .text.__NVIC_EnableIRQ
                0x08004740       0x3c ./Drivers/STM32F4xx_HAL_Driver/Src/stm32f4xx_hal_cortex.o
 .text.__NVIC_SetPriority
                0x0800477c       0x54 ./Drivers/STM32F4xx_HAL_Driver/Src/stm32f4xx_hal_cortex.o
 .text.NVIC_EncodePriority
                0x080047d0       0x66 ./Drivers/STM32F4xx_HAL_Driver/Src/stm32f4xx_hal_cortex.o
 *fill*         0x08004836        0x2 
 .text.SysTick_Config
                0x08004838       0x44 ./Drivers/STM32F4xx_HAL_Driver/Src/stm32f4xx_hal_cortex.o
 .text.HAL_NVIC_SetPriorityGrouping
                0x0800487c       0x16 ./Drivers/STM32F4xx_HAL_Driver/Src/stm32f4xx_hal_cortex.o
                0x0800487c                HAL_NVIC_SetPriorityGrouping
 .text.HAL_NVIC_SetPriority
                0x08004892       0x38 ./Drivers/STM32F4xx_HAL_Driver/Src/stm32f4xx_hal_cortex.o
                0x08004892                HAL_NVIC_SetPriority
 .text.HAL_NVIC_EnableIRQ
                0x080048ca       0x1c ./Drivers/STM32F4xx_HAL_Driver/Src/stm32f4xx_hal_cortex.o
                0x080048ca                HAL_NVIC_EnableIRQ
 .text.HAL_SYSTICK_Config
                0x080048e6       0x18 ./Drivers/STM32F4xx_HAL_Driver/Src/stm32f4xx_hal_cortex.o
                0x080048e6                HAL_SYSTICK_Config
 *fill*         0x080048fe        0x2 
 .text.HAL_GPIO_Init
                0x08004900      0x308 ./Drivers/STM32F4xx_HAL_Driver/Src/stm32f4xx_hal_gpio.o
                0x08004900                HAL_GPIO_Init
 .text.HAL_GPIO_WritePin
                0x08004c08       0x32 ./Drivers/STM32F4xx_HAL_Driver/Src/stm32f4xx_hal_gpio.o
                0x08004c08                HAL_GPIO_WritePin
 *fill*         0x08004c3a        0x2 
 .text.HAL_I2C_Init
                0x08004c3c      0x288 ./Drivers/STM32F4xx_HAL_Driver/Src/stm32f4xx_hal_i2c.o
                0x08004c3c                HAL_I2C_Init
 .text.HAL_I2C_Master_Transmit
                0x08004ec4      0x1fc ./Drivers/STM32F4xx_HAL_Driver/Src/stm32f4xx_hal_i2c.o
                0x08004ec4                HAL_I2C_Master_Transmit
 .text.HAL_I2C_Master_Receive
                0x080050c0      0x464 ./Drivers/STM32F4xx_HAL_Driver/Src/stm32f4xx_hal_i2c.o
                0x080050c0                HAL_I2C_Master_Receive
 .text.HAL_I2C_Mem_Write
                0x08005524      0x1f4 ./Drivers/STM32F4xx_HAL_Driver/Src/stm32f4xx_hal_i2c.o
                0x08005524                HAL_I2C_Mem_Write
 .text.HAL_I2C_Mem_Read
                0x08005718      0x464 ./Drivers/STM32F4xx_HAL_Driver/Src/stm32f4xx_hal_i2c.o
                0x08005718                HAL_I2C_Mem_Read
 .text.I2C_MasterRequestWrite
                0x08005b7c      0x104 ./Drivers/STM32F4xx_HAL_Driver/Src/stm32f4xx_hal_i2c.o
 .text.I2C_MasterRequestRead
                0x08005c80      0x19c ./Drivers/STM32F4xx_HAL_Driver/Src/stm32f4xx_hal_i2c.o
 .text.I2C_RequestMemoryWrite
                0x08005e1c      0x12c ./Drivers/STM32F4xx_HAL_Driver/Src/stm32f4xx_hal_i2c.o
 .text.I2C_RequestMemoryRead
                0x08005f48      0x1d0 ./Drivers/STM32F4xx_HAL_Driver/Src/stm32f4xx_hal_i2c.o
 .text.I2C_WaitOnFlagUntilTimeout
                0x08006118       0xf4 ./Drivers/STM32F4xx_HAL_Driver/Src/stm32f4xx_hal_i2c.o
 .text.I2C_WaitOnMasterAddressFlagUntilTimeout
                0x0800620c      0x140 ./Drivers/STM32F4xx_HAL_Driver/Src/stm32f4xx_hal_i2c.o
 .text.I2C_WaitOnTXEFlagUntilTimeout
                0x0800634c       0x90 ./Drivers/STM32F4xx_HAL_Driver/Src/stm32f4xx_hal_i2c.o
 .text.I2C_WaitOnBTFFlagUntilTimeout
                0x080063dc       0x90 ./Drivers/STM32F4xx_HAL_Driver/Src/stm32f4xx_hal_i2c.o
 .text.I2C_WaitOnRXNEFlagUntilTimeout
                0x0800646c       0xba ./Drivers/STM32F4xx_HAL_Driver/Src/stm32f4xx_hal_i2c.o
 .text.I2C_IsAcknowledgeFailed
                0x08006526       0x5e ./Drivers/STM32F4xx_HAL_Driver/Src/stm32f4xx_hal_i2c.o
 .text.HAL_PCD_Init
                0x08006584      0x21e ./Drivers/STM32F4xx_HAL_Driver/Src/stm32f4xx_hal_pcd.o
                0x08006584                HAL_PCD_Init
 .text.HAL_PCD_Start
                0x080067a2       0x6a ./Drivers/STM32F4xx_HAL_Driver/Src/stm32f4xx_hal_pcd.o
                0x080067a2                HAL_PCD_Start
 .text.HAL_PCD_IRQHandler
                0x0800680c      0x942 ./Drivers/STM32F4xx_HAL_Driver/Src/stm32f4xx_hal_pcd.o
                0x0800680c                HAL_PCD_IRQHandler
 .text.HAL_PCD_SetAddress
                0x0800714e       0x48 ./Drivers/STM32F4xx_HAL_Driver/Src/stm32f4xx_hal_pcd.o
                0x0800714e                HAL_PCD_SetAddress
 .text.HAL_PCD_EP_Open
                0x08007196       0xd4 ./Drivers/STM32F4xx_HAL_Driver/Src/stm32f4xx_hal_pcd.o
                0x08007196                HAL_PCD_EP_Open
 .text.HAL_PCD_EP_Close
                0x0800726a       0x94 ./Drivers/STM32F4xx_HAL_Driver/Src/stm32f4xx_hal_pcd.o
                0x0800726a                HAL_PCD_EP_Close
 .text.HAL_PCD_EP_Receive
                0x080072fe       0x76 ./Drivers/STM32F4xx_HAL_Driver/Src/stm32f4xx_hal_pcd.o
                0x080072fe                HAL_PCD_EP_Receive
 .text.HAL_PCD_EP_GetRxCount
                0x08007374       0x30 ./Drivers/STM32F4xx_HAL_Driver/Src/stm32f4xx_hal_pcd.o
                0x08007374                HAL_PCD_EP_GetRxCount
 .text.HAL_PCD_EP_Transmit
                0x080073a4       0x74 ./Drivers/STM32F4xx_HAL_Driver/Src/stm32f4xx_hal_pcd.o
                0x080073a4                HAL_PCD_EP_Transmit
 .text.HAL_PCD_EP_SetStall
                0x08007418       0xc6 ./Drivers/STM32F4xx_HAL_Driver/Src/stm32f4xx_hal_pcd.o
                0x08007418                HAL_PCD_EP_SetStall
 .text.HAL_PCD_EP_ClrStall
                0x080074de       0xac ./Drivers/STM32F4xx_HAL_Driver/Src/stm32f4xx_hal_pcd.o
                0x080074de                HAL_PCD_EP_ClrStall
 .text.HAL_PCD_EP_Abort
                0x0800758a       0x62 ./Drivers/STM32F4xx_HAL_Driver/Src/stm32f4xx_hal_pcd.o
                0x0800758a                HAL_PCD_EP_Abort
 .text.PCD_WriteEmptyTxFifo
                0x080075ec      0x118 ./Drivers/STM32F4xx_HAL_Driver/Src/stm32f4xx_hal_pcd.o
 .text.PCD_EP_OutXfrComplete_int
                0x08007704      0x1d0 ./Drivers/STM32F4xx_HAL_Driver/Src/stm32f4xx_hal_pcd.o
 .text.PCD_EP_OutSetupPacket_int
                0x080078d4       0x8c ./Drivers/STM32F4xx_HAL_Driver/Src/stm32f4xx_hal_pcd.o
 .text.HAL_PCDEx_SetTxFiFo
                0x08007960       0x8e ./Drivers/STM32F4xx_HAL_Driver/Src/stm32f4xx_hal_pcd_ex.o
                0x08007960                HAL_PCDEx_SetTxFiFo
 .text.HAL_PCDEx_SetRxFiFo
                0x080079ee       0x22 ./Drivers/STM32F4xx_HAL_Driver/Src/stm32f4xx_hal_pcd_ex.o
                0x080079ee                HAL_PCDEx_SetRxFiFo
 .text.HAL_PCDEx_LPM_Callback
                0x08007a10       0x18 ./Drivers/STM32F4xx_HAL_Driver/Src/stm32f4xx_hal_pcd_ex.o
                0x08007a10                HAL_PCDEx_LPM_Callback
 .text.HAL_RCC_OscConfig
                0x08007a28      0x4f0 ./Drivers/STM32F4xx_HAL_Driver/Src/stm32f4xx_hal_rcc.o
                0x08007a28                HAL_RCC_OscConfig
 .text.HAL_RCC_ClockConfig
                0x08007f18      0x1cc ./Drivers/STM32F4xx_HAL_Driver/Src/stm32f4xx_hal_rcc.o
                0x08007f18                HAL_RCC_ClockConfig
 .text.HAL_RCC_GetSysClockFreq
                0x080080e4      0x18c ./Drivers/STM32F4xx_HAL_Driver/Src/stm32f4xx_hal_rcc.o
                0x080080e4                HAL_RCC_GetSysClockFreq
 .text.HAL_RCC_GetHCLKFreq
                0x08008270       0x18 ./Drivers/STM32F4xx_HAL_Driver/Src/stm32f4xx_hal_rcc.o
                0x08008270                HAL_RCC_GetHCLKFreq
 .text.HAL_RCC_GetPCLK1Freq
                0x08008288       0x28 ./Drivers/STM32F4xx_HAL_Driver/Src/stm32f4xx_hal_rcc.o
                0x08008288                HAL_RCC_GetPCLK1Freq
 .text.HAL_TIM_Base_Init
                0x080082b0       0x9e ./Drivers/STM32F4xx_HAL_Driver/Src/stm32f4xx_hal_tim.o
                0x080082b0                HAL_TIM_Base_Init
 .text.HAL_TIM_PWM_Init
                0x0800834e       0x9e ./Drivers/STM32F4xx_HAL_Driver/Src/stm32f4xx_hal_tim.o
                0x0800834e                HAL_TIM_PWM_Init
 .text.HAL_TIM_PWM_MspInit
                0x080083ec       0x14 ./Drivers/STM32F4xx_HAL_Driver/Src/stm32f4xx_hal_tim.o
                0x080083ec                HAL_TIM_PWM_MspInit
 .text.HAL_TIM_PWM_Start
                0x08008400      0x160 ./Drivers/STM32F4xx_HAL_Driver/Src/stm32f4xx_hal_tim.o
                0x08008400                HAL_TIM_PWM_Start
 .text.HAL_TIM_Encoder_Init
                0x08008560      0x14c ./Drivers/STM32F4xx_HAL_Driver/Src/stm32f4xx_hal_tim.o
                0x08008560                HAL_TIM_Encoder_Init
 .text.HAL_TIM_Encoder_Start
                0x080086ac      0x11c ./Drivers/STM32F4xx_HAL_Driver/Src/stm32f4xx_hal_tim.o
                0x080086ac                HAL_TIM_Encoder_Start
 .text.HAL_TIM_PWM_ConfigChannel
                0x080087c8      0x184 ./Drivers/STM32F4xx_HAL_Driver/Src/stm32f4xx_hal_tim.o
                0x080087c8                HAL_TIM_PWM_ConfigChannel
 .text.HAL_TIM_ConfigClockSource
                0x0800894c      0x18e ./Drivers/STM32F4xx_HAL_Driver/Src/stm32f4xx_hal_tim.o
                0x0800894c                HAL_TIM_ConfigClockSource
 *fill*         0x08008ada        0x2 
 .text.TIM_Base_SetConfig
                0x08008adc      0x118 ./Drivers/STM32F4xx_HAL_Driver/Src/stm32f4xx_hal_tim.o
                0x08008adc                TIM_Base_SetConfig
 .text.TIM_OC1_SetConfig
                0x08008bf4       0xcc ./Drivers/STM32F4xx_HAL_Driver/Src/stm32f4xx_hal_tim.o
 .text.TIM_OC2_SetConfig
                0x08008cc0       0xd8 ./Drivers/STM32F4xx_HAL_Driver/Src/stm32f4xx_hal_tim.o
                0x08008cc0                TIM_OC2_SetConfig
 .text.TIM_OC3_SetConfig
                0x08008d98       0xd4 ./Drivers/STM32F4xx_HAL_Driver/Src/stm32f4xx_hal_tim.o
 .text.TIM_OC4_SetConfig
                0x08008e6c       0xa0 ./Drivers/STM32F4xx_HAL_Driver/Src/stm32f4xx_hal_tim.o
 .text.TIM_TI1_ConfigInputStage
                0x08008f0c       0x5e ./Drivers/STM32F4xx_HAL_Driver/Src/stm32f4xx_hal_tim.o
 .text.TIM_TI2_ConfigInputStage
                0x08008f6a       0x60 ./Drivers/STM32F4xx_HAL_Driver/Src/stm32f4xx_hal_tim.o
 .text.TIM_ITRx_SetConfig
                0x08008fca       0x36 ./Drivers/STM32F4xx_HAL_Driver/Src/stm32f4xx_hal_tim.o
 .text.TIM_ETR_SetConfig
                0x08009000       0x40 ./Drivers/STM32F4xx_HAL_Driver/Src/stm32f4xx_hal_tim.o
                0x08009000                TIM_ETR_SetConfig
 .text.TIM_CCxChannelCmd
                0x08009040       0x4a ./Drivers/STM32F4xx_HAL_Driver/Src/stm32f4xx_hal_tim.o
                0x08009040                TIM_CCxChannelCmd
 *fill*         0x0800908a        0x2 
 .text.HAL_TIMEx_MasterConfigSynchronization
                0x0800908c       0xdc ./Drivers/STM32F4xx_HAL_Driver/Src/stm32f4xx_hal_tim_ex.o
                0x0800908c                HAL_TIMEx_MasterConfigSynchronization
 .text.HAL_TIMEx_ConfigBreakDeadTime
                0x08009168       0xa4 ./Drivers/STM32F4xx_HAL_Driver/Src/stm32f4xx_hal_tim_ex.o
                0x08009168                HAL_TIMEx_ConfigBreakDeadTime
 .text.USB_CoreInit
                0x0800920c       0xc8 ./Drivers/STM32F4xx_HAL_Driver/Src/stm32f4xx_ll_usb.o
                0x0800920c                USB_CoreInit
 .text.USB_SetTurnaroundTime
                0x080092d4      0x144 ./Drivers/STM32F4xx_HAL_Driver/Src/stm32f4xx_ll_usb.o
                0x080092d4                USB_SetTurnaroundTime
 .text.USB_EnableGlobalInt
                0x08009418       0x22 ./Drivers/STM32F4xx_HAL_Driver/Src/stm32f4xx_ll_usb.o
                0x08009418                USB_EnableGlobalInt
 .text.USB_DisableGlobalInt
                0x0800943a       0x22 ./Drivers/STM32F4xx_HAL_Driver/Src/stm32f4xx_ll_usb.o
                0x0800943a                USB_DisableGlobalInt
 .text.USB_SetCurrentMode
                0x0800945c       0x98 ./Drivers/STM32F4xx_HAL_Driver/Src/stm32f4xx_ll_usb.o
                0x0800945c                USB_SetCurrentMode
 .text.USB_DevInit
                0x080094f4      0x2c8 ./Drivers/STM32F4xx_HAL_Driver/Src/stm32f4xx_ll_usb.o
                0x080094f4                USB_DevInit
 .text.USB_FlushTxFifo
                0x080097bc       0x64 ./Drivers/STM32F4xx_HAL_Driver/Src/stm32f4xx_ll_usb.o
                0x080097bc                USB_FlushTxFifo
 .text.USB_FlushRxFifo
                0x08009820       0x5c ./Drivers/STM32F4xx_HAL_Driver/Src/stm32f4xx_ll_usb.o
                0x08009820                USB_FlushRxFifo
 .text.USB_SetDevSpeed
                0x0800987c       0x32 ./Drivers/STM32F4xx_HAL_Driver/Src/stm32f4xx_ll_usb.o
                0x0800987c                USB_SetDevSpeed
 .text.USB_GetDevSpeed
                0x080098ae       0x4a ./Drivers/STM32F4xx_HAL_Driver/Src/stm32f4xx_ll_usb.o
                0x080098ae                USB_GetDevSpeed
 .text.USB_ActivateEndpoint
                0x080098f8      0x10e ./Drivers/STM32F4xx_HAL_Driver/Src/stm32f4xx_ll_usb.o
                0x080098f8                USB_ActivateEndpoint
 *fill*         0x08009a06        0x2 
 .text.USB_DeactivateEndpoint
                0x08009a08      0x1b8 ./Drivers/STM32F4xx_HAL_Driver/Src/stm32f4xx_ll_usb.o
                0x08009a08                USB_DeactivateEndpoint
 .text.USB_EPStartXfer
                0x08009bc0      0x53c ./Drivers/STM32F4xx_HAL_Driver/Src/stm32f4xx_ll_usb.o
                0x08009bc0                USB_EPStartXfer
 .text.USB_EPStopXfer
                0x0800a0fc      0x154 ./Drivers/STM32F4xx_HAL_Driver/Src/stm32f4xx_ll_usb.o
                0x0800a0fc                USB_EPStopXfer
 .text.USB_WritePacket
                0x0800a250       0x7c ./Drivers/STM32F4xx_HAL_Driver/Src/stm32f4xx_ll_usb.o
                0x0800a250                USB_WritePacket
 .text.USB_ReadPacket
                0x0800a2cc       0xb0 ./Drivers/STM32F4xx_HAL_Driver/Src/stm32f4xx_ll_usb.o
                0x0800a2cc                USB_ReadPacket
 .text.USB_EPSetStall
                0x0800a37c       0xdc ./Drivers/STM32F4xx_HAL_Driver/Src/stm32f4xx_ll_usb.o
                0x0800a37c                USB_EPSetStall
 .text.USB_EPClearStall
                0x0800a458       0xcc ./Drivers/STM32F4xx_HAL_Driver/Src/stm32f4xx_ll_usb.o
                0x0800a458                USB_EPClearStall
 .text.USB_SetDevAddress
                0x0800a524       0x4c ./Drivers/STM32F4xx_HAL_Driver/Src/stm32f4xx_ll_usb.o
                0x0800a524                USB_SetDevAddress
 .text.USB_DevConnect
                0x0800a570       0x42 ./Drivers/STM32F4xx_HAL_Driver/Src/stm32f4xx_ll_usb.o
                0x0800a570                USB_DevConnect
 .text.USB_DevDisconnect
                0x0800a5b2       0x42 ./Drivers/STM32F4xx_HAL_Driver/Src/stm32f4xx_ll_usb.o
                0x0800a5b2                USB_DevDisconnect
 .text.USB_ReadInterrupts
                0x0800a5f4       0x26 ./Drivers/STM32F4xx_HAL_Driver/Src/stm32f4xx_ll_usb.o
                0x0800a5f4                USB_ReadInterrupts
 .text.USB_ReadDevAllOutEpInterrupt
                0x0800a61a       0x34 ./Drivers/STM32F4xx_HAL_Driver/Src/stm32f4xx_ll_usb.o
                0x0800a61a                USB_ReadDevAllOutEpInterrupt
 .text.USB_ReadDevAllInEpInterrupt
                0x0800a64e       0x34 ./Drivers/STM32F4xx_HAL_Driver/Src/stm32f4xx_ll_usb.o
                0x0800a64e                USB_ReadDevAllInEpInterrupt
 .text.USB_ReadDevOutEPInterrupt
                0x0800a682       0x3c ./Drivers/STM32F4xx_HAL_Driver/Src/stm32f4xx_ll_usb.o
                0x0800a682                USB_ReadDevOutEPInterrupt
 .text.USB_ReadDevInEPInterrupt
                0x0800a6be       0x5c ./Drivers/STM32F4xx_HAL_Driver/Src/stm32f4xx_ll_usb.o
                0x0800a6be                USB_ReadDevInEPInterrupt
 .text.USB_GetMode
                0x0800a71a       0x1c ./Drivers/STM32F4xx_HAL_Driver/Src/stm32f4xx_ll_usb.o
                0x0800a71a                USB_GetMode
 .text.USB_ActivateSetup
                0x0800a736       0x46 ./Drivers/STM32F4xx_HAL_Driver/Src/stm32f4xx_ll_usb.o
                0x0800a736                USB_ActivateSetup
 .text.USB_EP0_OutStart
                0x0800a77c       0xbc ./Drivers/STM32F4xx_HAL_Driver/Src/stm32f4xx_ll_usb.o
                0x0800a77c                USB_EP0_OutStart
 .text.USB_CoreReset
                0x0800a838       0x62 ./Drivers/STM32F4xx_HAL_Driver/Src/stm32f4xx_ll_usb.o
 *fill*         0x0800a89a        0x2 
 .text.USBD_CDC_Init
                0x0800a89c      0x1f0 ./Middlewares/ST/STM32_USB_Device_Library/Class/CDC/Src/usbd_cdc.o
 .text.USBD_CDC_DeInit
                0x0800aa8c      0x104 ./Middlewares/ST/STM32_USB_Device_Library/Class/CDC/Src/usbd_cdc.o
 .text.USBD_CDC_Setup
                0x0800ab90      0x1b8 ./Middlewares/ST/STM32_USB_Device_Library/Class/CDC/Src/usbd_cdc.o
 .text.USBD_CDC_DataIn
                0x0800ad48       0xfe ./Middlewares/ST/STM32_USB_Device_Library/Class/CDC/Src/usbd_cdc.o
 .text.USBD_CDC_DataOut
                0x0800ae46       0x70 ./Middlewares/ST/STM32_USB_Device_Library/Class/CDC/Src/usbd_cdc.o
 .text.USBD_CDC_EP0_RxReady
                0x0800aeb6       0x74 ./Middlewares/ST/STM32_USB_Device_Library/Class/CDC/Src/usbd_cdc.o
 *fill*         0x0800af2a        0x2 
 .text.USBD_CDC_GetFSCfgDesc
                0x0800af2c       0x70 ./Middlewares/ST/STM32_USB_Device_Library/Class/CDC/Src/usbd_cdc.o
 .text.USBD_CDC_GetHSCfgDesc
                0x0800af9c       0x70 ./Middlewares/ST/STM32_USB_Device_Library/Class/CDC/Src/usbd_cdc.o
 .text.USBD_CDC_GetOtherSpeedCfgDesc
                0x0800b00c       0x70 ./Middlewares/ST/STM32_USB_Device_Library/Class/CDC/Src/usbd_cdc.o
 .text.USBD_CDC_GetDeviceQualifierDescriptor
                0x0800b07c       0x20 ./Middlewares/ST/STM32_USB_Device_Library/Class/CDC/Src/usbd_cdc.o
                0x0800b07c                USBD_CDC_GetDeviceQualifierDescriptor
 .text.USBD_CDC_RegisterInterface
                0x0800b09c       0x34 ./Middlewares/ST/STM32_USB_Device_Library/Class/CDC/Src/usbd_cdc.o
                0x0800b09c                USBD_CDC_RegisterInterface
 .text.USBD_CDC_SetTxBuffer
                0x0800b0d0       0x44 ./Middlewares/ST/STM32_USB_Device_Library/Class/CDC/Src/usbd_cdc.o
                0x0800b0d0                USBD_CDC_SetTxBuffer
 .text.USBD_CDC_SetRxBuffer
                0x0800b114       0x3a ./Middlewares/ST/STM32_USB_Device_Library/Class/CDC/Src/usbd_cdc.o
                0x0800b114                USBD_CDC_SetRxBuffer
 *fill*         0x0800b14e        0x2 
 .text.USBD_CDC_TransmitPacket
                0x0800b150       0x80 ./Middlewares/ST/STM32_USB_Device_Library/Class/CDC/Src/usbd_cdc.o
                0x0800b150                USBD_CDC_TransmitPacket
 .text.USBD_CDC_ReceivePacket
                0x0800b1d0       0x6c ./Middlewares/ST/STM32_USB_Device_Library/Class/CDC/Src/usbd_cdc.o
                0x0800b1d0                USBD_CDC_ReceivePacket
 .text.USBD_Init
                0x0800b23c       0x60 ./Middlewares/ST/STM32_USB_Device_Library/Core/Src/usbd_core.o
                0x0800b23c                USBD_Init
 .text.USBD_RegisterClass
                0x0800b29c       0x6c ./Middlewares/ST/STM32_USB_Device_Library/Core/Src/usbd_core.o
                0x0800b29c                USBD_RegisterClass
 .text.USBD_Start
                0x0800b308       0x18 ./Middlewares/ST/STM32_USB_Device_Library/Core/Src/usbd_core.o
                0x0800b308                USBD_Start
 .text.USBD_RunTestMode
                0x0800b320       0x16 ./Middlewares/ST/STM32_USB_Device_Library/Core/Src/usbd_core.o
                0x0800b320                USBD_RunTestMode
 .text.USBD_SetClassConfig
                0x0800b336       0x38 ./Middlewares/ST/STM32_USB_Device_Library/Core/Src/usbd_core.o
                0x0800b336                USBD_SetClassConfig
 .text.USBD_ClrClassConfig
                0x0800b36e       0x34 ./Middlewares/ST/STM32_USB_Device_Library/Core/Src/usbd_core.o
                0x0800b36e                USBD_ClrClassConfig
 .text.USBD_LL_SetupStage
                0x0800b3a2       0xaa ./Middlewares/ST/STM32_USB_Device_Library/Core/Src/usbd_core.o
                0x0800b3a2                USBD_LL_SetupStage
 .text.USBD_LL_DataOutStage
                0x0800b44c      0x166 ./Middlewares/ST/STM32_USB_Device_Library/Core/Src/usbd_core.o
                0x0800b44c                USBD_LL_DataOutStage
 .text.USBD_LL_DataInStage
                0x0800b5b2      0x164 ./Middlewares/ST/STM32_USB_Device_Library/Core/Src/usbd_core.o
                0x0800b5b2                USBD_LL_DataInStage
 .text.USBD_LL_Reset
                0x0800b716       0xa4 ./Middlewares/ST/STM32_USB_Device_Library/Core/Src/usbd_core.o
                0x0800b716                USBD_LL_Reset
 .text.USBD_LL_SetSpeed
                0x0800b7ba       0x20 ./Middlewares/ST/STM32_USB_Device_Library/Core/Src/usbd_core.o
                0x0800b7ba                USBD_LL_SetSpeed
 .text.USBD_LL_Suspend
                0x0800b7da       0x38 ./Middlewares/ST/STM32_USB_Device_Library/Core/Src/usbd_core.o
                0x0800b7da                USBD_LL_Suspend
 .text.USBD_LL_Resume
                0x0800b812       0x30 ./Middlewares/ST/STM32_USB_Device_Library/Core/Src/usbd_core.o
                0x0800b812                USBD_LL_Resume
 .text.USBD_LL_SOF
                0x0800b842       0x40 ./Middlewares/ST/STM32_USB_Device_Library/Core/Src/usbd_core.o
                0x0800b842                USBD_LL_SOF
 .text.USBD_LL_IsoINIncomplete
                0x0800b882       0x64 ./Middlewares/ST/STM32_USB_Device_Library/Core/Src/usbd_core.o
                0x0800b882                USBD_LL_IsoINIncomplete
 .text.USBD_LL_IsoOUTIncomplete
                0x0800b8e6       0x64 ./Middlewares/ST/STM32_USB_Device_Library/Core/Src/usbd_core.o
                0x0800b8e6                USBD_LL_IsoOUTIncomplete
 .text.USBD_LL_DevConnected
                0x0800b94a       0x16 ./Middlewares/ST/STM32_USB_Device_Library/Core/Src/usbd_core.o
                0x0800b94a                USBD_LL_DevConnected
 .text.USBD_LL_DevDisconnected
                0x0800b960       0x46 ./Middlewares/ST/STM32_USB_Device_Library/Core/Src/usbd_core.o
                0x0800b960                USBD_LL_DevDisconnected
 .text.USBD_CoreFindIF
                0x0800b9a6       0x1a ./Middlewares/ST/STM32_USB_Device_Library/Core/Src/usbd_core.o
                0x0800b9a6                USBD_CoreFindIF
 .text.USBD_CoreFindEP
                0x0800b9c0       0x1a ./Middlewares/ST/STM32_USB_Device_Library/Core/Src/usbd_core.o
                0x0800b9c0                USBD_CoreFindEP
 .text.USBD_GetEpDesc
                0x0800b9da       0x70 ./Middlewares/ST/STM32_USB_Device_Library/Core/Src/usbd_core.o
                0x0800b9da                USBD_GetEpDesc
 .text.USBD_GetNextDesc
                0x0800ba4a       0x38 ./Middlewares/ST/STM32_USB_Device_Library/Core/Src/usbd_core.o
                0x0800ba4a                USBD_GetNextDesc
 .text.SWAPBYTE
                0x0800ba82       0x3e ./Middlewares/ST/STM32_USB_Device_Library/Core/Src/usbd_ctlreq.o
 .text.USBD_StdDevReq
                0x0800bac0       0xe4 ./Middlewares/ST/STM32_USB_Device_Library/Core/Src/usbd_ctlreq.o
                0x0800bac0                USBD_StdDevReq
 .text.USBD_StdItfReq
                0x0800bba4       0xd8 ./Middlewares/ST/STM32_USB_Device_Library/Core/Src/usbd_ctlreq.o
                0x0800bba4                USBD_StdItfReq
 .text.USBD_StdEPReq
                0x0800bc7c      0x33a ./Middlewares/ST/STM32_USB_Device_Library/Core/Src/usbd_ctlreq.o
                0x0800bc7c                USBD_StdEPReq
 *fill*         0x0800bfb6        0x2 
 .text.USBD_GetDescriptor
                0x0800bfb8      0x2d4 ./Middlewares/ST/STM32_USB_Device_Library/Core/Src/usbd_ctlreq.o
 .text.USBD_SetAddress
                0x0800c28c       0x88 ./Middlewares/ST/STM32_USB_Device_Library/Core/Src/usbd_ctlreq.o
 .text.USBD_SetConfig
                0x0800c314      0x154 ./Middlewares/ST/STM32_USB_Device_Library/Core/Src/usbd_ctlreq.o
 .text.USBD_GetConfig
                0x0800c468       0x6c ./Middlewares/ST/STM32_USB_Device_Library/Core/Src/usbd_ctlreq.o
 .text.USBD_GetStatus
                0x0800c4d4       0x68 ./Middlewares/ST/STM32_USB_Device_Library/Core/Src/usbd_ctlreq.o
 .text.USBD_SetFeature
                0x0800c53c       0x52 ./Middlewares/ST/STM32_USB_Device_Library/Core/Src/usbd_ctlreq.o
 .text.USBD_ClrFeature
                0x0800c58e       0x44 ./Middlewares/ST/STM32_USB_Device_Library/Core/Src/usbd_ctlreq.o
 .text.USBD_ParseSetupRequest
                0x0800c5d2       0x74 ./Middlewares/ST/STM32_USB_Device_Library/Core/Src/usbd_ctlreq.o
                0x0800c5d2                USBD_ParseSetupRequest
 .text.USBD_CtlError
                0x0800c646       0x22 ./Middlewares/ST/STM32_USB_Device_Library/Core/Src/usbd_ctlreq.o
                0x0800c646                USBD_CtlError
 .text.USBD_GetString
                0x0800c668       0xa4 ./Middlewares/ST/STM32_USB_Device_Library/Core/Src/usbd_ctlreq.o
                0x0800c668                USBD_GetString
 .text.USBD_GetLen
                0x0800c70c       0x34 ./Middlewares/ST/STM32_USB_Device_Library/Core/Src/usbd_ctlreq.o
 .text.USBD_CtlSendData
                0x0800c740       0x36 ./Middlewares/ST/STM32_USB_Device_Library/Core/Src/usbd_ioreq.o
                0x0800c740                USBD_CtlSendData
 .text.USBD_CtlContinueSendData
                0x0800c776       0x22 ./Middlewares/ST/STM32_USB_Device_Library/Core/Src/usbd_ioreq.o
                0x0800c776                USBD_CtlContinueSendData
 .text.USBD_CtlPrepareRx
                0x0800c798       0x3a ./Middlewares/ST/STM32_USB_Device_Library/Core/Src/usbd_ioreq.o
                0x0800c798                USBD_CtlPrepareRx
 .text.USBD_CtlContinueRx
                0x0800c7d2       0x22 ./Middlewares/ST/STM32_USB_Device_Library/Core/Src/usbd_ioreq.o
                0x0800c7d2                USBD_CtlContinueRx
 .text.USBD_CtlSendStatus
                0x0800c7f4       0x26 ./Middlewares/ST/STM32_USB_Device_Library/Core/Src/usbd_ioreq.o
                0x0800c7f4                USBD_CtlSendStatus
 .text.USBD_CtlReceiveStatus
                0x0800c81a       0x26 ./Middlewares/ST/STM32_USB_Device_Library/Core/Src/usbd_ioreq.o
                0x0800c81a                USBD_CtlReceiveStatus
 .text.MX_USB_DEVICE_Init
                0x0800c840       0x60 ./USB_DEVICE/App/usb_device.o
                0x0800c840                MX_USB_DEVICE_Init
 .text.CDC_Init_FS
                0x0800c8a0       0x28 ./USB_DEVICE/App/usbd_cdc_if.o
 .text.CDC_DeInit_FS
                0x0800c8c8       0x10 ./USB_DEVICE/App/usbd_cdc_if.o
 .text.CDC_Control_FS
                0x0800c8d8      0x15c ./USB_DEVICE/App/usbd_cdc_if.o
 .text.CDC_Receive_FS
                0x0800ca34       0x28 ./USB_DEVICE/App/usbd_cdc_if.o
 .text.CDC_Transmit_FS
                0x0800ca5c       0x4c ./USB_DEVICE/App/usbd_cdc_if.o
                0x0800ca5c                CDC_Transmit_FS
 .text.CDC_TransmitCplt_FS
                0x0800caa8       0x22 ./USB_DEVICE/App/usbd_cdc_if.o
 *fill*         0x0800caca        0x2 
 .text.USBD_FS_DeviceDescriptor
                0x0800cacc       0x24 ./USB_DEVICE/App/usbd_desc.o
                0x0800cacc                USBD_FS_DeviceDescriptor
 .text.USBD_FS_LangIDStrDescriptor
                0x0800caf0       0x24 ./USB_DEVICE/App/usbd_desc.o
                0x0800caf0                USBD_FS_LangIDStrDescriptor
 .text.USBD_FS_ProductStrDescriptor
                0x0800cb14       0x3c ./USB_DEVICE/App/usbd_desc.o
                0x0800cb14                USBD_FS_ProductStrDescriptor
 .text.USBD_FS_ManufacturerStrDescriptor
                0x0800cb50       0x28 ./USB_DEVICE/App/usbd_desc.o
                0x0800cb50                USBD_FS_ManufacturerStrDescriptor
 .text.USBD_FS_SerialStrDescriptor
                0x0800cb78       0x24 ./USB_DEVICE/App/usbd_desc.o
                0x0800cb78                USBD_FS_SerialStrDescriptor
 .text.USBD_FS_ConfigStrDescriptor
                0x0800cb9c       0x3c ./USB_DEVICE/App/usbd_desc.o
                0x0800cb9c                USBD_FS_ConfigStrDescriptor
 .text.USBD_FS_InterfaceStrDescriptor
                0x0800cbd8       0x3c ./USB_DEVICE/App/usbd_desc.o
                0x0800cbd8                USBD_FS_InterfaceStrDescriptor
 .text.Get_SerialNum
                0x0800cc14       0x58 ./USB_DEVICE/App/usbd_desc.o
 .text.IntToUnicode
                0x0800cc6c       0x7e ./USB_DEVICE/App/usbd_desc.o
 *fill*         0x0800ccea        0x2 
 .text.HAL_PCD_MspInit
                0x0800ccec       0xa8 ./USB_DEVICE/Target/usbd_conf.o
                0x0800ccec                HAL_PCD_MspInit
 .text.HAL_PCD_SetupStageCallback
                0x0800cd94       0x24 ./USB_DEVICE/Target/usbd_conf.o
                0x0800cd94                HAL_PCD_SetupStageCallback
 .text.HAL_PCD_DataOutStageCallback
                0x0800cdb8       0x36 ./USB_DEVICE/Target/usbd_conf.o
                0x0800cdb8                HAL_PCD_DataOutStageCallback
 .text.HAL_PCD_DataInStageCallback
                0x0800cdee       0x34 ./USB_DEVICE/Target/usbd_conf.o
                0x0800cdee                HAL_PCD_DataInStageCallback
 .text.HAL_PCD_SOFCallback
                0x0800ce22       0x1c ./USB_DEVICE/Target/usbd_conf.o
                0x0800ce22                HAL_PCD_SOFCallback
 .text.HAL_PCD_ResetCallback
                0x0800ce3e       0x3c ./USB_DEVICE/Target/usbd_conf.o
                0x0800ce3e                HAL_PCD_ResetCallback
 *fill*         0x0800ce7a        0x2 
 .text.HAL_PCD_SuspendCallback
                0x0800ce7c       0x4c ./USB_DEVICE/Target/usbd_conf.o
                0x0800ce7c                HAL_PCD_SuspendCallback
 .text.HAL_PCD_ResumeCallback
                0x0800cec8       0x1c ./USB_DEVICE/Target/usbd_conf.o
                0x0800cec8                HAL_PCD_ResumeCallback
 .text.HAL_PCD_ISOOUTIncompleteCallback
                0x0800cee4       0x24 ./USB_DEVICE/Target/usbd_conf.o
                0x0800cee4                HAL_PCD_ISOOUTIncompleteCallback
 .text.HAL_PCD_ISOINIncompleteCallback
                0x0800cf08       0x24 ./USB_DEVICE/Target/usbd_conf.o
                0x0800cf08                HAL_PCD_ISOINIncompleteCallback
 .text.HAL_PCD_ConnectCallback
                0x0800cf2c       0x1c ./USB_DEVICE/Target/usbd_conf.o
                0x0800cf2c                HAL_PCD_ConnectCallback
 .text.HAL_PCD_DisconnectCallback
                0x0800cf48       0x1c ./USB_DEVICE/Target/usbd_conf.o
                0x0800cf48                HAL_PCD_DisconnectCallback
 .text.USBD_LL_Init
                0x0800cf64       0x98 ./USB_DEVICE/Target/usbd_conf.o
                0x0800cf64                USBD_LL_Init
 .text.USBD_LL_Start
                0x0800cffc       0x36 ./USB_DEVICE/Target/usbd_conf.o
                0x0800cffc                USBD_LL_Start
 .text.USBD_LL_OpenEP
                0x0800d032       0x4c ./USB_DEVICE/Target/usbd_conf.o
                0x0800d032                USBD_LL_OpenEP
 .text.USBD_LL_CloseEP
                0x0800d07e       0x3e ./USB_DEVICE/Target/usbd_conf.o
                0x0800d07e                USBD_LL_CloseEP
 .text.USBD_LL_StallEP
                0x0800d0bc       0x3e ./USB_DEVICE/Target/usbd_conf.o
                0x0800d0bc                USBD_LL_StallEP
 .text.USBD_LL_ClearStallEP
                0x0800d0fa       0x3e ./USB_DEVICE/Target/usbd_conf.o
                0x0800d0fa                USBD_LL_ClearStallEP
 .text.USBD_LL_IsStallEP
                0x0800d138       0x58 ./USB_DEVICE/Target/usbd_conf.o
                0x0800d138                USBD_LL_IsStallEP
 .text.USBD_LL_SetUSBAddress
                0x0800d190       0x3e ./USB_DEVICE/Target/usbd_conf.o
                0x0800d190                USBD_LL_SetUSBAddress
 .text.USBD_LL_Transmit
                0x0800d1ce       0x42 ./USB_DEVICE/Target/usbd_conf.o
                0x0800d1ce                USBD_LL_Transmit
 .text.USBD_LL_PrepareReceive
                0x0800d210       0x42 ./USB_DEVICE/Target/usbd_conf.o
                0x0800d210                USBD_LL_PrepareReceive
 .text.USBD_LL_GetRxDataSize
                0x0800d252       0x26 ./USB_DEVICE/Target/usbd_conf.o
                0x0800d252                USBD_LL_GetRxDataSize
 .text.USBD_static_malloc
                0x0800d278       0x1c ./USB_DEVICE/Target/usbd_conf.o
                0x0800d278                USBD_static_malloc
 .text.USBD_static_free
                0x0800d294       0x14 ./USB_DEVICE/Target/usbd_conf.o
                0x0800d294                USBD_static_free
 .text.USBD_Get_USB_Status
                0x0800d2a8       0x58 ./USB_DEVICE/Target/usbd_conf.o
                0x0800d2a8                USBD_Get_USB_Status
 .text.__cvt    0x0800d300       0xca /opt/st/stm32cubeide_1.18.0/plugins/com.st.stm32cube.ide.mcu.externaltools.gnu-tools-for-stm32.13.3.rel1.linux64_1.0.0.202410170706/tools/bin/../lib/gcc/arm-none-eabi/13.3.1/../../../../arm-none-eabi/lib/thumb/v7e-m+fp/hard/libc_nano.a(libc_a-nano-vfprintf_float.o)
                0x0800d300                __cvt
 .text.__exponent
                0x0800d3ca       0x74 /opt/st/stm32cubeide_1.18.0/plugins/com.st.stm32cube.ide.mcu.externaltools.gnu-tools-for-stm32.13.3.rel1.linux64_1.0.0.202410170706/tools/bin/../lib/gcc/arm-none-eabi/13.3.1/../../../../arm-none-eabi/lib/thumb/v7e-m+fp/hard/libc_nano.a(libc_a-nano-vfprintf_float.o)
                0x0800d3ca                __exponent
 *fill*         0x0800d43e        0x2 
 .text._printf_float
                0x0800d440      0x454 /opt/st/stm32cubeide_1.18.0/plugins/com.st.stm32cube.ide.mcu.externaltools.gnu-tools-for-stm32.13.3.rel1.linux64_1.0.0.202410170706/tools/bin/../lib/gcc/arm-none-eabi/13.3.1/../../../../arm-none-eabi/lib/thumb/v7e-m+fp/hard/libc_nano.a(libc_a-nano-vfprintf_float.o)
                0x0800d440                _printf_float
 .text._printf_common
                0x0800d894       0xda /opt/st/stm32cubeide_1.18.0/plugins/com.st.stm32cube.ide.mcu.externaltools.gnu-tools-for-stm32.13.3.rel1.linux64_1.0.0.202410170706/tools/bin/../lib/gcc/arm-none-eabi/13.3.1/../../../../arm-none-eabi/lib/thumb/v7e-m+fp/hard/libc_nano.a(libc_a-nano-vfprintf_i.o)
                0x0800d894                _printf_common
 *fill*         0x0800d96e        0x2 
 .text._printf_i
                0x0800d970      0x23c /opt/st/stm32cubeide_1.18.0/plugins/com.st.stm32cube.ide.mcu.externaltools.gnu-tools-for-stm32.13.3.rel1.linux64_1.0.0.202410170706/tools/bin/../lib/gcc/arm-none-eabi/13.3.1/../../../../arm-none-eabi/lib/thumb/v7e-m+fp/hard/libc_nano.a(libc_a-nano-vfprintf_i.o)
                0x0800d970                _printf_i
 .text.std      0x0800dbac       0x6c /opt/st/stm32cubeide_1.18.0/plugins/com.st.stm32cube.ide.mcu.externaltools.gnu-tools-for-stm32.13.3.rel1.linux64_1.0.0.202410170706/tools/bin/../lib/gcc/arm-none-eabi/13.3.1/../../../../arm-none-eabi/lib/thumb/v7e-m+fp/hard/libc_nano.a(libc_a-findfp.o)
 .text.stdio_exit_handler
                0x0800dc18       0x18 /opt/st/stm32cubeide_1.18.0/plugins/com.st.stm32cube.ide.mcu.externaltools.gnu-tools-for-stm32.13.3.rel1.linux64_1.0.0.202410170706/tools/bin/../lib/gcc/arm-none-eabi/13.3.1/../../../../arm-none-eabi/lib/thumb/v7e-m+fp/hard/libc_nano.a(libc_a-findfp.o)
 .text.cleanup_stdio
                0x0800dc30       0x40 /opt/st/stm32cubeide_1.18.0/plugins/com.st.stm32cube.ide.mcu.externaltools.gnu-tools-for-stm32.13.3.rel1.linux64_1.0.0.202410170706/tools/bin/../lib/gcc/arm-none-eabi/13.3.1/../../../../arm-none-eabi/lib/thumb/v7e-m+fp/hard/libc_nano.a(libc_a-findfp.o)
 .text.global_stdio_init.part.0
                0x0800dc70       0x3c /opt/st/stm32cubeide_1.18.0/plugins/com.st.stm32cube.ide.mcu.externaltools.gnu-tools-for-stm32.13.3.rel1.linux64_1.0.0.202410170706/tools/bin/../lib/gcc/arm-none-eabi/13.3.1/../../../../arm-none-eabi/lib/thumb/v7e-m+fp/hard/libc_nano.a(libc_a-findfp.o)
 .text.__sfp_lock_acquire
                0x0800dcac        0xc /opt/st/stm32cubeide_1.18.0/plugins/com.st.stm32cube.ide.mcu.externaltools.gnu-tools-for-stm32.13.3.rel1.linux64_1.0.0.202410170706/tools/bin/../lib/gcc/arm-none-eabi/13.3.1/../../../../arm-none-eabi/lib/thumb/v7e-m+fp/hard/libc_nano.a(libc_a-findfp.o)
                0x0800dcac                __sfp_lock_acquire
 .text.__sfp_lock_release
                0x0800dcb8        0xc /opt/st/stm32cubeide_1.18.0/plugins/com.st.stm32cube.ide.mcu.externaltools.gnu-tools-for-stm32.13.3.rel1.linux64_1.0.0.202410170706/tools/bin/../lib/gcc/arm-none-eabi/13.3.1/../../../../arm-none-eabi/lib/thumb/v7e-m+fp/hard/libc_nano.a(libc_a-findfp.o)
                0x0800dcb8                __sfp_lock_release
 .text.__sinit  0x0800dcc4       0x30 /opt/st/stm32cubeide_1.18.0/plugins/com.st.stm32cube.ide.mcu.externaltools.gnu-tools-for-stm32.13.3.rel1.linux64_1.0.0.202410170706/tools/bin/../lib/gcc/arm-none-eabi/13.3.1/../../../../arm-none-eabi/lib/thumb/v7e-m+fp/hard/libc_nano.a(libc_a-findfp.o)
                0x0800dcc4                __sinit
 .text._fwalk_sglue
                0x0800dcf4       0x3c /opt/st/stm32cubeide_1.18.0/plugins/com.st.stm32cube.ide.mcu.externaltools.gnu-tools-for-stm32.13.3.rel1.linux64_1.0.0.202410170706/tools/bin/../lib/gcc/arm-none-eabi/13.3.1/../../../../arm-none-eabi/lib/thumb/v7e-m+fp/hard/libc_nano.a(libc_a-fwalk.o)
                0x0800dcf4                _fwalk_sglue
 .text.printf   0x0800dd30       0x24 /opt/st/stm32cubeide_1.18.0/plugins/com.st.stm32cube.ide.mcu.externaltools.gnu-tools-for-stm32.13.3.rel1.linux64_1.0.0.202410170706/tools/bin/../lib/gcc/arm-none-eabi/13.3.1/../../../../arm-none-eabi/lib/thumb/v7e-m+fp/hard/libc_nano.a(libc_a-printf.o)
                0x0800dd30                printf
                0x0800dd30                iprintf
 .text._puts_r  0x0800dd54       0xaa /opt/st/stm32cubeide_1.18.0/plugins/com.st.stm32cube.ide.mcu.externaltools.gnu-tools-for-stm32.13.3.rel1.linux64_1.0.0.202410170706/tools/bin/../lib/gcc/arm-none-eabi/13.3.1/../../../../arm-none-eabi/lib/thumb/v7e-m+fp/hard/libc_nano.a(libc_a-puts.o)
                0x0800dd54                _puts_r
 *fill*         0x0800ddfe        0x2 
 .text.puts     0x0800de00       0x10 /opt/st/stm32cubeide_1.18.0/plugins/com.st.stm32cube.ide.mcu.externaltools.gnu-tools-for-stm32.13.3.rel1.linux64_1.0.0.202410170706/tools/bin/../lib/gcc/arm-none-eabi/13.3.1/../../../../arm-none-eabi/lib/thumb/v7e-m+fp/hard/libc_nano.a(libc_a-puts.o)
                0x0800de00                puts
 .text.__sread  0x0800de10       0x22 /opt/st/stm32cubeide_1.18.0/plugins/com.st.stm32cube.ide.mcu.externaltools.gnu-tools-for-stm32.13.3.rel1.linux64_1.0.0.202410170706/tools/bin/../lib/gcc/arm-none-eabi/13.3.1/../../../../arm-none-eabi/lib/thumb/v7e-m+fp/hard/libc_nano.a(libc_a-stdio.o)
                0x0800de10                __sread
 .text.__swrite
                0x0800de32       0x38 /opt/st/stm32cubeide_1.18.0/plugins/com.st.stm32cube.ide.mcu.externaltools.gnu-tools-for-stm32.13.3.rel1.linux64_1.0.0.202410170706/tools/bin/../lib/gcc/arm-none-eabi/13.3.1/../../../../arm-none-eabi/lib/thumb/v7e-m+fp/hard/libc_nano.a(libc_a-stdio.o)
                0x0800de32                __swrite
 .text.__sseek  0x0800de6a       0x24 /opt/st/stm32cubeide_1.18.0/plugins/com.st.stm32cube.ide.mcu.externaltools.gnu-tools-for-stm32.13.3.rel1.linux64_1.0.0.202410170706/tools/bin/../lib/gcc/arm-none-eabi/13.3.1/../../../../arm-none-eabi/lib/thumb/v7e-m+fp/hard/libc_nano.a(libc_a-stdio.o)
                0x0800de6a                __sseek
 .text.__sclose
                0x0800de8e        0x8 /opt/st/stm32cubeide_1.18.0/plugins/com.st.stm32cube.ide.mcu.externaltools.gnu-tools-for-stm32.13.3.rel1.linux64_1.0.0.202410170706/tools/bin/../lib/gcc/arm-none-eabi/13.3.1/../../../../arm-none-eabi/lib/thumb/v7e-m+fp/hard/libc_nano.a(libc_a-stdio.o)
                0x0800de8e                __sclose
 .text._vsnprintf_r
                0x0800de96       0x5c /opt/st/stm32cubeide_1.18.0/plugins/com.st.stm32cube.ide.mcu.externaltools.gnu-tools-for-stm32.13.3.rel1.linux64_1.0.0.202410170706/tools/bin/../lib/gcc/arm-none-eabi/13.3.1/../../../../arm-none-eabi/lib/thumb/v7e-m+fp/hard/libc_nano.a(libc_a-vsnprintf.o)
                0x0800de96                _vsnprintf_r
                0x0800de96                _vsniprintf_r
 *fill*         0x0800def2        0x2 
 .text.vsnprintf
                0x0800def4       0x1c /opt/st/stm32cubeide_1.18.0/plugins/com.st.stm32cube.ide.mcu.externaltools.gnu-tools-for-stm32.13.3.rel1.linux64_1.0.0.202410170706/tools/bin/../lib/gcc/arm-none-eabi/13.3.1/../../../../arm-none-eabi/lib/thumb/v7e-m+fp/hard/libc_nano.a(libc_a-vsnprintf.o)
                0x0800def4                vsnprintf
                0x0800def4                vsniprintf
 .text.__swbuf_r
                0x0800df10       0x7c /opt/st/stm32cubeide_1.18.0/plugins/com.st.stm32cube.ide.mcu.externaltools.gnu-tools-for-stm32.13.3.rel1.linux64_1.0.0.202410170706/tools/bin/../lib/gcc/arm-none-eabi/13.3.1/../../../../arm-none-eabi/lib/thumb/v7e-m+fp/hard/libc_nano.a(libc_a-wbuf.o)
                0x0800df10                __swbuf_r
 .text.__swsetup_r
                0x0800df8c       0xac /opt/st/stm32cubeide_1.18.0/plugins/com.st.stm32cube.ide.mcu.externaltools.gnu-tools-for-stm32.13.3.rel1.linux64_1.0.0.202410170706/tools/bin/../lib/gcc/arm-none-eabi/13.3.1/../../../../arm-none-eabi/lib/thumb/v7e-m+fp/hard/libc_nano.a(libc_a-wsetup.o)
                0x0800df8c                __swsetup_r
 .text.memset   0x0800e038       0x10 /opt/st/stm32cubeide_1.18.0/plugins/com.st.stm32cube.ide.mcu.externaltools.gnu-tools-for-stm32.13.3.rel1.linux64_1.0.0.202410170706/tools/bin/../lib/gcc/arm-none-eabi/13.3.1/../../../../arm-none-eabi/lib/thumb/v7e-m+fp/hard/libc_nano.a(libc_a-memset.o)
                0x0800e038                memset
 .text._localeconv_r
                0x0800e048        0x8 /opt/st/stm32cubeide_1.18.0/plugins/com.st.stm32cube.ide.mcu.externaltools.gnu-tools-for-stm32.13.3.rel1.linux64_1.0.0.202410170706/tools/bin/../lib/gcc/arm-none-eabi/13.3.1/../../../../arm-none-eabi/lib/thumb/v7e-m+fp/hard/libc_nano.a(libc_a-localeconv.o)
                0x0800e048                _localeconv_r
 .text._close_r
                0x0800e050       0x20 /opt/st/stm32cubeide_1.18.0/plugins/com.st.stm32cube.ide.mcu.externaltools.gnu-tools-for-stm32.13.3.rel1.linux64_1.0.0.202410170706/tools/bin/../lib/gcc/arm-none-eabi/13.3.1/../../../../arm-none-eabi/lib/thumb/v7e-m+fp/hard/libc_nano.a(libc_a-closer.o)
                0x0800e050                _close_r
 .text._lseek_r
                0x0800e070       0x24 /opt/st/stm32cubeide_1.18.0/plugins/com.st.stm32cube.ide.mcu.externaltools.gnu-tools-for-stm32.13.3.rel1.linux64_1.0.0.202410170706/tools/bin/../lib/gcc/arm-none-eabi/13.3.1/../../../../arm-none-eabi/lib/thumb/v7e-m+fp/hard/libc_nano.a(libc_a-lseekr.o)
                0x0800e070                _lseek_r
 .text._read_r  0x0800e094       0x24 /opt/st/stm32cubeide_1.18.0/plugins/com.st.stm32cube.ide.mcu.externaltools.gnu-tools-for-stm32.13.3.rel1.linux64_1.0.0.202410170706/tools/bin/../lib/gcc/arm-none-eabi/13.3.1/../../../../arm-none-eabi/lib/thumb/v7e-m+fp/hard/libc_nano.a(libc_a-readr.o)
                0x0800e094                _read_r
 .text._write_r
                0x0800e0b8       0x24 /opt/st/stm32cubeide_1.18.0/plugins/com.st.stm32cube.ide.mcu.externaltools.gnu-tools-for-stm32.13.3.rel1.linux64_1.0.0.202410170706/tools/bin/../lib/gcc/arm-none-eabi/13.3.1/../../../../arm-none-eabi/lib/thumb/v7e-m+fp/hard/libc_nano.a(libc_a-writer.o)
                0x0800e0b8                _write_r
 .text.__errno  0x0800e0dc        0xc /opt/st/stm32cubeide_1.18.0/plugins/com.st.stm32cube.ide.mcu.externaltools.gnu-tools-for-stm32.13.3.rel1.linux64_1.0.0.202410170706/tools/bin/../lib/gcc/arm-none-eabi/13.3.1/../../../../arm-none-eabi/lib/thumb/v7e-m+fp/hard/libc_nano.a(libc_a-errno.o)
                0x0800e0dc                __errno
 .text.__libc_init_array
                0x0800e0e8       0x48 /opt/st/stm32cubeide_1.18.0/plugins/com.st.stm32cube.ide.mcu.externaltools.gnu-tools-for-stm32.13.3.rel1.linux64_1.0.0.202410170706/tools/bin/../lib/gcc/arm-none-eabi/13.3.1/../../../../arm-none-eabi/lib/thumb/v7e-m+fp/hard/libc_nano.a(libc_a-init.o)
                0x0800e0e8                __libc_init_array
 .text.__retarget_lock_init_recursive
                0x0800e130        0x2 /opt/st/stm32cubeide_1.18.0/plugins/com.st.stm32cube.ide.mcu.externaltools.gnu-tools-for-stm32.13.3.rel1.linux64_1.0.0.202410170706/tools/bin/../lib/gcc/arm-none-eabi/13.3.1/../../../../arm-none-eabi/lib/thumb/v7e-m+fp/hard/libc_nano.a(libc_a-lock.o)
                0x0800e130                __retarget_lock_init_recursive
 .text.__retarget_lock_acquire_recursive
                0x0800e132        0x2 /opt/st/stm32cubeide_1.18.0/plugins/com.st.stm32cube.ide.mcu.externaltools.gnu-tools-for-stm32.13.3.rel1.linux64_1.0.0.202410170706/tools/bin/../lib/gcc/arm-none-eabi/13.3.1/../../../../arm-none-eabi/lib/thumb/v7e-m+fp/hard/libc_nano.a(libc_a-lock.o)
                0x0800e132                __retarget_lock_acquire_recursive
 .text.__retarget_lock_release_recursive
                0x0800e134        0x2 /opt/st/stm32cubeide_1.18.0/plugins/com.st.stm32cube.ide.mcu.externaltools.gnu-tools-for-stm32.13.3.rel1.linux64_1.0.0.202410170706/tools/bin/../lib/gcc/arm-none-eabi/13.3.1/../../../../arm-none-eabi/lib/thumb/v7e-m+fp/hard/libc_nano.a(libc_a-lock.o)
                0x0800e134                __retarget_lock_release_recursive
 .text.memcpy   0x0800e136       0x1c /opt/st/stm32cubeide_1.18.0/plugins/com.st.stm32cube.ide.mcu.externaltools.gnu-tools-for-stm32.13.3.rel1.linux64_1.0.0.202410170706/tools/bin/../lib/gcc/arm-none-eabi/13.3.1/../../../../arm-none-eabi/lib/thumb/v7e-m+fp/hard/libc_nano.a(libc_a-memcpy-stub.o)
                0x0800e136                memcpy
 .text.quorem   0x0800e152      0x110 /opt/st/stm32cubeide_1.18.0/plugins/com.st.stm32cube.ide.mcu.externaltools.gnu-tools-for-stm32.13.3.rel1.linux64_1.0.0.202410170706/tools/bin/../lib/gcc/arm-none-eabi/13.3.1/../../../../arm-none-eabi/lib/thumb/v7e-m+fp/hard/libc_nano.a(libc_a-dtoa.o)
 *fill*         0x0800e262        0x6 
 .text._dtoa_r  0x0800e268      0xba0 /opt/st/stm32cubeide_1.18.0/plugins/com.st.stm32cube.ide.mcu.externaltools.gnu-tools-for-stm32.13.3.rel1.linux64_1.0.0.202410170706/tools/bin/../lib/gcc/arm-none-eabi/13.3.1/../../../../arm-none-eabi/lib/thumb/v7e-m+fp/hard/libc_nano.a(libc_a-dtoa.o)
                0x0800e268                _dtoa_r
 .text._free_r  0x0800ee08       0x94 /opt/st/stm32cubeide_1.18.0/plugins/com.st.stm32cube.ide.mcu.externaltools.gnu-tools-for-stm32.13.3.rel1.linux64_1.0.0.202410170706/tools/bin/../lib/gcc/arm-none-eabi/13.3.1/../../../../arm-none-eabi/lib/thumb/v7e-m+fp/hard/libc_nano.a(libc_a-freer.o)
                0x0800ee08                _free_r
 .text.malloc   0x0800ee9c       0x10 /opt/st/stm32cubeide_1.18.0/plugins/com.st.stm32cube.ide.mcu.externaltools.gnu-tools-for-stm32.13.3.rel1.linux64_1.0.0.202410170706/tools/bin/../lib/gcc/arm-none-eabi/13.3.1/../../../../arm-none-eabi/lib/thumb/v7e-m+fp/hard/libc_nano.a(libc_a-malloc.o)
                0x0800ee9c                malloc
 .text.sbrk_aligned
                0x0800eeac       0x44 /opt/st/stm32cubeide_1.18.0/plugins/com.st.stm32cube.ide.mcu.externaltools.gnu-tools-for-stm32.13.3.rel1.linux64_1.0.0.202410170706/tools/bin/../lib/gcc/arm-none-eabi/13.3.1/../../../../arm-none-eabi/lib/thumb/v7e-m+fp/hard/libc_nano.a(libc_a-mallocr.o)
 .text._malloc_r
                0x0800eef0      0x100 /opt/st/stm32cubeide_1.18.0/plugins/com.st.stm32cube.ide.mcu.externaltools.gnu-tools-for-stm32.13.3.rel1.linux64_1.0.0.202410170706/tools/bin/../lib/gcc/arm-none-eabi/13.3.1/../../../../arm-none-eabi/lib/thumb/v7e-m+fp/hard/libc_nano.a(libc_a-mallocr.o)
                0x0800eef0                _malloc_r
 .text.__malloc_lock
                0x0800eff0        0xc /opt/st/stm32cubeide_1.18.0/plugins/com.st.stm32cube.ide.mcu.externaltools.gnu-tools-for-stm32.13.3.rel1.linux64_1.0.0.202410170706/tools/bin/../lib/gcc/arm-none-eabi/13.3.1/../../../../arm-none-eabi/lib/thumb/v7e-m+fp/hard/libc_nano.a(libc_a-mlock.o)
                0x0800eff0                __malloc_lock
 .text.__malloc_unlock
                0x0800effc        0xc /opt/st/stm32cubeide_1.18.0/plugins/com.st.stm32cube.ide.mcu.externaltools.gnu-tools-for-stm32.13.3.rel1.linux64_1.0.0.202410170706/tools/bin/../lib/gcc/arm-none-eabi/13.3.1/../../../../arm-none-eabi/lib/thumb/v7e-m+fp/hard/libc_nano.a(libc_a-mlock.o)
                0x0800effc                __malloc_unlock
 .text._Balloc  0x0800f008       0x80 /opt/st/stm32cubeide_1.18.0/plugins/com.st.stm32cube.ide.mcu.externaltools.gnu-tools-for-stm32.13.3.rel1.linux64_1.0.0.202410170706/tools/bin/../lib/gcc/arm-none-eabi/13.3.1/../../../../arm-none-eabi/lib/thumb/v7e-m+fp/hard/libc_nano.a(libc_a-mprec.o)
                0x0800f008                _Balloc
 .text._Bfree   0x0800f088       0x44 /opt/st/stm32cubeide_1.18.0/plugins/com.st.stm32cube.ide.mcu.externaltools.gnu-tools-for-stm32.13.3.rel1.linux64_1.0.0.202410170706/tools/bin/../lib/gcc/arm-none-eabi/13.3.1/../../../../arm-none-eabi/lib/thumb/v7e-m+fp/hard/libc_nano.a(libc_a-mprec.o)
                0x0800f088                _Bfree
 .text.__multadd
                0x0800f0cc       0x8c /opt/st/stm32cubeide_1.18.0/plugins/com.st.stm32cube.ide.mcu.externaltools.gnu-tools-for-stm32.13.3.rel1.linux64_1.0.0.202410170706/tools/bin/../lib/gcc/arm-none-eabi/13.3.1/../../../../arm-none-eabi/lib/thumb/v7e-m+fp/hard/libc_nano.a(libc_a-mprec.o)
                0x0800f0cc                __multadd
 .text.__hi0bits
                0x0800f158       0x3e /opt/st/stm32cubeide_1.18.0/plugins/com.st.stm32cube.ide.mcu.externaltools.gnu-tools-for-stm32.13.3.rel1.linux64_1.0.0.202410170706/tools/bin/../lib/gcc/arm-none-eabi/13.3.1/../../../../arm-none-eabi/lib/thumb/v7e-m+fp/hard/libc_nano.a(libc_a-mprec.o)
                0x0800f158                __hi0bits
 .text.__lo0bits
                0x0800f196       0x5a /opt/st/stm32cubeide_1.18.0/plugins/com.st.stm32cube.ide.mcu.externaltools.gnu-tools-for-stm32.13.3.rel1.linux64_1.0.0.202410170706/tools/bin/../lib/gcc/arm-none-eabi/13.3.1/../../../../arm-none-eabi/lib/thumb/v7e-m+fp/hard/libc_nano.a(libc_a-mprec.o)
                0x0800f196                __lo0bits
 .text.__i2b    0x0800f1f0       0x2c /opt/st/stm32cubeide_1.18.0/plugins/com.st.stm32cube.ide.mcu.externaltools.gnu-tools-for-stm32.13.3.rel1.linux64_1.0.0.202410170706/tools/bin/../lib/gcc/arm-none-eabi/13.3.1/../../../../arm-none-eabi/lib/thumb/v7e-m+fp/hard/libc_nano.a(libc_a-mprec.o)
                0x0800f1f0                __i2b
 .text.__multiply
                0x0800f21c      0x144 /opt/st/stm32cubeide_1.18.0/plugins/com.st.stm32cube.ide.mcu.externaltools.gnu-tools-for-stm32.13.3.rel1.linux64_1.0.0.202410170706/tools/bin/../lib/gcc/arm-none-eabi/13.3.1/../../../../arm-none-eabi/lib/thumb/v7e-m+fp/hard/libc_nano.a(libc_a-mprec.o)
                0x0800f21c                __multiply
 .text.__pow5mult
                0x0800f360       0xb4 /opt/st/stm32cubeide_1.18.0/plugins/com.st.stm32cube.ide.mcu.externaltools.gnu-tools-for-stm32.13.3.rel1.linux64_1.0.0.202410170706/tools/bin/../lib/gcc/arm-none-eabi/13.3.1/../../../../arm-none-eabi/lib/thumb/v7e-m+fp/hard/libc_nano.a(libc_a-mprec.o)
                0x0800f360                __pow5mult
 .text.__lshift
                0x0800f414       0xd8 /opt/st/stm32cubeide_1.18.0/plugins/com.st.stm32cube.ide.mcu.externaltools.gnu-tools-for-stm32.13.3.rel1.linux64_1.0.0.202410170706/tools/bin/../lib/gcc/arm-none-eabi/13.3.1/../../../../arm-none-eabi/lib/thumb/v7e-m+fp/hard/libc_nano.a(libc_a-mprec.o)
                0x0800f414                __lshift
 .text.__mcmp   0x0800f4ec       0x36 /opt/st/stm32cubeide_1.18.0/plugins/com.st.stm32cube.ide.mcu.externaltools.gnu-tools-for-stm32.13.3.rel1.linux64_1.0.0.202410170706/tools/bin/../lib/gcc/arm-none-eabi/13.3.1/../../../../arm-none-eabi/lib/thumb/v7e-m+fp/hard/libc_nano.a(libc_a-mprec.o)
                0x0800f4ec                __mcmp
 *fill*         0x0800f522        0x2 
 .text.__mdiff  0x0800f524      0x128 /opt/st/stm32cubeide_1.18.0/plugins/com.st.stm32cube.ide.mcu.externaltools.gnu-tools-for-stm32.13.3.rel1.linux64_1.0.0.202410170706/tools/bin/../lib/gcc/arm-none-eabi/13.3.1/../../../../arm-none-eabi/lib/thumb/v7e-m+fp/hard/libc_nano.a(libc_a-mprec.o)
                0x0800f524                __mdiff
 .text.__d2b    0x0800f64c       0xb0 /opt/st/stm32cubeide_1.18.0/plugins/com.st.stm32cube.ide.mcu.externaltools.gnu-tools-for-stm32.13.3.rel1.linux64_1.0.0.202410170706/tools/bin/../lib/gcc/arm-none-eabi/13.3.1/../../../../arm-none-eabi/lib/thumb/v7e-m+fp/hard/libc_nano.a(libc_a-mprec.o)
                0x0800f64c                __d2b
 .text.__ssputs_r
                0x0800f6fc       0xb6 /opt/st/stm32cubeide_1.18.0/plugins/com.st.stm32cube.ide.mcu.externaltools.gnu-tools-for-stm32.13.3.rel1.linux64_1.0.0.202410170706/tools/bin/../lib/gcc/arm-none-eabi/13.3.1/../../../../arm-none-eabi/lib/thumb/v7e-m+fp/hard/libc_nano.a(libc_a-nano-svfprintf.o)
                0x0800f6fc                __ssputs_r
 *fill*         0x0800f7b2        0x2 
 .text._svfprintf_r
                0x0800f7b4      0x1f8 /opt/st/stm32cubeide_1.18.0/plugins/com.st.stm32cube.ide.mcu.externaltools.gnu-tools-for-stm32.13.3.rel1.linux64_1.0.0.202410170706/tools/bin/../lib/gcc/arm-none-eabi/13.3.1/../../../../arm-none-eabi/lib/thumb/v7e-m+fp/hard/libc_nano.a(libc_a-nano-svfprintf.o)
                0x0800f7b4                _svfprintf_r
                0x0800f7b4                _svfiprintf_r
 .text.__sfputc_r
                0x0800f9ac       0x2e /opt/st/stm32cubeide_1.18.0/plugins/com.st.stm32cube.ide.mcu.externaltools.gnu-tools-for-stm32.13.3.rel1.linux64_1.0.0.202410170706/tools/bin/../lib/gcc/arm-none-eabi/13.3.1/../../../../arm-none-eabi/lib/thumb/v7e-m+fp/hard/libc_nano.a(libc_a-nano-vfprintf.o)
 .text.__sfputs_r
                0x0800f9da       0x24 /opt/st/stm32cubeide_1.18.0/plugins/com.st.stm32cube.ide.mcu.externaltools.gnu-tools-for-stm32.13.3.rel1.linux64_1.0.0.202410170706/tools/bin/../lib/gcc/arm-none-eabi/13.3.1/../../../../arm-none-eabi/lib/thumb/v7e-m+fp/hard/libc_nano.a(libc_a-nano-vfprintf.o)
                0x0800f9da                __sfputs_r
 *fill*         0x0800f9fe        0x2 
 .text._vfprintf_r
                0x0800fa00      0x230 /opt/st/stm32cubeide_1.18.0/plugins/com.st.stm32cube.ide.mcu.externaltools.gnu-tools-for-stm32.13.3.rel1.linux64_1.0.0.202410170706/tools/bin/../lib/gcc/arm-none-eabi/13.3.1/../../../../arm-none-eabi/lib/thumb/v7e-m+fp/hard/libc_nano.a(libc_a-nano-vfprintf.o)
                0x0800fa00                _vfiprintf_r
                0x0800fa00                _vfprintf_r
 .text.__sflush_r
                0x0800fc30      0x108 /opt/st/stm32cubeide_1.18.0/plugins/com.st.stm32cube.ide.mcu.externaltools.gnu-tools-for-stm32.13.3.rel1.linux64_1.0.0.202410170706/tools/bin/../lib/gcc/arm-none-eabi/13.3.1/../../../../arm-none-eabi/lib/thumb/v7e-m+fp/hard/libc_nano.a(libc_a-fflush.o)
                0x0800fc30                __sflush_r
 .text._fflush_r
                0x0800fd38       0x50 /opt/st/stm32cubeide_1.18.0/plugins/com.st.stm32cube.ide.mcu.externaltools.gnu-tools-for-stm32.13.3.rel1.linux64_1.0.0.202410170706/tools/bin/../lib/gcc/arm-none-eabi/13.3.1/../../../../arm-none-eabi/lib/thumb/v7e-m+fp/hard/libc_nano.a(libc_a-fflush.o)
                0x0800fd38                _fflush_r
 .text.__swhatbuf_r
                0x0800fd88       0x4c /opt/st/stm32cubeide_1.18.0/plugins/com.st.stm32cube.ide.mcu.externaltools.gnu-tools-for-stm32.13.3.rel1.linux64_1.0.0.202410170706/tools/bin/../lib/gcc/arm-none-eabi/13.3.1/../../../../arm-none-eabi/lib/thumb/v7e-m+fp/hard/libc_nano.a(libc_a-makebuf.o)
                0x0800fd88                __swhatbuf_r
 .text.__smakebuf_r
                0x0800fdd4       0x78 /opt/st/stm32cubeide_1.18.0/plugins/com.st.stm32cube.ide.mcu.externaltools.gnu-tools-for-stm32.13.3.rel1.linux64_1.0.0.202410170706/tools/bin/../lib/gcc/arm-none-eabi/13.3.1/../../../../arm-none-eabi/lib/thumb/v7e-m+fp/hard/libc_nano.a(libc_a-makebuf.o)
                0x0800fdd4                __smakebuf_r
 .text.memmove  0x0800fe4c       0x34 /opt/st/stm32cubeide_1.18.0/plugins/com.st.stm32cube.ide.mcu.externaltools.gnu-tools-for-stm32.13.3.rel1.linux64_1.0.0.202410170706/tools/bin/../lib/gcc/arm-none-eabi/13.3.1/../../../../arm-none-eabi/lib/thumb/v7e-m+fp/hard/libc_nano.a(libc_a-memmove.o)
                0x0800fe4c                memmove
 .text._fstat_r
                0x0800fe80       0x24 /opt/st/stm32cubeide_1.18.0/plugins/com.st.stm32cube.ide.mcu.externaltools.gnu-tools-for-stm32.13.3.rel1.linux64_1.0.0.202410170706/tools/bin/../lib/gcc/arm-none-eabi/13.3.1/../../../../arm-none-eabi/lib/thumb/v7e-m+fp/hard/libc_nano.a(libc_a-fstatr.o)
                0x0800fe80                _fstat_r
 .text._isatty_r
                0x0800fea4       0x20 /opt/st/stm32cubeide_1.18.0/plugins/com.st.stm32cube.ide.mcu.externaltools.gnu-tools-for-stm32.13.3.rel1.linux64_1.0.0.202410170706/tools/bin/../lib/gcc/arm-none-eabi/13.3.1/../../../../arm-none-eabi/lib/thumb/v7e-m+fp/hard/libc_nano.a(libc_a-isattyr.o)
                0x0800fea4                _isatty_r
 .text._sbrk_r  0x0800fec4       0x20 /opt/st/stm32cubeide_1.18.0/plugins/com.st.stm32cube.ide.mcu.externaltools.gnu-tools-for-stm32.13.3.rel1.linux64_1.0.0.202410170706/tools/bin/../lib/gcc/arm-none-eabi/13.3.1/../../../../arm-none-eabi/lib/thumb/v7e-m+fp/hard/libc_nano.a(libc_a-sbrkr.o)
                0x0800fec4                _sbrk_r
 .text.__assert_func
                0x0800fee4       0x3c /opt/st/stm32cubeide_1.18.0/plugins/com.st.stm32cube.ide.mcu.externaltools.gnu-tools-for-stm32.13.3.rel1.linux64_1.0.0.202410170706/tools/bin/../lib/gcc/arm-none-eabi/13.3.1/../../../../arm-none-eabi/lib/thumb/v7e-m+fp/hard/libc_nano.a(libc_a-assert.o)
                0x0800fee4                __assert_func
 .text._calloc_r
                0x0800ff20       0x28 /opt/st/stm32cubeide_1.18.0/plugins/com.st.stm32cube.ide.mcu.externaltools.gnu-tools-for-stm32.13.3.rel1.linux64_1.0.0.202410170706/tools/bin/../lib/gcc/arm-none-eabi/13.3.1/../../../../arm-none-eabi/lib/thumb/v7e-m+fp/hard/libc_nano.a(libc_a-callocr.o)
                0x0800ff20                _calloc_r
 .text.__ascii_mbtowc
                0x0800ff48       0x24 /opt/st/stm32cubeide_1.18.0/plugins/com.st.stm32cube.ide.mcu.externaltools.gnu-tools-for-stm32.13.3.rel1.linux64_1.0.0.202410170706/tools/bin/../lib/gcc/arm-none-eabi/13.3.1/../../../../arm-none-eabi/lib/thumb/v7e-m+fp/hard/libc_nano.a(libc_a-mbtowc_r.o)
                0x0800ff48                __ascii_mbtowc
 .text._realloc_r
                0x0800ff6c       0x5c /opt/st/stm32cubeide_1.18.0/plugins/com.st.stm32cube.ide.mcu.externaltools.gnu-tools-for-stm32.13.3.rel1.linux64_1.0.0.202410170706/tools/bin/../lib/gcc/arm-none-eabi/13.3.1/../../../../arm-none-eabi/lib/thumb/v7e-m+fp/hard/libc_nano.a(libc_a-reallocr.o)
                0x0800ff6c                _realloc_r
 .text.__ascii_wctomb
                0x0800ffc8       0x1a /opt/st/stm32cubeide_1.18.0/plugins/com.st.stm32cube.ide.mcu.externaltools.gnu-tools-for-stm32.13.3.rel1.linux64_1.0.0.202410170706/tools/bin/../lib/gcc/arm-none-eabi/13.3.1/../../../../arm-none-eabi/lib/thumb/v7e-m+fp/hard/libc_nano.a(libc_a-wctomb_r.o)
                0x0800ffc8                __ascii_wctomb
 *fill*         0x0800ffe2        0x2 
 .text.fprintf  0x0800ffe4       0x24 /opt/st/stm32cubeide_1.18.0/plugins/com.st.stm32cube.ide.mcu.externaltools.gnu-tools-for-stm32.13.3.rel1.linux64_1.0.0.202410170706/tools/bin/../lib/gcc/arm-none-eabi/13.3.1/../../../../arm-none-eabi/lib/thumb/v7e-m+fp/hard/libc_nano.a(libc_a-fprintf.o)
                0x0800ffe4                fprintf
                0x0800ffe4                fiprintf
 .text.abort    0x08010008        0xe /opt/st/stm32cubeide_1.18.0/plugins/com.st.stm32cube.ide.mcu.externaltools.gnu-tools-for-stm32.13.3.rel1.linux64_1.0.0.202410170706/tools/bin/../lib/gcc/arm-none-eabi/13.3.1/../../../../arm-none-eabi/lib/thumb/v7e-m+fp/hard/libc_nano.a(libc_a-abort.o)
                0x08010008                abort
 .text._malloc_usable_size_r
                0x08010016       0x10 /opt/st/stm32cubeide_1.18.0/plugins/com.st.stm32cube.ide.mcu.externaltools.gnu-tools-for-stm32.13.3.rel1.linux64_1.0.0.202410170706/tools/bin/../lib/gcc/arm-none-eabi/13.3.1/../../../../arm-none-eabi/lib/thumb/v7e-m+fp/hard/libc_nano.a(libc_a-msizer.o)
                0x08010016                _malloc_usable_size_r
 .text._raise_r
                0x08010026       0x50 /opt/st/stm32cubeide_1.18.0/plugins/com.st.stm32cube.ide.mcu.externaltools.gnu-tools-for-stm32.13.3.rel1.linux64_1.0.0.202410170706/tools/bin/../lib/gcc/arm-none-eabi/13.3.1/../../../../arm-none-eabi/lib/thumb/v7e-m+fp/hard/libc_nano.a(libc_a-signal.o)
                0x08010026                _raise_r
 *fill*         0x08010076        0x2 
 .text.raise    0x08010078       0x10 /opt/st/stm32cubeide_1.18.0/plugins/com.st.stm32cube.ide.mcu.externaltools.gnu-tools-for-stm32.13.3.rel1.linux64_1.0.0.202410170706/tools/bin/../lib/gcc/arm-none-eabi/13.3.1/../../../../arm-none-eabi/lib/thumb/v7e-m+fp/hard/libc_nano.a(libc_a-signal.o)
                0x08010078                raise
 .text._kill_r  0x08010088       0x24 /opt/st/stm32cubeide_1.18.0/plugins/com.st.stm32cube.ide.mcu.externaltools.gnu-tools-for-stm32.13.3.rel1.linux64_1.0.0.202410170706/tools/bin/../lib/gcc/arm-none-eabi/13.3.1/../../../../arm-none-eabi/lib/thumb/v7e-m+fp/hard/libc_nano.a(libc_a-signalr.o)
                0x08010088                _kill_r
 .text._getpid_r
                0x080100ac        0x4 /opt/st/stm32cubeide_1.18.0/plugins/com.st.stm32cube.ide.mcu.externaltools.gnu-tools-for-stm32.13.3.rel1.linux64_1.0.0.202410170706/tools/bin/../lib/gcc/arm-none-eabi/13.3.1/../../../../arm-none-eabi/lib/thumb/v7e-m+fp/hard/libc_nano.a(libc_a-signalr.o)
                0x080100ac                _getpid_r
 *(.glue_7)
 .glue_7        0x080100b0        0x0 linker stubs
 *(.glue_7t)
 .glue_7t       0x080100b0        0x0 linker stubs
 *(.eh_frame)
 .eh_frame      0x080100b0        0x0 /opt/st/stm32cubeide_1.18.0/plugins/com.st.stm32cube.ide.mcu.externaltools.gnu-tools-for-stm32.13.3.rel1.linux64_1.0.0.202410170706/tools/bin/../lib/gcc/arm-none-eabi/13.3.1/thumb/v7e-m+fp/hard/crtbegin.o
 *(.init)
 .init          0x080100b0        0x4 /opt/st/stm32cubeide_1.18.0/plugins/com.st.stm32cube.ide.mcu.externaltools.gnu-tools-for-stm32.13.3.rel1.linux64_1.0.0.202410170706/tools/bin/../lib/gcc/arm-none-eabi/13.3.1/thumb/v7e-m+fp/hard/crti.o
                0x080100b0                _init
 .init          0x080100b4        0x8 /opt/st/stm32cubeide_1.18.0/plugins/com.st.stm32cube.ide.mcu.externaltools.gnu-tools-for-stm32.13.3.rel1.linux64_1.0.0.202410170706/tools/bin/../lib/gcc/arm-none-eabi/13.3.1/thumb/v7e-m+fp/hard/crtn.o
 *(.fini)
 .fini          0x080100bc        0x4 /opt/st/stm32cubeide_1.18.0/plugins/com.st.stm32cube.ide.mcu.externaltools.gnu-tools-for-stm32.13.3.rel1.linux64_1.0.0.202410170706/tools/bin/../lib/gcc/arm-none-eabi/13.3.1/thumb/v7e-m+fp/hard/crti.o
                0x080100bc                _fini
 .fini          0x080100c0        0x8 /opt/st/stm32cubeide_1.18.0/plugins/com.st.stm32cube.ide.mcu.externaltools.gnu-tools-for-stm32.13.3.rel1.linux64_1.0.0.202410170706/tools/bin/../lib/gcc/arm-none-eabi/13.3.1/thumb/v7e-m+fp/hard/crtn.o
                0x080100c8                        . = ALIGN (0x4)
                0x080100c8                        _etext = .

.vfp11_veneer   0x080100c8        0x0
 .vfp11_veneer  0x080100c8        0x0 linker stubs

.v4_bx          0x080100c8        0x0
 .v4_bx         0x080100c8        0x0 linker stubs

.iplt           0x080100c8        0x0
 .iplt          0x080100c8        0x0 /opt/st/stm32cubeide_1.18.0/plugins/com.st.stm32cube.ide.mcu.externaltools.gnu-tools-for-stm32.13.3.rel1.linux64_1.0.0.202410170706/tools/bin/../lib/gcc/arm-none-eabi/13.3.1/thumb/v7e-m+fp/hard/crtbegin.o

.rodata         0x080100c8      0xe24