Archive member included to satisfy reference by file (symbol)

/usr/lib/gcc/arm-none-eabi/14.1.0/../../../../arm-none-eabi/lib/thumb/v7e-m+fp/hard/libc_nano.a(libc_a-atexit.o)
                              /usr/lib/gcc/arm-none-eabi/14.1.0/../../../../arm-none-eabi/lib/thumb/v7e-m+fp/hard/crt0.o (atexit)
/usr/lib/gcc/arm-none-eabi/14.1.0/../../../../arm-none-eabi/lib/thumb/v7e-m+fp/hard/libc_nano.a(libc_a-exit.o)
                              /usr/lib/gcc/arm-none-eabi/14.1.0/../../../../arm-none-eabi/lib/thumb/v7e-m+fp/hard/crt0.o (exit)
/usr/lib/gcc/arm-none-eabi/14.1.0/../../../../arm-none-eabi/lib/thumb/v7e-m+fp/hard/libc_nano.a(libc_a-findfp.o)
                              /usr/lib/gcc/arm-none-eabi/14.1.0/../../../../arm-none-eabi/lib/thumb/v7e-m+fp/hard/libc_nano.a(libc_a-exit.o) (__stdio_exit_handler)
/usr/lib/gcc/arm-none-eabi/14.1.0/../../../../arm-none-eabi/lib/thumb/v7e-m+fp/hard/libc_nano.a(libc_a-fwalk.o)
                              /usr/lib/gcc/arm-none-eabi/14.1.0/../../../../arm-none-eabi/lib/thumb/v7e-m+fp/hard/libc_nano.a(libc_a-findfp.o) (_fwalk_sglue)
/usr/lib/gcc/arm-none-eabi/14.1.0/../../../../arm-none-eabi/lib/thumb/v7e-m+fp/hard/libc_nano.a(libc_a-stdio.o)
                              /usr/lib/gcc/arm-none-eabi/14.1.0/../../../../arm-none-eabi/lib/thumb/v7e-m+fp/hard/libc_nano.a(libc_a-findfp.o) (__sread)
/usr/lib/gcc/arm-none-eabi/14.1.0/../../../../arm-none-eabi/lib/thumb/v7e-m+fp/hard/libc_nano.a(libc_a-memset.o)
                              /usr/lib/gcc/arm-none-eabi/14.1.0/../../../../arm-none-eabi/lib/thumb/v7e-m+fp/hard/crt0.o (memset)
/usr/lib/gcc/arm-none-eabi/14.1.0/../../../../arm-none-eabi/lib/thumb/v7e-m+fp/hard/libc_nano.a(libc_a-closer.o)
                              /usr/lib/gcc/arm-none-eabi/14.1.0/../../../../arm-none-eabi/lib/thumb/v7e-m+fp/hard/libc_nano.a(libc_a-stdio.o) (_close_r)
/usr/lib/gcc/arm-none-eabi/14.1.0/../../../../arm-none-eabi/lib/thumb/v7e-m+fp/hard/libc_nano.a(libc_a-reent.o)
                              /usr/lib/gcc/arm-none-eabi/14.1.0/../../../../arm-none-eabi/lib/thumb/v7e-m+fp/hard/libc_nano.a(libc_a-closer.o) (errno)
/usr/lib/gcc/arm-none-eabi/14.1.0/../../../../arm-none-eabi/lib/thumb/v7e-m+fp/hard/libc_nano.a(libc_a-impure.o)
                              /usr/lib/gcc/arm-none-eabi/14.1.0/../../../../arm-none-eabi/lib/thumb/v7e-m+fp/hard/libc_nano.a(libc_a-reent.o) (_impure_ptr)
/usr/lib/gcc/arm-none-eabi/14.1.0/../../../../arm-none-eabi/lib/thumb/v7e-m+fp/hard/libc_nano.a(libc_a-lseekr.o)
                              /usr/lib/gcc/arm-none-eabi/14.1.0/../../../../arm-none-eabi/lib/thumb/v7e-m+fp/hard/libc_nano.a(libc_a-stdio.o) (_lseek_r)
/usr/lib/gcc/arm-none-eabi/14.1.0/../../../../arm-none-eabi/lib/thumb/v7e-m+fp/hard/libc_nano.a(libc_a-readr.o)
                              /usr/lib/gcc/arm-none-eabi/14.1.0/../../../../arm-none-eabi/lib/thumb/v7e-m+fp/hard/libc_nano.a(libc_a-stdio.o) (_read_r)
/usr/lib/gcc/arm-none-eabi/14.1.0/../../../../arm-none-eabi/lib/thumb/v7e-m+fp/hard/libc_nano.a(libc_a-writer.o)
                              /usr/lib/gcc/arm-none-eabi/14.1.0/../../../../arm-none-eabi/lib/thumb/v7e-m+fp/hard/libc_nano.a(libc_a-stdio.o) (_write_r)
/usr/lib/gcc/arm-none-eabi/14.1.0/../../../../arm-none-eabi/lib/thumb/v7e-m+fp/hard/libc_nano.a(libc_a-init.o)
                              /usr/lib/gcc/arm-none-eabi/14.1.0/../../../../arm-none-eabi/lib/thumb/v7e-m+fp/hard/crt0.o (__libc_init_array)
/usr/lib/gcc/arm-none-eabi/14.1.0/../../../../arm-none-eabi/lib/thumb/v7e-m+fp/hard/libc_nano.a(libc_a-fini.o)
                              /usr/lib/gcc/arm-none-eabi/14.1.0/../../../../arm-none-eabi/lib/thumb/v7e-m+fp/hard/crt0.o (__libc_fini_array)
/usr/lib/gcc/arm-none-eabi/14.1.0/../../../../arm-none-eabi/lib/thumb/v7e-m+fp/hard/libc_nano.a(libc_a-lock.o)
                              /usr/lib/gcc/arm-none-eabi/14.1.0/../../../../arm-none-eabi/lib/thumb/v7e-m+fp/hard/libc_nano.a(libc_a-findfp.o) (__retarget_lock_init_recursive)
/usr/lib/gcc/arm-none-eabi/14.1.0/../../../../arm-none-eabi/lib/thumb/v7e-m+fp/hard/libc_nano.a(libc_a-__atexit.o)
                              /usr/lib/gcc/arm-none-eabi/14.1.0/../../../../arm-none-eabi/lib/thumb/v7e-m+fp/hard/libc_nano.a(libc_a-atexit.o) (__register_exitproc)
/usr/lib/gcc/arm-none-eabi/14.1.0/../../../../arm-none-eabi/lib/thumb/v7e-m+fp/hard/libc_nano.a(libc_a-__call_atexit.o)
                              /usr/lib/gcc/arm-none-eabi/14.1.0/../../../../arm-none-eabi/lib/thumb/v7e-m+fp/hard/libc_nano.a(libc_a-__atexit.o) (__call_exitprocs)
/usr/lib/gcc/arm-none-eabi/14.1.0/../../../../arm-none-eabi/lib/thumb/v7e-m+fp/hard/libc_nano.a(libc_a-freer.o)
                              /usr/lib/gcc/arm-none-eabi/14.1.0/../../../../arm-none-eabi/lib/thumb/v7e-m+fp/hard/libc_nano.a(libc_a-reent.o) (_free_r)
/usr/lib/gcc/arm-none-eabi/14.1.0/../../../../arm-none-eabi/lib/thumb/v7e-m+fp/hard/libc_nano.a(libc_a-mallocr.o)
[...]
Memory Configuration

Name             Origin             Length             Attributes
RAM              0x20000000         0x00020000         xrw
FLASH            0x08000000         0x00080000         xr
*default*        0x00000000         0xffffffff

Linker script and memory map

LOAD /usr/lib/gcc/arm-none-eabi/14.1.0/thumb/v7e-m+fp/hard/crti.o
LOAD /usr/lib/gcc/arm-none-eabi/14.1.0/thumb/v7e-m+fp/hard/crtbegin.o
LOAD /usr/lib/gcc/arm-none-eabi/14.1.0/../../../../arm-none-eabi/lib/thumb/v7e-m+fp/hard/crt0.o
START GROUP
LOAD /usr/lib/gcc/arm-none-eabi/14.1.0/../../../../arm-none-eabi/lib/thumb/v7e-m+fp/hard/libc_nano.a
LOAD /usr/lib/gcc/arm-none-eabi/14.1.0/../../../../arm-none-eabi/lib/thumb/v7e-m+fp/hard/libm.a
END GROUP
LOAD cmake/stm32cubemx/CMakeFiles/STM32_Drivers.dir/__/__/Core/Src/system_stm32f4xx.c.obj
LOAD cmake/stm32cubemx/CMakeFiles/STM32_Drivers.dir/__/__/Drivers/STM32F4xx_HAL_Driver/Src/stm32f4xx_hal_pcd.c.obj
LOAD cmake/stm32cubemx/CMakeFiles/STM32_Drivers.dir/__/__/Drivers/STM32F4xx_HAL_Driver/Src/stm32f4xx_hal_pcd_ex.c.obj
LOAD cmake/stm32cubemx/CMakeFiles/STM32_Drivers.dir/__/__/Drivers/STM32F4xx_HAL_Driver/Src/stm32f4xx_ll_usb.c.obj
LOAD cmake/stm32cubemx/CMakeFiles/STM32_Drivers.dir/__/__/Drivers/STM32F4xx_HAL_Driver/Src/stm32f4xx_hal_rcc.c.obj
LOAD cmake/stm32cubemx/CMakeFiles/STM32_Drivers.dir/__/__/Drivers/STM32F4xx_HAL_Driver/Src/stm32f4xx_hal_rcc_ex.c.obj
LOAD cmake/stm32cubemx/CMakeFiles/STM32_Drivers.dir/__/__/Drivers/STM32F4xx_HAL_Driver/Src/stm32f4xx_hal_flash.c.obj
LOAD cmake/stm32cubemx/CMakeFiles/STM32_Drivers.dir/__/__/Drivers/STM32F4xx_HAL_Driver/Src/stm32f4xx_hal_flash_ex.c.obj
LOAD cmake/stm32cubemx/CMakeFiles/STM32_Drivers.dir/__/__/Drivers/STM32F4xx_HAL_Driver/Src/stm32f4xx_hal_flash_ramfunc.c.obj
LOAD cmake/stm32cubemx/CMakeFiles/STM32_Drivers.dir/__/__/Drivers/STM32F4xx_HAL_Driver/Src/stm32f4xx_hal_gpio.c.obj
LOAD cmake/stm32cubemx/CMakeFiles/STM32_Drivers.dir/__/__/Drivers/STM32F4xx_HAL_Driver/Src/stm32f4xx_hal_dma_ex.c.obj
LOAD cmake/stm32cubemx/CMakeFiles/STM32_Drivers.dir/__/__/Drivers/STM32F4xx_HAL_Driver/Src/stm32f4xx_hal_dma.c.obj
LOAD cmake/stm32cubemx/CMakeFiles/STM32_Drivers.dir/__/__/Drivers/STM32F4xx_HAL_Driver/Src/stm32f4xx_hal_pwr.c.obj
LOAD cmake/stm32cubemx/CMakeFiles/STM32_Drivers.dir/__/__/Drivers/STM32F4xx_HAL_Driver/Src/stm32f4xx_hal_pwr_ex.c.obj
LOAD cmake/stm32cubemx/CMakeFiles/STM32_Drivers.dir/__/__/Drivers/STM32F4xx_HAL_Driver/Src/stm32f4xx_hal_cortex.c.obj
LOAD cmake/stm32cubemx/CMakeFiles/STM32_Drivers.dir/__/__/Drivers/STM32F4xx_HAL_Driver/Src/stm32f4xx_hal.c.obj
LOAD cmake/stm32cubemx/CMakeFiles/STM32_Drivers.dir/__/__/Drivers/STM32F4xx_HAL_Driver/Src/stm32f4xx_hal_exti.c.obj
LOAD cmake/stm32cubemx/CMakeFiles/STM32_Drivers.dir/__/__/Drivers/STM32F4xx_HAL_Driver/Src/stm32f4xx_hal_i2c.c.obj
LOAD cmake/stm32cubemx/CMakeFiles/STM32_Drivers.dir/__/__/Drivers/STM32F4xx_HAL_Driver/Src/stm32f4xx_hal_i2c_ex.c.obj
LOAD cmake/stm32cubemx/CMakeFiles/STM32_Drivers.dir/__/__/Drivers/STM32F4xx_HAL_Driver/Src/stm32f4xx_hal_tim.c.obj
LOAD cmake/stm32cubemx/CMakeFiles/STM32_Drivers.dir/__/__/Drivers/STM32F4xx_HAL_Driver/Src/stm32f4xx_hal_tim_ex.c.obj
LOAD cmake/stm32cubemx/CMakeFiles/USB_Device_Library.dir/__/__/Middlewares/ST/STM32_USB_Device_Library/Core/Src/usbd_core.c.obj
LOAD cmake/stm32cubemx/CMakeFiles/USB_Device_Library.dir/__/__/Middlewares/ST/STM32_USB_Device_Library/Core/Src/usbd_ctlreq.c.obj
LOAD cmake/stm32cubemx/CMakeFiles/USB_Device_Library.dir/__/__/Middlewares/ST/STM32_USB_Device_Library/Core/Src/usbd_ioreq.c.obj
LOAD cmake/stm32cubemx/CMakeFiles/USB_Device_Library.dir/__/__/Middlewares/ST/STM32_USB_Device_Library/Class/CDC/Src/usbd_cdc.c.obj
LOAD CMakeFiles/mazecrase-car.dir/USB_DEVICE/Target/usbd_conf.c.obj
LOAD CMakeFiles/mazecrase-car.dir/USB_DEVICE/App/usb_device.c.obj
LOAD CMakeFiles/mazecrase-car.dir/USB_DEVICE/App/usbd_desc.c.obj
LOAD CMakeFiles/mazecrase-car.dir/USB_DEVICE/App/usbd_cdc_if.c.obj
LOAD CMakeFiles/mazecrase-car.dir/Core/Src/main.c.obj
LOAD CMakeFiles/mazecrase-car.dir/Core/Src/stm32f4xx_it.c.obj
LOAD CMakeFiles/mazecrase-car.dir/Core/Src/stm32f4xx_hal_msp.c.obj
LOAD CMakeFiles/mazecrase-car.dir/Core/Src/sysmem.c.obj
LOAD CMakeFiles/mazecrase-car.dir/Core/Src/syscalls.c.obj
LOAD CMakeFiles/mazecrase-car.dir/startup_stm32f411xe.s.obj
LOAD CMakeFiles/mazecrase-car.dir/Core/Src/tca9548a.c.obj
LOAD CMakeFiles/mazecrase-car.dir/Core/Src/tcs32725.c.obj
LOAD CMakeFiles/mazecrase-car.dir/Core/Src/motor_ll.c.obj
LOAD CMakeFiles/mazecrase-car.dir/Core/Src/vl53l0x.c.obj
LOAD CMakeFiles/mazecrase-car.dir/Core/Src/sh1106.c.obj
LOAD CMakeFiles/mazecrase-car.dir/Core/Src/lsm6dsl_hal.c.obj
LOAD CMakeFiles/mazecrase-car.dir/Core/Src/lsm6dsl_reg.c.obj
LOAD CMakeFiles/mazecrase-car.dir/Core/Src/pf_hal.c.obj
START GROUP
LOAD /usr/lib/gcc/arm-none-eabi/14.1.0/thumb/v7e-m+fp/hard/libgcc.a
LOAD /usr/lib/gcc/arm-none-eabi/14.1.0/../../../../arm-none-eabi/lib/thumb/v7e-m+fp/hard/libg_nano.a
LOAD /usr/lib/gcc/arm-none-eabi/14.1.0/../../../../arm-none-eabi/lib/thumb/v7e-m+fp/hard/libc_nano.a
END GROUP
START GROUP
LOAD /usr/lib/gcc/arm-none-eabi/14.1.0/thumb/v7e-m+fp/hard/libgcc.a
LOAD /usr/lib/gcc/arm-none-eabi/14.1.0/../../../../arm-none-eabi/lib/thumb/v7e-m+fp/hard/libc_nano.a
END GROUP
LOAD /usr/lib/gcc/arm-none-eabi/14.1.0/thumb/v7e-m+fp/hard/crtend.o
LOAD /usr/lib/gcc/arm-none-eabi/14.1.0/thumb/v7e-m+fp/hard/crtn.o
                0x20020000                        _estack = (ORIGIN (RAM) + LENGTH (RAM))
                0x00000200                        _Min_Heap_Size = 0x200
                0x00000400                        _Min_Stack_Size = 0x400

.isr_vector     0x08000000      0x198
                0x08000000                        . = ALIGN (0x4)
 *(.isr_vector)
 .isr_vector    0x08000000      0x198 CMakeFiles/mazecrase-car.dir/startup_stm32f411xe.s.obj
                0x08000000                g_pfnVectors
                0x08000198                        . = ALIGN (0x4)

.text           0x080001a0     0xc8cc
                0x080001a0                        . = ALIGN (0x4)
 *(.text)
 .text          0x080001a0       0x88 /usr/lib/gcc/arm-none-eabi/14.1.0/thumb/v7e-m+fp/hard/crtbegin.o
 .text          0x08000228       0x30 /usr/lib/gcc/arm-none-eabi/14.1.0/thumb/v7e-m+fp/hard/libgcc.a(_aeabi_uldivmod.o)
                0x08000228                __aeabi_uldivmod
 .text          0x08000258      0x2f8 /usr/lib/gcc/arm-none-eabi/14.1.0/thumb/v7e-m+fp/hard/libgcc.a(_udivmoddi4.o)
                0x08000258                __udivmoddi4
 .text          0x08000550        0x4 /usr/lib/gcc/arm-none-eabi/14.1.0/thumb/v7e-m+fp/hard/libgcc.a(_dvmd_tls.o)
                0x08000550                __aeabi_ldiv0
                0x08000550                __aeabi_idiv0
 *fill*         0x08000554        0xc 
 .text          0x08000560       0xa0 /usr/lib/gcc/arm-none-eabi/14.1.0/../../../../arm-none-eabi/lib/thumb/v7e-m+fp/hard/libg_nano.a(libc_a-memchr.o)
                0x08000560                memchr
 *(.text*)
 .text.std      0x08000600       0x6c /usr/lib/gcc/arm-none-eabi/14.1.0/../../../../arm-none-eabi/lib/thumb/v7e-m+fp/hard/libc_nano.a(libc_a-findfp.o)
 .text.stdio_exit_handler
                0x0800066c       0x18 /usr/lib/gcc/arm-none-eabi/14.1.0/../../../../arm-none-eabi/lib/thumb/v7e-m+fp/hard/libc_nano.a(libc_a-findfp.o)
 .text.cleanup_stdio
                0x08000684       0x40 /usr/lib/gcc/arm-none-eabi/14.1.0/../../../../arm-none-eabi/lib/thumb/v7e-m+fp/hard/libc_nano.a(libc_a-findfp.o)
 .text.global_stdio_init.part.0
                0x080006c4       0x40 /usr/lib/gcc/arm-none-eabi/14.1.0/../../../../arm-none-eabi/lib/thumb/v7e-m+fp/hard/libc_nano.a(libc_a-findfp.o)
 .text.__sfp_lock_acquire
                0x08000704        0xc /usr/lib/gcc/arm-none-eabi/14.1.0/../../../../arm-none-eabi/lib/thumb/v7e-m+fp/hard/libc_nano.a(libc_a-findfp.o)
                0x08000704                __sfp_lock_acquire
 .text.__sfp_lock_release
                0x08000710        0xc /usr/lib/gcc/arm-none-eabi/14.1.0/../../../../arm-none-eabi/lib/thumb/v7e-m+fp/hard/libc_nano.a(libc_a-findfp.o)
                0x08000710                __sfp_lock_release
 .text.__sinit  0x0800071c       0x30 /usr/lib/gcc/arm-none-eabi/14.1.0/../../../../arm-none-eabi/lib/thumb/v7e-m+fp/hard/libc_nano.a(libc_a-findfp.o)
                0x0800071c                __sinit
 .text._fwalk_sglue
                0x0800074c       0x3c /usr/lib/gcc/arm-none-eabi/14.1.0/../../../../arm-none-eabi/lib/thumb/v7e-m+fp/hard/libc_nano.a(libc_a-fwalk.o)
                0x0800074c                _fwalk_sglue
 .text.__sread  0x08000788       0x22 /usr/lib/gcc/arm-none-eabi/14.1.0/../../../../arm-none-eabi/lib/thumb/v7e-m+fp/hard/libc_nano.a(libc_a-stdio.o)
                0x08000788                __sread
 .text.__swrite
                0x080007aa       0x38 /usr/lib/gcc/arm-none-eabi/14.1.0/../../../../arm-none-eabi/lib/thumb/v7e-m+fp/hard/libc_nano.a(libc_a-stdio.o)
                0x080007aa                __swrite
 .text.__sseek  0x080007e2       0x26 /usr/lib/gcc/arm-none-eabi/14.1.0/../../../../arm-none-eabi/lib/thumb/v7e-m+fp/hard/libc_nano.a(libc_a-stdio.o)
                0x080007e2                __sseek
 .text.__sclose
                0x08000808        0x8 /usr/lib/gcc/arm-none-eabi/14.1.0/../../../../arm-none-eabi/lib/thumb/v7e-m+fp/hard/libc_nano.a(libc_a-stdio.o)
                0x08000808                __sclose
 .text.memset   0x08000810       0x10 /usr/lib/gcc/arm-none-eabi/14.1.0/../../../../arm-none-eabi/lib/thumb/v7e-m+fp/hard/libc_nano.a(libc_a-memset.o)
                0x08000810                memset
 .text._close_r
                0x08000820       0x20 /usr/lib/gcc/arm-none-eabi/14.1.0/../../../../arm-none-eabi/lib/thumb/v7e-m+fp/hard/libc_nano.a(libc_a-closer.o)
                0x08000820                _close_r
 .text._lseek_r
                0x08000840       0x24 /usr/lib/gcc/arm-none-eabi/14.1.0/../../../../arm-none-eabi/lib/thumb/v7e-m+fp/hard/libc_nano.a(libc_a-lseekr.o)
                0x08000840                _lseek_r
 .text._read_r  0x08000864       0x24 /usr/lib/gcc/arm-none-eabi/14.1.0/../../../../arm-none-eabi/lib/thumb/v7e-m+fp/hard/libc_nano.a(libc_a-readr.o)
                0x08000864                _read_r
 .text._write_r
                0x08000888       0x24 /usr/lib/gcc/arm-none-eabi/14.1.0/../../../../arm-none-eabi/lib/thumb/v7e-m+fp/hard/libc_nano.a(libc_a-writer.o)
                0x08000888                _write_r
 .text.__libc_init_array
                0x080008ac       0x48 /usr/lib/gcc/arm-none-eabi/14.1.0/../../../../arm-none-eabi/lib/thumb/v7e-m+fp/hard/libc_nano.a(libc_a-init.o)
                0x080008ac                __libc_init_array
 .text.__retarget_lock_init_recursive
                0x080008f4        0x2 /usr/lib/gcc/arm-none-eabi/14.1.0/../../../../arm-none-eabi/lib/thumb/v7e-m+fp/hard/libc_nano.a(libc_a-lock.o)
                0x080008f4                __retarget_lock_init_recursive
 .text.__retarget_lock_acquire_recursive
                0x080008f6        0x2 /usr/lib/gcc/arm-none-eabi/14.1.0/../../../../arm-none-eabi/lib/thumb/v7e-m+fp/hard/libc_nano.a(libc_a-lock.o)
                0x080008f6                __retarget_lock_acquire_recursive
 .text.__retarget_lock_release_recursive
                0x080008f8        0x2 /usr/lib/gcc/arm-none-eabi/14.1.0/../../../../arm-none-eabi/lib/thumb/v7e-m+fp/hard/libc_nano.a(libc_a-lock.o)
                0x080008f8                __retarget_lock_release_recursive
 *fill*         0x080008fa        0x2 
 .text._free_r  0x080008fc       0x94 /usr/lib/gcc/arm-none-eabi/14.1.0/../../../../arm-none-eabi/lib/thumb/v7e-m+fp/hard/libc_nano.a(libc_a-freer.o)
                0x080008fc                _free_r
 .text.sbrk_aligned
                0x08000990       0x44 /usr/lib/gcc/arm-none-eabi/14.1.0/../../../../arm-none-eabi/lib/thumb/v7e-m+fp/hard/libc_nano.a(libc_a-mallocr.o)
 .text._malloc_r
                0x080009d4      0x100 /usr/lib/gcc/arm-none-eabi/14.1.0/../../../../arm-none-eabi/lib/thumb/v7e-m+fp/hard/libc_nano.a(libc_a-mallocr.o)
                0x080009d4                _malloc_r
 .text.__malloc_lock
                0x08000ad4        0xc /usr/lib/gcc/arm-none-eabi/14.1.0/../../../../arm-none-eabi/lib/thumb/v7e-m+fp/hard/libc_nano.a(libc_a-mlock.o)
                0x08000ad4                __malloc_lock
 .text.__malloc_unlock
                0x08000ae0        0xc /usr/lib/gcc/arm-none-eabi/14.1.0/../../../../arm-none-eabi/lib/thumb/v7e-m+fp/hard/libc_nano.a(libc_a-mlock.o)
                0x08000ae0                __malloc_unlock
 .text.__sflush_r
                0x08000aec      0x104 /usr/lib/gcc/arm-none-eabi/14.1.0/../../../../arm-none-eabi/lib/thumb/v7e-m+fp/hard/libc_nano.a(libc_a-fflush.o)
                0x08000aec                __sflush_r
 .text._fflush_r
                0x08000bf0       0x50 /usr/lib/gcc/arm-none-eabi/14.1.0/../../../../arm-none-eabi/lib/thumb/v7e-m+fp/hard/libc_nano.a(libc_a-fflush.o)
                0x08000bf0                _fflush_r
 .text._sbrk_r  0x08000c40       0x20 /usr/lib/gcc/arm-none-eabi/14.1.0/../../../../arm-none-eabi/lib/thumb/v7e-m+fp/hard/libc_nano.a(libc_a-sbrkr.o)
                0x08000c40                _sbrk_r
 .text.SystemInit
                0x08000c60       0x24 cmake/stm32cubemx/CMakeFiles/STM32_Drivers.dir/__/__/Core/Src/system_stm32f4xx.c.obj
                0x08000c60                SystemInit
 .text.HAL_PCD_Init
                0x08000c84      0x21e cmake/stm32cubemx/CMakeFiles/STM32_Drivers.dir/__/__/Drivers/STM32F4xx_HAL_Driver/Src/stm32f4xx_hal_pcd.c.obj
                0x08000c84                HAL_PCD_Init
 .text.HAL_PCD_Start
                0x08000ea2       0x6a cmake/stm32cubemx/CMakeFiles/STM32_Drivers.dir/__/__/Drivers/STM32F4xx_HAL_Driver/Src/stm32f4xx_hal_pcd.c.obj
                0x08000ea2                HAL_PCD_Start
 .text.HAL_PCD_IRQHandler
                0x08000f0c      0x942 cmake/stm32cubemx/CMakeFiles/STM32_Drivers.dir/__/__/Drivers/STM32F4xx_HAL_Driver/Src/stm32f4xx_hal_pcd.c.obj
                0x08000f0c                HAL_PCD_IRQHandler
 .text.HAL_PCD_SetAddress
                0x0800184e       0x48 cmake/stm32cubemx/CMakeFiles/STM32_Drivers.dir/__/__/Drivers/STM32F4xx_HAL_Driver/Src/stm32f4xx_hal_pcd.c.obj
                0x0800184e                HAL_PCD_SetAddress
 .text.HAL_PCD_EP_Open
                0x08001896       0xd4 cmake/stm32cubemx/CMakeFiles/STM32_Drivers.dir/__/__/Drivers/STM32F4xx_HAL_Driver/Src/stm32f4xx_hal_pcd.c.obj
                0x08001896                HAL_PCD_EP_Open
 .text.HAL_PCD_EP_Close
                0x0800196a       0x94 cmake/stm32cubemx/CMakeFiles/STM32_Drivers.dir/__/__/Drivers/STM32F4xx_HAL_Driver/Src/stm32f4xx_hal_pcd.c.obj
                0x0800196a                HAL_PCD_EP_Close
 .text.HAL_PCD_EP_Receive
                0x080019fe       0x76 cmake/stm32cubemx/CMakeFiles/STM32_Drivers.dir/__/__/Drivers/STM32F4xx_HAL_Driver/Src/stm32f4xx_hal_pcd.c.obj
                0x080019fe                HAL_PCD_EP_Receive
 .text.HAL_PCD_EP_GetRxCount
                0x08001a74       0x30 cmake/stm32cubemx/CMakeFiles/STM32_Drivers.dir/__/__/Drivers/STM32F4xx_HAL_Driver/Src/stm32f4xx_hal_pcd.c.obj
                0x08001a74                HAL_PCD_EP_GetRxCount
 .text.HAL_PCD_EP_Transmit
                0x08001aa4       0x74 cmake/stm32cubemx/CMakeFiles/STM32_Drivers.dir/__/__/Drivers/STM32F4xx_HAL_Driver/Src/stm32f4xx_hal_pcd.c.obj
                0x08001aa4                HAL_PCD_EP_Transmit
 .text.HAL_PCD_EP_SetStall
                0x08001b18       0xc6 cmake/stm32cubemx/CMakeFiles/STM32_Drivers.dir/__/__/Drivers/STM32F4xx_HAL_Driver/Src/stm32f4xx_hal_pcd.c.obj
                0x08001b18                HAL_PCD_EP_SetStall
 .text.HAL_PCD_EP_ClrStall
                0x08001bde       0xac cmake/stm32cubemx/CMakeFiles/STM32_Drivers.dir/__/__/Drivers/STM32F4xx_HAL_Driver/Src/stm32f4xx_hal_pcd.c.obj
                0x08001bde                HAL_PCD_EP_ClrStall
 .text.HAL_PCD_EP_Abort
                0x08001c8a       0x62 cmake/stm32cubemx/CMakeFiles/STM32_Drivers.dir/__/__/Drivers/STM32F4xx_HAL_Driver/Src/stm32f4xx_hal_pcd.c.obj
                0x08001c8a                HAL_PCD_EP_Abort
 .text.PCD_WriteEmptyTxFifo
                0x08001cec      0x118 cmake/stm32cubemx/CMakeFiles/STM32_Drivers.dir/__/__/Drivers/STM32F4xx_HAL_Driver/Src/stm32f4xx_hal_pcd.c.obj
 .text.PCD_EP_OutXfrComplete_int
                0x08001e04      0x1d0 cmake/stm32cubemx/CMakeFiles/STM32_Drivers.dir/__/__/Drivers/STM32F4xx_HAL_Driver/Src/stm32f4xx_hal_pcd.c.obj
 .text.PCD_EP_OutSetupPacket_int
                0x08001fd4       0x8c cmake/stm32cubemx/CMakeFiles/STM32_Drivers.dir/__/__/Drivers/STM32F4xx_HAL_Driver/Src/stm32f4xx_hal_pcd.c.obj
 .text.HAL_PCDEx_SetTxFiFo
                0x08002060       0x8e cmake/stm32cubemx/CMakeFiles/STM32_Drivers.dir/__/__/Drivers/STM32F4xx_HAL_Driver/Src/stm32f4xx_hal_pcd_ex.c.obj
                0x08002060                HAL_PCDEx_SetTxFiFo
 .text.HAL_PCDEx_SetRxFiFo
                0x080020ee       0x22 cmake/stm32cubemx/CMakeFiles/STM32_Drivers.dir/__/__/Drivers/STM32F4xx_HAL_Driver/Src/stm32f4xx_hal_pcd_ex.c.obj
                0x080020ee                HAL_PCDEx_SetRxFiFo
 .text.HAL_PCDEx_LPM_Callback
                0x08002110       0x18 cmake/stm32cubemx/CMakeFiles/STM32_Drivers.dir/__/__/Drivers/STM32F4xx_HAL_Driver/Src/stm32f4xx_hal_pcd_ex.c.obj
                0x08002110                HAL_PCDEx_LPM_Callback
 .text.USB_CoreInit
                0x08002128       0xc8 cmake/stm32cubemx/CMakeFiles/STM32_Drivers.dir/__/__/Drivers/STM32F4xx_HAL_Driver/Src/stm32f4xx_ll_usb.c.obj
                0x08002128                USB_CoreInit
 .text.USB_SetTurnaroundTime
                0x080021f0      0x144 cmake/stm32cubemx/CMakeFiles/STM32_Drivers.dir/__/__/Drivers/STM32F4xx_HAL_Driver/Src/stm32f4xx_ll_usb.c.obj
                0x080021f0                USB_SetTurnaroundTime
 .text.USB_EnableGlobalInt
                0x08002334       0x22 cmake/stm32cubemx/CMakeFiles/STM32_Drivers.dir/__/__/Drivers/STM32F4xx_HAL_Driver/Src/stm32f4xx_ll_usb.c.obj
                0x08002334                USB_EnableGlobalInt
 .text.USB_DisableGlobalInt
                0x08002356       0x22 cmake/stm32cubemx/CMakeFiles/STM32_Drivers.dir/__/__/Drivers/STM32F4xx_HAL_Driver/Src/stm32f4xx_ll_usb.c.obj
                0x08002356                USB_DisableGlobalInt
 .text.USB_SetCurrentMode
                0x08002378       0x98 cmake/stm32cubemx/CMakeFiles/STM32_Drivers.dir/__/__/Drivers/STM32F4xx_HAL_Driver/Src/stm32f4xx_ll_usb.c.obj
                0x08002378                USB_SetCurrentMode
 .text.USB_DevInit
                0x08002410      0x2c8 cmake/stm32cubemx/CMakeFiles/STM32_Drivers.dir/__/__/Drivers/STM32F4xx_HAL_Driver/Src/stm32f4xx_ll_usb.c.obj
                0x08002410                USB_DevInit
 .text.USB_FlushTxFifo
                0x080026d8       0x64 cmake/stm32cubemx/CMakeFiles/STM32_Drivers.dir/__/__/Drivers/STM32F4xx_HAL_Driver/Src/stm32f4xx_ll_usb.c.obj
                0x080026d8                USB_FlushTxFifo
 .text.USB_FlushRxFifo
                0x0800273c       0x5c cmake/stm32cubemx/CMakeFiles/STM32_Drivers.dir/__/__/Drivers/STM32F4xx_HAL_Driver/Src/stm32f4xx_ll_usb.c.obj
                0x0800273c                USB_FlushRxFifo
 .text.USB_SetDevSpeed
                0x08002798       0x32 cmake/stm32cubemx/CMakeFiles/STM32_Drivers.dir/__/__/Drivers/STM32F4xx_HAL_Driver/Src/stm32f4xx_ll_usb.c.obj
                0x08002798                USB_SetDevSpeed
 .text.USB_GetDevSpeed
                0x080027ca       0x4a cmake/stm32cubemx/CMakeFiles/STM32_Drivers.dir/__/__/Drivers/STM32F4xx_HAL_Driver/Src/stm32f4xx_ll_usb.c.obj
                0x080027ca                USB_GetDevSpeed
 .text.USB_ActivateEndpoint
                0x08002814      0x10e cmake/stm32cubemx/CMakeFiles/STM32_Drivers.dir/__/__/Drivers/STM32F4xx_HAL_Driver/Src/stm32f4xx_ll_usb.c.obj
                0x08002814                USB_ActivateEndpoint
 *fill*         0x08002922        0x2 
 .text.USB_DeactivateEndpoint
                0x08002924      0x1b8 cmake/stm32cubemx/CMakeFiles/STM32_Drivers.dir/__/__/Drivers/STM32F4xx_HAL_Driver/Src/stm32f4xx_ll_usb.c.obj
                0x08002924                USB_DeactivateEndpoint
 .text.USB_EPStartXfer
                0x08002adc      0x53c cmake/stm32cubemx/CMakeFiles/STM32_Drivers.dir/__/__/Drivers/STM32F4xx_HAL_Driver/Src/stm32f4xx_ll_usb.c.obj
                0x08002adc                USB_EPStartXfer
 .text.USB_EPStopXfer
                0x08003018      0x154 cmake/stm32cubemx/CMakeFiles/STM32_Drivers.dir/__/__/Drivers/STM32F4xx_HAL_Driver/Src/stm32f4xx_ll_usb.c.obj
                0x08003018                USB_EPStopXfer
 .text.USB_WritePacket
                0x0800316c       0x7c cmake/stm32cubemx/CMakeFiles/STM32_Drivers.dir/__/__/Drivers/STM32F4xx_HAL_Driver/Src/stm32f4xx_ll_usb.c.obj
                0x0800316c                USB_WritePacket
 .text.USB_ReadPacket
                0x080031e8       0xb0 cmake/stm32cubemx/CMakeFiles/STM32_Drivers.dir/__/__/Drivers/STM32F4xx_HAL_Driver/Src/stm32f4xx_ll_usb.c.obj
                0x080031e8                USB_ReadPacket
 .text.USB_EPSetStall
                0x08003298       0xdc cmake/stm32cubemx/CMakeFiles/STM32_Drivers.dir/__/__/Drivers/STM32F4xx_HAL_Driver/Src/stm32f4xx_ll_usb.c.obj
                0x08003298                USB_EPSetStall
 .text.USB_EPClearStall
                0x08003374       0xcc cmake/stm32cubemx/CMakeFiles/STM32_Drivers.dir/__/__/Drivers/STM32F4xx_HAL_Driver/Src/stm32f4xx_ll_usb.c.obj
                0x08003374                USB_EPClearStall
 .text.USB_SetDevAddress
                0x08003440       0x4c cmake/stm32cubemx/CMakeFiles/STM32_Drivers.dir/__/__/Drivers/STM32F4xx_HAL_Driver/Src/stm32f4xx_ll_usb.c.obj
                0x08003440                USB_SetDevAddress
 .text.USB_DevConnect
                0x0800348c       0x42 cmake/stm32cubemx/CMakeFiles/STM32_Drivers.dir/__/__/Drivers/STM32F4xx_HAL_Driver/Src/stm32f4xx_ll_usb.c.obj
                0x0800348c                USB_DevConnect
 .text.USB_DevDisconnect
                0x080034ce       0x42 cmake/stm32cubemx/CMakeFiles/STM32_Drivers.dir/__/__/Drivers/STM32F4xx_HAL_Driver/Src/stm32f4xx_ll_usb.c.obj
                0x080034ce                USB_DevDisconnect
 .text.USB_ReadInterrupts
                0x08003510       0x26 cmake/stm32cubemx/CMakeFiles/STM32_Drivers.dir/__/__/Drivers/STM32F4xx_HAL_Driver/Src/stm32f4xx_ll_usb.c.obj
                0x08003510                USB_ReadInterrupts
 .text.USB_ReadDevAllOutEpInterrupt
                0x08003536       0x34 cmake/stm32cubemx/CMakeFiles/STM32_Drivers.dir/__/__/Drivers/STM32F4xx_HAL_Driver/Src/stm32f4xx_ll_usb.c.obj
                0x08003536                USB_ReadDevAllOutEpInterrupt
 .text.USB_ReadDevAllInEpInterrupt
                0x0800356a       0x34 cmake/stm32cubemx/CMakeFiles/STM32_Drivers.dir/__/__/Drivers/STM32F4xx_HAL_Driver/Src/stm32f4xx_ll_usb.c.obj
                0x0800356a                USB_ReadDevAllInEpInterrupt
 .text.USB_ReadDevOutEPInterrupt
                0x0800359e       0x3c cmake/stm32cubemx/CMakeFiles/STM32_Drivers.dir/__/__/Drivers/STM32F4xx_HAL_Driver/Src/stm32f4xx_ll_usb.c.obj
                0x0800359e                USB_ReadDevOutEPInterrupt
 .text.USB_ReadDevInEPInterrupt
                0x080035da       0x5c cmake/stm32cubemx/CMakeFiles/STM32_Drivers.dir/__/__/Drivers/STM32F4xx_HAL_Driver/Src/stm32f4xx_ll_usb.c.obj
                0x080035da                USB_ReadDevInEPInterrupt
 .text.USB_GetMode
                0x08003636       0x1c cmake/stm32cubemx/CMakeFiles/STM32_Drivers.dir/__/__/Drivers/STM32F4xx_HAL_Driver/Src/stm32f4xx_ll_usb.c.obj
                0x08003636                USB_GetMode
 .text.USB_ActivateSetup
                0x08003652       0x46 cmake/stm32cubemx/CMakeFiles/STM32_Drivers.dir/__/__/Drivers/STM32F4xx_HAL_Driver/Src/stm32f4xx_ll_usb.c.obj
                0x08003652                USB_ActivateSetup
 .text.USB_EP0_OutStart
                0x08003698       0xbc cmake/stm32cubemx/CMakeFiles/STM32_Drivers.dir/__/__/Drivers/STM32F4xx_HAL_Driver/Src/stm32f4xx_ll_usb.c.obj
                0x08003698                USB_EP0_OutStart
 .text.USB_CoreReset
                0x08003754       0x62 cmake/stm32cubemx/CMakeFiles/STM32_Drivers.dir/__/__/Drivers/STM32F4xx_HAL_Driver/Src/stm32f4xx_ll_usb.c.obj
 *fill*         0x080037b6        0x2 
 .text.HAL_RCC_OscConfig
                0x080037b8      0x4f0 cmake/stm32cubemx/CMakeFiles/STM32_Drivers.dir/__/__/Drivers/STM32F4xx_HAL_Driver/Src/stm32f4xx_hal_rcc.c.obj
                0x080037b8                HAL_RCC_OscConfig
 .text.HAL_RCC_ClockConfig
                0x08003ca8      0x1cc cmake/stm32cubemx/CMakeFiles/STM32_Drivers.dir/__/__/Drivers/STM32F4xx_HAL_Driver/Src/stm32f4xx_hal_rcc.c.obj
                0x08003ca8                HAL_RCC_ClockConfig
 .text.HAL_RCC_GetSysClockFreq
                0x08003e74      0x188 cmake/stm32cubemx/CMakeFiles/STM32_Drivers.dir/__/__/Drivers/STM32F4xx_HAL_Driver/Src/stm32f4xx_hal_rcc.c.obj
                0x08003e74                HAL_RCC_GetSysClockFreq
 .text.HAL_RCC_GetHCLKFreq
                0x08003ffc       0x18 cmake/stm32cubemx/CMakeFiles/STM32_Drivers.dir/__/__/Drivers/STM32F4xx_HAL_Driver/Src/stm32f4xx_hal_rcc.c.obj
                0x08003ffc                HAL_RCC_GetHCLKFreq
 .text.HAL_RCC_GetPCLK1Freq
                0x08004014       0x28 cmake/stm32cubemx/CMakeFiles/STM32_Drivers.dir/__/__/Drivers/STM32F4xx_HAL_Driver/Src/stm32f4xx_hal_rcc.c.obj
                0x08004014                HAL_RCC_GetPCLK1Freq
 .text.HAL_GPIO_Init
                0x0800403c      0x308 cmake/stm32cubemx/CMakeFiles/STM32_Drivers.dir/__/__/Drivers/STM32F4xx_HAL_Driver/Src/stm32f4xx_hal_gpio.c.obj
                0x0800403c                HAL_GPIO_Init
 .text.HAL_GPIO_WritePin
                0x08004344       0x32 cmake/stm32cubemx/CMakeFiles/STM32_Drivers.dir/__/__/Drivers/STM32F4xx_HAL_Driver/Src/stm32f4xx_hal_gpio.c.obj
                0x08004344                HAL_GPIO_WritePin
 *fill*         0x08004376        0x2 
 .text.__NVIC_SetPriorityGrouping
                0x08004378       0x48 cmake/stm32cubemx/CMakeFiles/STM32_Drivers.dir/__/__/Drivers/STM32F4xx_HAL_Driver/Src/stm32f4xx_hal_cortex.c.obj
 .text.__NVIC_GetPriorityGrouping
                0x080043c0       0x1c cmake/stm32cubemx/CMakeFiles/STM32_Drivers.dir/__/__/Drivers/STM32F4xx_HAL_Driver/Src/stm32f4xx_hal_cortex.c.obj
 .text.__NVIC_EnableIRQ
                0x080043dc       0x3c cmake/stm32cubemx/CMakeFiles/STM32_Drivers.dir/__/__/Drivers/STM32F4xx_HAL_Driver/Src/stm32f4xx_hal_cortex.c.obj
 .text.__NVIC_SetPriority
                0x08004418       0x54 cmake/stm32cubemx/CMakeFiles/STM32_Drivers.dir/__/__/Drivers/STM32F4xx_HAL_Driver/Src/stm32f4xx_hal_cortex.c.obj
 .text.NVIC_EncodePriority
                0x0800446c       0x66 cmake/stm32cubemx/CMakeFiles/STM32_Drivers.dir/__/__/Drivers/STM32F4xx_HAL_Driver/Src/stm32f4xx_hal_cortex.c.obj
 *fill*         0x080044d2        0x2 
 .text.SysTick_Config
                0x080044d4       0x44 cmake/stm32cubemx/CMakeFiles/STM32_Drivers.dir/__/__/Drivers/STM32F4xx_HAL_Driver/Src/stm32f4xx_hal_cortex.c.obj
 .text.HAL_NVIC_SetPriorityGrouping
                0x08004518       0x16 cmake/stm32cubemx/CMakeFiles/STM32_Drivers.dir/__/__/Drivers/STM32F4xx_HAL_Driver/Src/stm32f4xx_hal_cortex.c.obj
                0x08004518                HAL_NVIC_SetPriorityGrouping
 .text.HAL_NVIC_SetPriority
                0x0800452e       0x38 cmake/stm32cubemx/CMakeFiles/STM32_Drivers.dir/__/__/Drivers/STM32F4xx_HAL_Driver/Src/stm32f4xx_hal_cortex.c.obj
                0x0800452e                HAL_NVIC_SetPriority
 .text.HAL_NVIC_EnableIRQ
                0x08004566       0x1c cmake/stm32cubemx/CMakeFiles/STM32_Drivers.dir/__/__/Drivers/STM32F4xx_HAL_Driver/Src/stm32f4xx_hal_cortex.c.obj
                0x08004566                HAL_NVIC_EnableIRQ
 .text.HAL_SYSTICK_Config
                0x08004582       0x18 cmake/stm32cubemx/CMakeFiles/STM32_Drivers.dir/__/__/Drivers/STM32F4xx_HAL_Driver/Src/stm32f4xx_hal_cortex.c.obj
                0x08004582                HAL_SYSTICK_Config
 *fill*         0x0800459a        0x2 
 .text.HAL_Init
                0x0800459c       0x44 cmake/stm32cubemx/CMakeFiles/STM32_Drivers.dir/__/__/Drivers/STM32F4xx_HAL_Driver/Src/stm32f4xx_hal.c.obj
                0x0800459c                HAL_Init
 .text.HAL_InitTick
                0x080045e0       0x60 cmake/stm32cubemx/CMakeFiles/STM32_Drivers.dir/__/__/Drivers/STM32F4xx_HAL_Driver/Src/stm32f4xx_hal.c.obj
                0x080045e0                HAL_InitTick
 .text.HAL_IncTick
                0x08004640       0x28 cmake/stm32cubemx/CMakeFiles/STM32_Drivers.dir/__/__/Drivers/STM32F4xx_HAL_Driver/Src/stm32f4xx_hal.c.obj
                0x08004640                HAL_IncTick
 .text.HAL_GetTick
                0x08004668       0x18 cmake/stm32cubemx/CMakeFiles/STM32_Drivers.dir/__/__/Drivers/STM32F4xx_HAL_Driver/Src/stm32f4xx_hal.c.obj
                0x08004668                HAL_GetTick
 .text.HAL_Delay
                0x08004680       0x48 cmake/stm32cubemx/CMakeFiles/STM32_Drivers.dir/__/__/Drivers/STM32F4xx_HAL_Driver/Src/stm32f4xx_hal.c.obj
                0x08004680                HAL_Delay
 .text.HAL_I2C_Init
                0x080046c8      0x288 cmake/stm32cubemx/CMakeFiles/STM32_Drivers.dir/__/__/Drivers/STM32F4xx_HAL_Driver/Src/stm32f4xx_hal_i2c.c.obj
                0x080046c8                HAL_I2C_Init
 .text.HAL_I2C_Master_Transmit
                0x08004950      0x1fc cmake/stm32cubemx/CMakeFiles/STM32_Drivers.dir/__/__/Drivers/STM32F4xx_HAL_Driver/Src/stm32f4xx_hal_i2c.c.obj
                0x08004950                HAL_I2C_Master_Transmit
 .text.HAL_I2C_Master_Receive
                0x08004b4c      0x464 cmake/stm32cubemx/CMakeFiles/STM32_Drivers.dir/__/__/Drivers/STM32F4xx_HAL_Driver/Src/stm32f4xx_hal_i2c.c.obj
                0x08004b4c                HAL_I2C_Master_Receive
 .text.I2C_MasterRequestWrite
                0x08004fb0      0x104 cmake/stm32cubemx/CMakeFiles/STM32_Drivers.dir/__/__/Drivers/STM32F4xx_HAL_Driver/Src/stm32f4xx_hal_i2c.c.obj
 .text.I2C_MasterRequestRead
                0x080050b4      0x19c cmake/stm32cubemx/CMakeFiles/STM32_Drivers.dir/__/__/Drivers/STM32F4xx_HAL_Driver/Src/stm32f4xx_hal_i2c.c.obj
 .text.I2C_WaitOnFlagUntilTimeout
                0x08005250       0xf4 cmake/stm32cubemx/CMakeFiles/STM32_Drivers.dir/__/__/Drivers/STM32F4xx_HAL_Driver/Src/stm32f4xx_hal_i2c.c.obj
 .text.I2C_WaitOnMasterAddressFlagUntilTimeout
                0x08005344      0x140 cmake/stm32cubemx/CMakeFiles/STM32_Drivers.dir/__/__/Drivers/STM32F4xx_HAL_Driver/Src/stm32f4xx_hal_i2c.c.obj
 .text.I2C_WaitOnTXEFlagUntilTimeout
                0x08005484       0x90 cmake/stm32cubemx/CMakeFiles/STM32_Drivers.dir/__/__/Drivers/STM32F4xx_HAL_Driver/Src/stm32f4xx_hal_i2c.c.obj
 .text.I2C_WaitOnBTFFlagUntilTimeout
                0x08005514       0x90 cmake/stm32cubemx/CMakeFiles/STM32_Drivers.dir/__/__/Drivers/STM32F4xx_HAL_Driver/Src/stm32f4xx_hal_i2c.c.obj
 .text.I2C_WaitOnRXNEFlagUntilTimeout
                0x080055a4       0xba cmake/stm32cubemx/CMakeFiles/STM32_Drivers.dir/__/__/Drivers/STM32F4xx_HAL_Driver/Src/stm32f4xx_hal_i2c.c.obj
 .text.I2C_IsAcknowledgeFailed
                0x0800565e       0x5e cmake/stm32cubemx/CMakeFiles/STM32_Drivers.dir/__/__/Drivers/STM32F4xx_HAL_Driver/Src/stm32f4xx_hal_i2c.c.obj
 .text.HAL_TIM_Base_Init
                0x080056bc       0x9e cmake/stm32cubemx/CMakeFiles/STM32_Drivers.dir/__/__/Drivers/STM32F4xx_HAL_Driver/Src/stm32f4xx_hal_tim.c.obj
                0x080056bc                HAL_TIM_Base_Init
 .text.HAL_TIM_PWM_Init
                0x0800575a       0x9e cmake/stm32cubemx/CMakeFiles/STM32_Drivers.dir/__/__/Drivers/STM32F4xx_HAL_Driver/Src/stm32f4xx_hal_tim.c.obj
                0x0800575a                HAL_TIM_PWM_Init
 .text.HAL_TIM_PWM_MspInit
                0x080057f8       0x14 cmake/stm32cubemx/CMakeFiles/STM32_Drivers.dir/__/__/Drivers/STM32F4xx_HAL_Driver/Src/stm32f4xx_hal_tim.c.obj
                0x080057f8                HAL_TIM_PWM_MspInit
 .text.HAL_TIM_PWM_Start
                0x0800580c      0x160 cmake/stm32cubemx/CMakeFiles/STM32_Drivers.dir/__/__/Drivers/STM32F4xx_HAL_Driver/Src/stm32f4xx_hal_tim.c.obj
                0x0800580c                HAL_TIM_PWM_Start
 .text.HAL_TIM_Encoder_Init
                0x0800596c      0x14c cmake/stm32cubemx/CMakeFiles/STM32_Drivers.dir/__/__/Drivers/STM32F4xx_HAL_Driver/Src/stm32f4xx_hal_tim.c.obj
                0x0800596c                HAL_TIM_Encoder_Init
 .text.HAL_TIM_Encoder_Start
                0x08005ab8      0x11c cmake/stm32cubemx/CMakeFiles/STM32_Drivers.dir/__/__/Drivers/STM32F4xx_HAL_Driver/Src/stm32f4xx_hal_tim.c.obj
                0x08005ab8                HAL_TIM_Encoder_Start
 .text.HAL_TIM_IRQHandler
                0x08005bd4      0x1e0 cmake/stm32cubemx/CMakeFiles/STM32_Drivers.dir/__/__/Drivers/STM32F4xx_HAL_Driver/Src/stm32f4xx_hal_tim.c.obj
                0x08005bd4                HAL_TIM_IRQHandler
 .text.HAL_TIM_PWM_ConfigChannel
                0x08005db4      0x184 cmake/stm32cubemx/CMakeFiles/STM32_Drivers.dir/__/__/Drivers/STM32F4xx_HAL_Driver/Src/stm32f4xx_hal_tim.c.obj
                0x08005db4                HAL_TIM_PWM_ConfigChannel
 .text.HAL_TIM_ConfigClockSource
                0x08005f38      0x18e cmake/stm32cubemx/CMakeFiles/STM32_Drivers.dir/__/__/Drivers/STM32F4xx_HAL_Driver/Src/stm32f4xx_hal_tim.c.obj
                0x08005f38                HAL_TIM_ConfigClockSource
 .text.HAL_TIM_OC_DelayElapsedCallback
                0x080060c6       0x14 cmake/stm32cubemx/CMakeFiles/STM32_Drivers.dir/__/__/Drivers/STM32F4xx_HAL_Driver/Src/stm32f4xx_hal_tim.c.obj
                0x080060c6                HAL_TIM_OC_DelayElapsedCallback
 .text.HAL_TIM_IC_CaptureCallback
                0x080060da       0x14 cmake/stm32cubemx/CMakeFiles/STM32_Drivers.dir/__/__/Drivers/STM32F4xx_HAL_Driver/Src/stm32f4xx_hal_tim.c.obj
                0x080060da                HAL_TIM_IC_CaptureCallback
 .text.HAL_TIM_PWM_PulseFinishedCallback
                0x080060ee       0x14 cmake/stm32cubemx/CMakeFiles/STM32_Drivers.dir/__/__/Drivers/STM32F4xx_HAL_Driver/Src/stm32f4xx_hal_tim.c.obj
                0x080060ee                HAL_TIM_PWM_PulseFinishedCallback
 .text.HAL_TIM_TriggerCallback
                0x08006102       0x14 cmake/stm32cubemx/CMakeFiles/STM32_Drivers.dir/__/__/Drivers/STM32F4xx_HAL_Driver/Src/stm32f4xx_hal_tim.c.obj
                0x08006102                HAL_TIM_TriggerCallback
 *fill*         0x08006116        0x2 
 .text.TIM_Base_SetConfig
                0x08006118      0x118 cmake/stm32cubemx/CMakeFiles/STM32_Drivers.dir/__/__/Drivers/STM32F4xx_HAL_Driver/Src/stm32f4xx_hal_tim.c.obj
                0x08006118                TIM_Base_SetConfig
 .text.TIM_OC1_SetConfig
                0x08006230       0xcc cmake/stm32cubemx/CMakeFiles/STM32_Drivers.dir/__/__/Drivers/STM32F4xx_HAL_Driver/Src/stm32f4xx_hal_tim.c.obj
 .text.TIM_OC2_SetConfig
                0x080062fc       0xd8 cmake/stm32cubemx/CMakeFiles/STM32_Drivers.dir/__/__/Drivers/STM32F4xx_HAL_Driver/Src/stm32f4xx_hal_tim.c.obj
                0x080062fc                TIM_OC2_SetConfig
 .text.TIM_OC3_SetConfig
                0x080063d4       0xd4 cmake/stm32cubemx/CMakeFiles/STM32_Drivers.dir/__/__/Drivers/STM32F4xx_HAL_Driver/Src/stm32f4xx_hal_tim.c.obj
 .text.TIM_OC4_SetConfig
                0x080064a8       0xa0 cmake/stm32cubemx/CMakeFiles/STM32_Drivers.dir/__/__/Drivers/STM32F4xx_HAL_Driver/Src/stm32f4xx_hal_tim.c.obj
 .text.TIM_TI1_ConfigInputStage
                0x08006548       0x5e cmake/stm32cubemx/CMakeFiles/STM32_Drivers.dir/__/__/Drivers/STM32F4xx_HAL_Driver/Src/stm32f4xx_hal_tim.c.obj
 .text.TIM_TI2_ConfigInputStage
                0x080065a6       0x60 cmake/stm32cubemx/CMakeFiles/STM32_Drivers.dir/__/__/Drivers/STM32F4xx_HAL_Driver/Src/stm32f4xx_hal_tim.c.obj
 .text.TIM_ITRx_SetConfig
                0x08006606       0x36 cmake/stm32cubemx/CMakeFiles/STM32_Drivers.dir/__/__/Drivers/STM32F4xx_HAL_Driver/Src/stm32f4xx_hal_tim.c.obj
 .text.TIM_ETR_SetConfig
                0x0800663c       0x40 cmake/stm32cubemx/CMakeFiles/STM32_Drivers.dir/__/__/Drivers/STM32F4xx_HAL_Driver/Src/stm32f4xx_hal_tim.c.obj
                0x0800663c                TIM_ETR_SetConfig
 .text.TIM_CCxChannelCmd
                0x0800667c       0x4a cmake/stm32cubemx/CMakeFiles/STM32_Drivers.dir/__/__/Drivers/STM32F4xx_HAL_Driver/Src/stm32f4xx_hal_tim.c.obj
                0x0800667c                TIM_CCxChannelCmd
 *fill*         0x080066c6        0x2 
 .text.HAL_TIMEx_MasterConfigSynchronization
                0x080066c8       0xdc cmake/stm32cubemx/CMakeFiles/STM32_Drivers.dir/__/__/Drivers/STM32F4xx_HAL_Driver/Src/stm32f4xx_hal_tim_ex.c.obj
                0x080066c8                HAL_TIMEx_MasterConfigSynchronization
 .text.HAL_TIMEx_ConfigBreakDeadTime
                0x080067a4       0xa4 cmake/stm32cubemx/CMakeFiles/STM32_Drivers.dir/__/__/Drivers/STM32F4xx_HAL_Driver/Src/stm32f4xx_hal_tim_ex.c.obj
                0x080067a4                HAL_TIMEx_ConfigBreakDeadTime
 .text.HAL_TIMEx_CommutCallback
                0x08006848       0x14 cmake/stm32cubemx/CMakeFiles/STM32_Drivers.dir/__/__/Drivers/STM32F4xx_HAL_Driver/Src/stm32f4xx_hal_tim_ex.c.obj
                0x08006848                HAL_TIMEx_CommutCallback
 .text.HAL_TIMEx_BreakCallback
                0x0800685c       0x14 cmake/stm32cubemx/CMakeFiles/STM32_Drivers.dir/__/__/Drivers/STM32F4xx_HAL_Driver/Src/stm32f4xx_hal_tim_ex.c.obj
                0x0800685c                HAL_TIMEx_BreakCallback
 .text.USBD_Init
                0x08006870       0x60 cmake/stm32cubemx/CMakeFiles/USB_Device_Library.dir/__/__/Middlewares/ST/STM32_USB_Device_Library/Core/Src/usbd_core.c.obj
                0x08006870                USBD_Init
 .text.USBD_RegisterClass
                0x080068d0       0x6c cmake/stm32cubemx/CMakeFiles/USB_Device_Library.dir/__/__/Middlewares/ST/STM32_USB_Device_Library/Core/Src/usbd_core.c.obj
                0x080068d0                USBD_RegisterClass
 .text.USBD_Start
                0x0800693c       0x18 cmake/stm32cubemx/CMakeFiles/USB_Device_Library.dir/__/__/Middlewares/ST/STM32_USB_Device_Library/Core/Src/usbd_core.c.obj
                0x0800693c                USBD_Start
 .text.USBD_RunTestMode
                0x08006954       0x16 cmake/stm32cubemx/CMakeFiles/USB_Device_Library.dir/__/__/Middlewares/ST/STM32_USB_Device_Library/Core/Src/usbd_core.c.obj
                0x08006954                USBD_RunTestMode
 .text.USBD_SetClassConfig
                0x0800696a       0x38 cmake/stm32cubemx/CMakeFiles/USB_Device_Library.dir/__/__/Middlewares/ST/STM32_USB_Device_Library/Core/Src/usbd_core.c.obj
                0x0800696a                USBD_SetClassConfig
 .text.USBD_ClrClassConfig
                0x080069a2       0x34 cmake/stm32cubemx/CMakeFiles/USB_Device_Library.dir/__/__/Middlewares/ST/STM32_USB_Device_Library/Core/Src/usbd_core.c.obj
                0x080069a2                USBD_ClrClassConfig
 .text.USBD_LL_SetupStage
                0x080069d6       0xaa cmake/stm32cubemx/CMakeFiles/USB_Device_Library.dir/__/__/Middlewares/ST/STM32_USB_Device_Library/Core/Src/usbd_core.c.obj
                0x080069d6                USBD_LL_SetupStage
 .text.USBD_LL_DataOutStage
                0x08006a80      0x166 cmake/stm32cubemx/CMakeFiles/USB_Device_Library.dir/__/__/Middlewares/ST/STM32_USB_Device_Library/Core/Src/usbd_core.c.obj
                0x08006a80                USBD_LL_DataOutStage
 .text.USBD_LL_DataInStage
                0x08006be6      0x164 cmake/stm32cubemx/CMakeFiles/USB_Device_Library.dir/__/__/Middlewares/ST/STM32_USB_Device_Library/Core/Src/usbd_core.c.obj
                0x08006be6                USBD_LL_DataInStage
 .text.USBD_LL_Reset
                0x08006d4a       0xa4 cmake/stm32cubemx/CMakeFiles/USB_Device_Library.dir/__/__/Middlewares/ST/STM32_USB_Device_Library/Core/Src/usbd_core.c.obj
                0x08006d4a                USBD_LL_Reset
 .text.USBD_LL_SetSpeed
                0x08006dee       0x20 cmake/stm32cubemx/CMakeFiles/USB_Device_Library.dir/__/__/Middlewares/ST/STM32_USB_Device_Library/Core/Src/usbd_core.c.obj
                0x08006dee                USBD_LL_SetSpeed
 .text.USBD_LL_Suspend
                0x08006e0e       0x38 cmake/stm32cubemx/CMakeFiles/USB_Device_Library.dir/__/__/Middlewares/ST/STM32_USB_Device_Library/Core/Src/usbd_core.c.obj
                0x08006e0e                USBD_LL_Suspend
 .text.USBD_LL_Resume
                0x08006e46       0x30 cmake/stm32cubemx/CMakeFiles/USB_Device_Library.dir/__/__/Middlewares/ST/STM32_USB_Device_Library/Core/Src/usbd_core.c.obj
                0x08006e46                USBD_LL_Resume
 .text.USBD_LL_SOF
                0x08006e76       0x40 cmake/stm32cubemx/CMakeFiles/USB_Device_Library.dir/__/__/Middlewares/ST/STM32_USB_Device_Library/Core/Src/usbd_core.c.obj
                0x08006e76                USBD_LL_SOF
 .text.USBD_LL_IsoINIncomplete
                0x08006eb6       0x64 cmake/stm32cubemx/CMakeFiles/USB_Device_Library.dir/__/__/Middlewares/ST/STM32_USB_Device_Library/Core/Src/usbd_core.c.obj
                0x08006eb6                USBD_LL_IsoINIncomplete
 .text.USBD_LL_IsoOUTIncomplete
                0x08006f1a       0x64 cmake/stm32cubemx/CMakeFiles/USB_Device_Library.dir/__/__/Middlewares/ST/STM32_USB_Device_Library/Core/Src/usbd_core.c.obj
                0x08006f1a                USBD_LL_IsoOUTIncomplete
 .text.USBD_LL_DevConnected
                0x08006f7e       0x16 cmake/stm32cubemx/CMakeFiles/USB_Device_Library.dir/__/__/Middlewares/ST/STM32_USB_Device_Library/Core/Src/usbd_core.c.obj
                0x08006f7e                USBD_LL_DevConnected
 .text.USBD_LL_DevDisconnected
                0x08006f94       0x46 cmake/stm32cubemx/CMakeFiles/USB_Device_Library.dir/__/__/Middlewares/ST/STM32_USB_Device_Library/Core/Src/usbd_core.c.obj
                0x08006f94                USBD_LL_DevDisconnected
 .text.USBD_CoreFindIF
                0x08006fda       0x1a cmake/stm32cubemx/CMakeFiles/USB_Device_Library.dir/__/__/Middlewares/ST/STM32_USB_Device_Library/Core/Src/usbd_core.c.obj
                0x08006fda                USBD_CoreFindIF
 .text.USBD_CoreFindEP
                0x08006ff4       0x1a cmake/stm32cubemx/CMakeFiles/USB_Device_Library.dir/__/__/Middlewares/ST/STM32_USB_Device_Library/Core/Src/usbd_core.c.obj
                0x08006ff4                USBD_CoreFindEP
 .text.USBD_GetEpDesc
                0x0800700e       0x70 cmake/stm32cubemx/CMakeFiles/USB_Device_Library.dir/__/__/Middlewares/ST/STM32_USB_Device_Library/Core/Src/usbd_core.c.obj
                0x0800700e                USBD_GetEpDesc
 .text.USBD_GetNextDesc
                0x0800707e       0x38 cmake/stm32cubemx/CMakeFiles/USB_Device_Library.dir/__/__/Middlewares/ST/STM32_USB_Device_Library/Core/Src/usbd_core.c.obj
                0x0800707e                USBD_GetNextDesc
 .text.SWAPBYTE
                0x080070b6       0x3e cmake/stm32cubemx/CMakeFiles/USB_Device_Library.dir/__/__/Middlewares/ST/STM32_USB_Device_Library/Core/Src/usbd_ctlreq.c.obj
 .text.USBD_StdDevReq
                0x080070f4       0xe4 cmake/stm32cubemx/CMakeFiles/USB_Device_Library.dir/__/__/Middlewares/ST/STM32_USB_Device_Library/Core/Src/usbd_ctlreq.c.obj
                0x080070f4                USBD_StdDevReq
 .text.USBD_StdItfReq
                0x080071d8       0xd8 cmake/stm32cubemx/CMakeFiles/USB_Device_Library.dir/__/__/Middlewares/ST/STM32_USB_Device_Library/Core/Src/usbd_ctlreq.c.obj
                0x080071d8                USBD_StdItfReq
 .text.USBD_StdEPReq
                0x080072b0      0x33a cmake/stm32cubemx/CMakeFiles/USB_Device_Library.dir/__/__/Middlewares/ST/STM32_USB_Device_Library/Core/Src/usbd_ctlreq.c.obj
                0x080072b0                USBD_StdEPReq
 *fill*         0x080075ea        0x2 
 .text.USBD_GetDescriptor
                0x080075ec      0x2d4 cmake/stm32cubemx/CMakeFiles/USB_Device_Library.dir/__/__/Middlewares/ST/STM32_USB_Device_Library/Core/Src/usbd_ctlreq.c.obj
 .text.USBD_SetAddress
                0x080078c0       0x88 cmake/stm32cubemx/CMakeFiles/USB_Device_Library.dir/__/__/Middlewares/ST/STM32_USB_Device_Library/Core/Src/usbd_ctlreq.c.obj
 .text.USBD_SetConfig
                0x08007948      0x154 cmake/stm32cubemx/CMakeFiles/USB_Device_Library.dir/__/__/Middlewares/ST/STM32_USB_Device_Library/Core/Src/usbd_ctlreq.c.obj
 .text.USBD_GetConfig
                0x08007a9c       0x6c cmake/stm32cubemx/CMakeFiles/USB_Device_Library.dir/__/__/Middlewares/ST/STM32_USB_Device_Library/Core/Src/usbd_ctlreq.c.obj
 .text.USBD_GetStatus
                0x08007b08       0x68 cmake/stm32cubemx/CMakeFiles/USB_Device_Library.dir/__/__/Middlewares/ST/STM32_USB_Device_Library/Core/Src/usbd_ctlreq.c.obj
 .text.USBD_SetFeature
                0x08007b70       0x52 cmake/stm32cubemx/CMakeFiles/USB_Device_Library.dir/__/__/Middlewares/ST/STM32_USB_Device_Library/Core/Src/usbd_ctlreq.c.obj
 .text.USBD_ClrFeature
                0x08007bc2       0x44 cmake/stm32cubemx/CMakeFiles/USB_Device_Library.dir/__/__/Middlewares/ST/STM32_USB_Device_Library/Core/Src/usbd_ctlreq.c.obj
 .text.USBD_ParseSetupRequest
                0x08007c06       0x74 cmake/stm32cubemx/CMakeFiles/USB_Device_Library.dir/__/__/Middlewares/ST/STM32_USB_Device_Library/Core/Src/usbd_ctlreq.c.obj
                0x08007c06                USBD_ParseSetupRequest
 .text.USBD_CtlError
                0x08007c7a       0x22 cmake/stm32cubemx/CMakeFiles/USB_Device_Library.dir/__/__/Middlewares/ST/STM32_USB_Device_Library/Core/Src/usbd_ctlreq.c.obj
                0x08007c7a                USBD_CtlError
 .text.USBD_GetString
                0x08007c9c       0xa4 cmake/stm32cubemx/CMakeFiles/USB_Device_Library.dir/__/__/Middlewares/ST/STM32_USB_Device_Library/Core/Src/usbd_ctlreq.c.obj
                0x08007c9c                USBD_GetString
 .text.USBD_GetLen
                0x08007d40       0x34 cmake/stm32cubemx/CMakeFiles/USB_Device_Library.dir/__/__/Middlewares/ST/STM32_USB_Device_Library/Core/Src/usbd_ctlreq.c.obj
 .text.USBD_CtlSendData
                0x08007d74       0x36 cmake/stm32cubemx/CMakeFiles/USB_Device_Library.dir/__/__/Middlewares/ST/STM32_USB_Device_Library/Core/Src/usbd_ioreq.c.obj
                0x08007d74                USBD_CtlSendData
 .text.USBD_CtlContinueSendData
                0x08007daa       0x22 cmake/stm32cubemx/CMakeFiles/USB_Device_Library.dir/__/__/Middlewares/ST/STM32_USB_Device_Library/Core/Src/usbd_ioreq.c.obj
                0x08007daa                USBD_CtlContinueSendData
 .text.USBD_CtlPrepareRx
                0x08007dcc       0x3a cmake/stm32cubemx/CMakeFiles/USB_Device_Library.dir/__/__/Middlewares/ST/STM32_USB_Device_Library/Core/Src/usbd_ioreq.c.obj
                0x08007dcc                USBD_CtlPrepareRx
 .text.USBD_CtlContinueRx
                0x08007e06       0x22 cmake/stm32cubemx/CMakeFiles/USB_Device_Library.dir/__/__/Middlewares/ST/STM32_USB_Device_Library/Core/Src/usbd_ioreq.c.obj
                0x08007e06                USBD_CtlContinueRx
 .text.USBD_CtlSendStatus
                0x08007e28       0x26 cmake/stm32cubemx/CMakeFiles/USB_Device_Library.dir/__/__/Middlewares/ST/STM32_USB_Device_Library/Core/Src/usbd_ioreq.c.obj
                0x08007e28                USBD_CtlSendStatus
 .text.USBD_CtlReceiveStatus
                0x08007e4e       0x26 cmake/stm32cubemx/CMakeFiles/USB_Device_Library.dir/__/__/Middlewares/ST/STM32_USB_Device_Library/Core/Src/usbd_ioreq.c.obj
                0x08007e4e                USBD_CtlReceiveStatus
 .text.USBD_CDC_Init
                0x08007e74      0x1f0 cmake/stm32cubemx/CMakeFiles/USB_Device_Library.dir/__/__/Middlewares/ST/STM32_USB_Device_Library/Class/CDC/Src/usbd_cdc.c.obj
 .text.USBD_CDC_DeInit
                0x08008064      0x104 cmake/stm32cubemx/CMakeFiles/USB_Device_Library.dir/__/__/Middlewares/ST/STM32_USB_Device_Library/Class/CDC/Src/usbd_cdc.c.obj
 .text.USBD_CDC_Setup
                0x08008168      0x1b8 cmake/stm32cubemx/CMakeFiles/USB_Device_Library.dir/__/__/Middlewares/ST/STM32_USB_Device_Library/Class/CDC/Src/usbd_cdc.c.obj
 .text.USBD_CDC_DataIn
                0x08008320       0xfe cmake/stm32cubemx/CMakeFiles/USB_Device_Library.dir/__/__/Middlewares/ST/STM32_USB_Device_Library/Class/CDC/Src/usbd_cdc.c.obj
 .text.USBD_CDC_DataOut
                0x0800841e       0x70 cmake/stm32cubemx/CMakeFiles/USB_Device_Library.dir/__/__/Middlewares/ST/STM32_USB_Device_Library/Class/CDC/Src/usbd_cdc.c.obj
 .text.USBD_CDC_EP0_RxReady
                0x0800848e       0x74 cmake/stm32cubemx/CMakeFiles/USB_Device_Library.dir/__/__/Middlewares/ST/STM32_USB_Device_Library/Class/CDC/Src/usbd_cdc.c.obj
 *fill*         0x08008502        0x2 
 .text.USBD_CDC_GetFSCfgDesc
                0x08008504       0x70 cmake/stm32cubemx/CMakeFiles/USB_Device_Library.dir/__/__/Middlewares/ST/STM32_USB_Device_Library/Class/CDC/Src/usbd_cdc.c.obj
 .text.USBD_CDC_GetHSCfgDesc
                0x08008574       0x70 cmake/stm32cubemx/CMakeFiles/USB_Device_Library.dir/__/__/Middlewares/ST/STM32_USB_Device_Library/Class/CDC/Src/usbd_cdc.c.obj
 .text.USBD_CDC_GetOtherSpeedCfgDesc
                0x080085e4       0x70 cmake/stm32cubemx/CMakeFiles/USB_Device_Library.dir/__/__/Middlewares/ST/STM32_USB_Device_Library/Class/CDC/Src/usbd_cdc.c.obj
 .text.USBD_CDC_GetDeviceQualifierDescriptor
                0x08008654       0x20 cmake/stm32cubemx/CMakeFiles/USB_Device_Library.dir/__/__/Middlewares/ST/STM32_USB_Device_Library/Class/CDC/Src/usbd_cdc.c.obj
                0x08008654                USBD_CDC_GetDeviceQualifierDescriptor
 .text.USBD_CDC_RegisterInterface
                0x08008674       0x34 cmake/stm32cubemx/CMakeFiles/USB_Device_Library.dir/__/__/Middlewares/ST/STM32_USB_Device_Library/Class/CDC/Src/usbd_cdc.c.obj
                0x08008674                USBD_CDC_RegisterInterface
 .text.USBD_CDC_SetTxBuffer
                0x080086a8       0x44 cmake/stm32cubemx/CMakeFiles/USB_Device_Library.dir/__/__/Middlewares/ST/STM32_USB_Device_Library/Class/CDC/Src/usbd_cdc.c.obj
                0x080086a8                USBD_CDC_SetTxBuffer
 .text.USBD_CDC_SetRxBuffer
                0x080086ec       0x3a cmake/stm32cubemx/CMakeFiles/USB_Device_Library.dir/__/__/Middlewares/ST/STM32_USB_Device_Library/Class/CDC/Src/usbd_cdc.c.obj
                0x080086ec                USBD_CDC_SetRxBuffer
 *fill*         0x08008726        0x2 
 .text.USBD_CDC_TransmitPacket
                0x08008728       0x80 cmake/stm32cubemx/CMakeFiles/USB_Device_Library.dir/__/__/Middlewares/ST/STM32_USB_Device_Library/Class/CDC/Src/usbd_cdc.c.obj
                0x08008728                USBD_CDC_TransmitPacket
 .text.USBD_CDC_ReceivePacket
                0x080087a8       0x6c cmake/stm32cubemx/CMakeFiles/USB_Device_Library.dir/__/__/Middlewares/ST/STM32_USB_Device_Library/Class/CDC/Src/usbd_cdc.c.obj
                0x080087a8                USBD_CDC_ReceivePacket
 .text.HAL_PCD_MspInit
                0x08008814       0xa8 CMakeFiles/mazecrase-car.dir/USB_DEVICE/Target/usbd_conf.c.obj
                0x08008814                HAL_PCD_MspInit
 .text.HAL_PCD_SetupStageCallback
                0x080088bc       0x24 CMakeFiles/mazecrase-car.dir/USB_DEVICE/Target/usbd_conf.c.obj
                0x080088bc                HAL_PCD_SetupStageCallback
 .text.HAL_PCD_DataOutStageCallback
                0x080088e0       0x36 CMakeFiles/mazecrase-car.dir/USB_DEVICE/Target/usbd_conf.c.obj
                0x080088e0                HAL_PCD_DataOutStageCallback
 .text.HAL_PCD_DataInStageCallback
                0x08008916       0x34 CMakeFiles/mazecrase-car.dir/USB_DEVICE/Target/usbd_conf.c.obj
                0x08008916                HAL_PCD_DataInStageCallback
 .text.HAL_PCD_SOFCallback
                0x0800894a       0x1c CMakeFiles/mazecrase-car.dir/USB_DEVICE/Target/usbd_conf.c.obj
                0x0800894a                HAL_PCD_SOFCallback
 .text.HAL_PCD_ResetCallback
                0x08008966       0x3c CMakeFiles/mazecrase-car.dir/USB_DEVICE/Target/usbd_conf.c.obj
                0x08008966                HAL_PCD_ResetCallback
 *fill*         0x080089a2        0x2 
 .text.HAL_PCD_SuspendCallback
                0x080089a4       0x4c CMakeFiles/mazecrase-car.dir/USB_DEVICE/Target/usbd_conf.c.obj
                0x080089a4                HAL_PCD_SuspendCallback
 .text.HAL_PCD_ResumeCallback
                0x080089f0       0x1c CMakeFiles/mazecrase-car.dir/USB_DEVICE/Target/usbd_conf.c.obj
                0x080089f0                HAL_PCD_ResumeCallback
 .text.HAL_PCD_ISOOUTIncompleteCallback
                0x08008a0c       0x24 CMakeFiles/mazecrase-car.dir/USB_DEVICE/Target/usbd_conf.c.obj
                0x08008a0c                HAL_PCD_ISOOUTIncompleteCallback
 .text.HAL_PCD_ISOINIncompleteCallback
                0x08008a30       0x24 CMakeFiles/mazecrase-car.dir/USB_DEVICE/Target/usbd_conf.c.obj
                0x08008a30                HAL_PCD_ISOINIncompleteCallback
 .text.HAL_PCD_ConnectCallback
                0x08008a54       0x1c CMakeFiles/mazecrase-car.dir/USB_DEVICE/Target/usbd_conf.c.obj
                0x08008a54                HAL_PCD_ConnectCallback
 .text.HAL_PCD_DisconnectCallback
                0x08008a70       0x1c CMakeFiles/mazecrase-car.dir/USB_DEVICE/Target/usbd_conf.c.obj
                0x08008a70                HAL_PCD_DisconnectCallback
 .text.USBD_LL_Init
                0x08008a8c       0x98 CMakeFiles/mazecrase-car.dir/USB_DEVICE/Target/usbd_conf.c.obj
                0x08008a8c                USBD_LL_Init
 .text.USBD_LL_Start
                0x08008b24       0x36 CMakeFiles/mazecrase-car.dir/USB_DEVICE/Target/usbd_conf.c.obj
                0x08008b24                USBD_LL_Start
 .text.USBD_LL_OpenEP
                0x08008b5a       0x4c CMakeFiles/mazecrase-car.dir/USB_DEVICE/Target/usbd_conf.c.obj
                0x08008b5a                USBD_LL_OpenEP
 .text.USBD_LL_CloseEP
                0x08008ba6       0x3e CMakeFiles/mazecrase-car.dir/USB_DEVICE/Target/usbd_conf.c.obj
                0x08008ba6                USBD_LL_CloseEP
 .text.USBD_LL_StallEP
                0x08008be4       0x3e CMakeFiles/mazecrase-car.dir/USB_DEVICE/Target/usbd_conf.c.obj
                0x08008be4                USBD_LL_StallEP
 .text.USBD_LL_ClearStallEP
                0x08008c22       0x3e CMakeFiles/mazecrase-car.dir/USB_DEVICE/Target/usbd_conf.c.obj
                0x08008c22                USBD_LL_ClearStallEP
 .text.USBD_LL_IsStallEP
                0x08008c60       0x58 CMakeFiles/mazecrase-car.dir/USB_DEVICE/Target/usbd_conf.c.obj
                0x08008c60                USBD_LL_IsStallEP
 .text.USBD_LL_SetUSBAddress
                0x08008cb8       0x3e CMakeFiles/mazecrase-car.dir/USB_DEVICE/Target/usbd_conf.c.obj
                0x08008cb8                USBD_LL_SetUSBAddress
 .text.USBD_LL_Transmit
                0x08008cf6       0x42 CMakeFiles/mazecrase-car.dir/USB_DEVICE/Target/usbd_conf.c.obj
                0x08008cf6                USBD_LL_Transmit
 .text.USBD_LL_PrepareReceive
                0x08008d38       0x42 CMakeFiles/mazecrase-car.dir/USB_DEVICE/Target/usbd_conf.c.obj
                0x08008d38                USBD_LL_PrepareReceive
 .text.USBD_LL_GetRxDataSize
                0x08008d7a       0x26 CMakeFiles/mazecrase-car.dir/USB_DEVICE/Target/usbd_conf.c.obj
                0x08008d7a                USBD_LL_GetRxDataSize
 .text.USBD_static_malloc
                0x08008da0       0x1c CMakeFiles/mazecrase-car.dir/USB_DEVICE/Target/usbd_conf.c.obj
                0x08008da0                USBD_static_malloc
 .text.USBD_static_free
                0x08008dbc       0x14 CMakeFiles/mazecrase-car.dir/USB_DEVICE/Target/usbd_conf.c.obj
                0x08008dbc                USBD_static_free
 .text.USBD_Get_USB_Status
                0x08008dd0       0x58 CMakeFiles/mazecrase-car.dir/USB_DEVICE/Target/usbd_conf.c.obj
                0x08008dd0                USBD_Get_USB_Status
 .text.MX_USB_DEVICE_Init
                0x08008e28       0x60 CMakeFiles/mazecrase-car.dir/USB_DEVICE/App/usb_device.c.obj
                0x08008e28                MX_USB_DEVICE_Init
 .text.USBD_FS_DeviceDescriptor
                0x08008e88       0x24 CMakeFiles/mazecrase-car.dir/USB_DEVICE/App/usbd_desc.c.obj
                0x08008e88                USBD_FS_DeviceDescriptor
 .text.USBD_FS_LangIDStrDescriptor
                0x08008eac       0x24 CMakeFiles/mazecrase-car.dir/USB_DEVICE/App/usbd_desc.c.obj
                0x08008eac                USBD_FS_LangIDStrDescriptor
 .text.USBD_FS_ProductStrDescriptor
                0x08008ed0       0x3c CMakeFiles/mazecrase-car.dir/USB_DEVICE/App/usbd_desc.c.obj
                0x08008ed0                USBD_FS_ProductStrDescriptor
 .text.USBD_FS_ManufacturerStrDescriptor
                0x08008f0c       0x28 CMakeFiles/mazecrase-car.dir/USB_DEVICE/App/usbd_desc.c.obj
                0x08008f0c                USBD_FS_ManufacturerStrDescriptor
 .text.USBD_FS_SerialStrDescriptor
                0x08008f34       0x24 CMakeFiles/mazecrase-car.dir/USB_DEVICE/App/usbd_desc.c.obj
                0x08008f34                USBD_FS_SerialStrDescriptor
 .text.USBD_FS_ConfigStrDescriptor
                0x08008f58       0x3c CMakeFiles/mazecrase-car.dir/USB_DEVICE/App/usbd_desc.c.obj
                0x08008f58                USBD_FS_ConfigStrDescriptor
 .text.USBD_FS_InterfaceStrDescriptor
                0x08008f94       0x3c CMakeFiles/mazecrase-car.dir/USB_DEVICE/App/usbd_desc.c.obj
                0x08008f94                USBD_FS_InterfaceStrDescriptor
 .text.Get_SerialNum
                0x08008fd0       0x58 CMakeFiles/mazecrase-car.dir/USB_DEVICE/App/usbd_desc.c.obj
 .text.IntToUnicode
                0x08009028       0x7e CMakeFiles/mazecrase-car.dir/USB_DEVICE/App/usbd_desc.c.obj
 *fill*         0x080090a6        0x2 
 .text.CDC_Init_FS
                0x080090a8       0x28 CMakeFiles/mazecrase-car.dir/USB_DEVICE/App/usbd_cdc_if.c.obj
 .text.CDC_DeInit_FS
                0x080090d0       0x10 CMakeFiles/mazecrase-car.dir/USB_DEVICE/App/usbd_cdc_if.c.obj
 .text.CDC_Control_FS
                0x080090e0      0x15c CMakeFiles/mazecrase-car.dir/USB_DEVICE/App/usbd_cdc_if.c.obj
 .text.CDC_Receive_FS
                0x0800923c       0x28 CMakeFiles/mazecrase-car.dir/USB_DEVICE/App/usbd_cdc_if.c.obj
 .text.CDC_Transmit_FS
                0x08009264       0x4c CMakeFiles/mazecrase-car.dir/USB_DEVICE/App/usbd_cdc_if.c.obj
                0x08009264                CDC_Transmit_FS
 .text.CDC_TransmitCplt_FS
                0x080092b0       0x22 CMakeFiles/mazecrase-car.dir/USB_DEVICE/App/usbd_cdc_if.c.obj
 .text.my_printf
                0x080092d2       0x4e CMakeFiles/mazecrase-car.dir/Core/Src/main.c.obj
 .text.main     0x08009320      0x220 CMakeFiles/mazecrase-car.dir/Core/Src/main.c.obj
                0x08009320                main
 .text.SystemClock_Config
                0x08009540       0xd0 CMakeFiles/mazecrase-car.dir/Core/Src/main.c.obj
                0x08009540                SystemClock_Config
 .text.MX_I2C1_Init
                0x08009610       0x5c CMakeFiles/mazecrase-car.dir/Core/Src/main.c.obj
 .text.MX_I2C2_Init
                0x0800966c       0x5c CMakeFiles/mazecrase-car.dir/Core/Src/main.c.obj
 .text.MX_TIM1_Init
                0x080096c8      0x158 CMakeFiles/mazecrase-car.dir/Core/Src/main.c.obj
 .text.MX_TIM4_Init
                0x08009820       0xa8 CMakeFiles/mazecrase-car.dir/Core/Src/main.c.obj
 .text.MX_TIM5_Init
                0x080098c8       0xa8 CMakeFiles/mazecrase-car.dir/Core/Src/main.c.obj
 .text.MX_TIM11_Init
                0x08009970       0x58 CMakeFiles/mazecrase-car.dir/Core/Src/main.c.obj
 .text.MX_GPIO_Init
                0x080099c8       0xd4 CMakeFiles/mazecrase-car.dir/Core/Src/main.c.obj
 .text.Error_Handler
                0x08009a9c        0xc CMakeFiles/mazecrase-car.dir/Core/Src/main.c.obj
                0x08009a9c                Error_Handler
 .text.NMI_Handler
                0x08009aa8        0x8 CMakeFiles/mazecrase-car.dir/Core/Src/stm32f4xx_it.c.obj
                0x08009aa8                NMI_Handler
 .text.HardFault_Handler
                0x08009ab0        0x8 CMakeFiles/mazecrase-car.dir/Core/Src/stm32f4xx_it.c.obj
                0x08009ab0                HardFault_Handler
 .text.MemManage_Handler
                0x08009ab8        0x8 CMakeFiles/mazecrase-car.dir/Core/Src/stm32f4xx_it.c.obj
                0x08009ab8                MemManage_Handler
 .text.BusFault_Handler
                0x08009ac0        0x8 CMakeFiles/mazecrase-car.dir/Core/Src/stm32f4xx_it.c.obj
                0x08009ac0                BusFault_Handler
 .text.UsageFault_Handler
                0x08009ac8        0x8 CMakeFiles/mazecrase-car.dir/Core/Src/stm32f4xx_it.c.obj
                0x08009ac8                UsageFault_Handler
 .text.SVC_Handler
                0x08009ad0        0xe CMakeFiles/mazecrase-car.dir/Core/Src/stm32f4xx_it.c.obj
                0x08009ad0                SVC_Handler
 .text.DebugMon_Handler
                0x08009ade        0xe CMakeFiles/mazecrase-car.dir/Core/Src/stm32f4xx_it.c.obj
                0x08009ade                DebugMon_Handler
 .text.PendSV_Handler
                0x08009aec        0xe CMakeFiles/mazecrase-car.dir/Core/Src/stm32f4xx_it.c.obj
                0x08009aec                PendSV_Handler
 .text.SysTick_Handler
                0x08009afa        0xc CMakeFiles/mazecrase-car.dir/Core/Src/stm32f4xx_it.c.obj
                0x08009afa                SysTick_Handler
 *fill*         0x08009b06        0x2 
 .text.TIM1_TRG_COM_TIM11_IRQHandler
                0x08009b08       0x1c CMakeFiles/mazecrase-car.dir/Core/Src/stm32f4xx_it.c.obj
                0x08009b08                TIM1_TRG_COM_TIM11_IRQHandler
 .text.OTG_FS_IRQHandler
                0x08009b24       0x14 CMakeFiles/mazecrase-car.dir/Core/Src/stm32f4xx_it.c.obj
                0x08009b24                OTG_FS_IRQHandler
 .text.HAL_MspInit
                0x08009b38       0x50 CMakeFiles/mazecrase-car.dir/Core/Src/stm32f4xx_hal_msp.c.obj
                0x08009b38                HAL_MspInit
 .text.HAL_I2C_MspInit
                0x08009b88      0x11c CMakeFiles/mazecrase-car.dir/Core/Src/stm32f4xx_hal_msp.c.obj
                0x08009b88                HAL_I2C_MspInit
 .text.HAL_TIM_Base_MspInit
                0x08009ca4       0x8c CMakeFiles/mazecrase-car.dir/Core/Src/stm32f4xx_hal_msp.c.obj
                0x08009ca4                HAL_TIM_Base_MspInit
 .text.HAL_TIM_Encoder_MspInit
                0x08009d30       0xfc CMakeFiles/mazecrase-car.dir/Core/Src/stm32f4xx_hal_msp.c.obj
                0x08009d30                HAL_TIM_Encoder_MspInit
 .text.HAL_TIM_MspPostInit
                0x08009e2c       0x74 CMakeFiles/mazecrase-car.dir/Core/Src/stm32f4xx_hal_msp.c.obj
                0x08009e2c                HAL_TIM_MspPostInit
 .text._sbrk    0x08009ea0       0x6c CMakeFiles/mazecrase-car.dir/Core/Src/sysmem.c.obj
                0x08009ea0                _sbrk
 .text._read    0x08009f0c       0x3a CMakeFiles/mazecrase-car.dir/Core/Src/syscalls.c.obj
                0x08009f0c                _read
 .text._write   0x08009f46       0x38 CMakeFiles/mazecrase-car.dir/Core/Src/syscalls.c.obj
                0x08009f46                _write
 .text._close   0x08009f7e       0x18 CMakeFiles/mazecrase-car.dir/Core/Src/syscalls.c.obj
                0x08009f7e                _close
 .text._fstat   0x08009f96       0x20 CMakeFiles/mazecrase-car.dir/Core/Src/syscalls.c.obj
                0x08009f96                _fstat
 .text._isatty  0x08009fb6       0x16 CMakeFiles/mazecrase-car.dir/Core/Src/syscalls.c.obj
                0x08009fb6                _isatty
 .text._lseek   0x08009fcc       0x1a CMakeFiles/mazecrase-car.dir/Core/Src/syscalls.c.obj
                0x08009fcc                _lseek
 *fill*         0x08009fe6        0x2 
 .text.Reset_Handler
                0x08009fe8       0x50 CMakeFiles/mazecrase-car.dir/startup_stm32f411xe.s.obj
                0x08009fe8                Reset_Handler
 .text.Default_Handler
                0x0800a038        0x2 CMakeFiles/mazecrase-car.dir/startup_stm32f411xe.s.obj
                0x0800a038                RTC_Alarm_IRQHandler
                0x0800a038                EXTI2_IRQHandler
                0x0800a038                SPI4_IRQHandler
                0x0800a038                TIM1_CC_IRQHandler
                0x0800a038                DMA2_Stream5_IRQHandler
                0x0800a038                DMA1_Stream5_IRQHandler
                0x0800a038                PVD_IRQHandler
                0x0800a038                SDIO_IRQHandler
                0x0800a038                TAMP_STAMP_IRQHandler
                0x0800a038                EXTI3_IRQHandler
                0x0800a038                TIM1_UP_TIM10_IRQHandler
                0x0800a038                I2C3_ER_IRQHandler
                0x0800a038                EXTI0_IRQHandler
                0x0800a038                I2C2_EV_IRQHandler
                0x0800a038                DMA1_Stream2_IRQHandler
                0x0800a038                FPU_IRQHandler
                0x0800a038                DMA2_Stream2_IRQHandler
                0x0800a038                SPI1_IRQHandler
                0x0800a038                TIM1_BRK_TIM9_IRQHandler
                0x0800a038                DMA2_Stream3_IRQHandler
                0x0800a038                USART6_IRQHandler
                0x0800a038                DMA2_Stream0_IRQHandler
                0x0800a038                TIM4_IRQHandler
                0x0800a038                I2C1_EV_IRQHandler
                0x0800a038                DMA1_Stream6_IRQHandler
                0x0800a038                DMA1_Stream1_IRQHandler
                0x0800a038                TIM3_IRQHandler
                0x0800a038                RCC_IRQHandler
                0x0800a038                Default_Handler
                0x0800a038                EXTI15_10_IRQHandler
                0x0800a038                ADC_IRQHandler
                0x0800a038                DMA1_Stream7_IRQHandler
                0x0800a038                SPI5_IRQHandler
                0x0800a038                TIM5_IRQHandler
                0x0800a038                DMA2_Stream7_IRQHandler
                0x0800a038                I2C3_EV_IRQHandler
                0x0800a038                EXTI9_5_IRQHandler
                0x0800a038                RTC_WKUP_IRQHandler
                0x0800a038                SPI2_IRQHandler
                0x0800a038                DMA1_Stream0_IRQHandler
                0x0800a038                EXTI4_IRQHandler
                0x0800a038                WWDG_IRQHandler
                0x0800a038                TIM2_IRQHandler
                0x0800a038                OTG_FS_WKUP_IRQHandler
                0x0800a038                EXTI1_IRQHandler
                0x0800a038                USART2_IRQHandler
                0x0800a038                I2C2_ER_IRQHandler
                0x0800a038                DMA2_Stream1_IRQHandler
                0x0800a038                FLASH_IRQHandler
                0x0800a038                DMA2_Stream4_IRQHandler
                0x0800a038                USART1_IRQHandler
                0x0800a038                SPI3_IRQHandler
                0x0800a038                DMA1_Stream4_IRQHandler
                0x0800a038                I2C1_ER_IRQHandler
                0x0800a038                DMA2_Stream6_IRQHandler
                0x0800a038                DMA1_Stream3_IRQHandler
 *fill*         0x0800a03a        0x2 
 .text.selectTCAChannel
                0x0800a03c       0x38 CMakeFiles/mazecrase-car.dir/Core/Src/tca9548a.c.obj
                0x0800a03c                selectTCAChannel
 .text.my_printf
                0x0800a074       0x4e CMakeFiles/mazecrase-car.dir/Core/Src/tcs32725.c.obj
 *fill*         0x0800a0c2        0x2 
 .text.tcs34725_write8
                0x0800a0c4       0x40 CMakeFiles/mazecrase-car.dir/Core/Src/tcs32725.c.obj
                0x0800a0c4                tcs34725_write8
 .text.read8    0x0800a104       0x50 CMakeFiles/mazecrase-car.dir/Core/Src/tcs32725.c.obj
                0x0800a104                read8
 .text.read16   0x0800a154       0x54 CMakeFiles/mazecrase-car.dir/Core/Src/tcs32725.c.obj
                0x0800a154                read16
 .text.enable   0x0800a1a8       0x1e CMakeFiles/mazecrase-car.dir/Core/Src/tcs32725.c.obj
                0x0800a1a8                enable
 *fill*         0x0800a1c6        0x2 
 .text.tcs32725_begin
                0x0800a1c8       0x5c CMakeFiles/mazecrase-car.dir/Core/Src/tcs32725.c.obj
                0x0800a1c8                tcs32725_begin
 .text.setIntegrationTime
                0x0800a224       0x44 CMakeFiles/mazecrase-car.dir/Core/Src/tcs32725.c.obj
                0x0800a224                setIntegrationTime
 .text.setGain  0x0800a268       0x28 CMakeFiles/mazecrase-car.dir/Core/Src/tcs32725.c.obj
                0x0800a268                setGain
 .text.getRawData
                0x0800a290       0xb4 CMakeFiles/mazecrase-car.dir/Core/Src/tcs32725.c.obj
                0x0800a290                getRawData
 .text.getRGB   0x0800a344       0xc0 CMakeFiles/mazecrase-car.dir/Core/Src/tcs32725.c.obj
                0x0800a344                getRGB
 .text.motor_init
                0x0800a404       0x54 CMakeFiles/mazecrase-car.dir/Core/Src/motor_ll.c.obj
                0x0800a404                motor_init
 .text.motor_control
                0x0800a458      0x138 CMakeFiles/mazecrase-car.dir/Core/Src/motor_ll.c.obj
                0x0800a458                motor_control
 .text.motor_set_speed
                0x0800a590       0x48 CMakeFiles/mazecrase-car.dir/Core/Src/motor_ll.c.obj
                0x0800a590                motor_set_speed
 .text.encoder_get_tick
                0x0800a5d8       0x58 CMakeFiles/mazecrase-car.dir/Core/Src/motor_ll.c.obj
                0x0800a5d8                encoder_get_tick
 .text.my_printf
                0x0800a630       0x4e CMakeFiles/mazecrase-car.dir/Core/Src/vl53l0x.c.obj
 *fill*         0x0800a67e        0x2 
 .text.i2c_read_addr8_data8
                0x0800a680       0x70 CMakeFiles/mazecrase-car.dir/Core/Src/vl53l0x.c.obj
                0x0800a680                i2c_read_addr8_data8
 .text.i2c_read_addr8_data16
                0x0800a6f0       0x88 CMakeFiles/mazecrase-car.dir/Core/Src/vl53l0x.c.obj
                0x0800a6f0                i2c_read_addr8_data16
 .text.i2c_write_addr8_data8
                0x0800a778       0x54 CMakeFiles/mazecrase-car.dir/Core/Src/vl53l0x.c.obj
                0x0800a778                i2c_write_addr8_data8
 .text.i2c_read_addr8_data32
                0x0800a7cc       0x8c CMakeFiles/mazecrase-car.dir/Core/Src/vl53l0x.c.obj
                0x0800a7cc                i2c_read_addr8_data32
 .text.i2c_write_addr8_bytes
                0x0800a858       0xb8 CMakeFiles/mazecrase-car.dir/Core/Src/vl53l0x.c.obj
                0x0800a858                i2c_write_addr8_bytes
 .text.i2c_read_addr8_bytes
                0x0800a910       0x74 CMakeFiles/mazecrase-car.dir/Core/Src/vl53l0x.c.obj
                0x0800a910                i2c_read_addr8_bytes
 .text.device_is_booted
                0x0800a984       0x60 CMakeFiles/mazecrase-car.dir/Core/Src/vl53l0x.c.obj
 .text.data_init
                0x0800a9e4      0x11c CMakeFiles/mazecrase-car.dir/Core/Src/vl53l0x.c.obj
 .text.read_strobe
                0x0800ab00       0x72 CMakeFiles/mazecrase-car.dir/Core/Src/vl53l0x.c.obj
 .text.get_spad_info_from_nvm
                0x0800ab72      0x29c CMakeFiles/mazecrase-car.dir/Core/Src/vl53l0x.c.obj
 .text.set_spads_from_nvm
                0x0800ae0e      0x1e2 CMakeFiles/mazecrase-car.dir/Core/Src/vl53l0x.c.obj
 .text.load_default_tuning_settings
                0x0800aff0      0x822 CMakeFiles/mazecrase-car.dir/Core/Src/vl53l0x.c.obj
 .text.configure_interrupt
                0x0800b812       0x82 CMakeFiles/mazecrase-car.dir/Core/Src/vl53l0x.c.obj
 .text.set_sequence_steps_enabled
                0x0800b894       0x1e CMakeFiles/mazecrase-car.dir/Core/Src/vl53l0x.c.obj
 .text.static_init
                0x0800b8b2       0x5c CMakeFiles/mazecrase-car.dir/Core/Src/vl53l0x.c.obj
 .text.perform_single_ref_calibration
                0x0800b90e       0xd8 CMakeFiles/mazecrase-car.dir/Core/Src/vl53l0x.c.obj
 .text.perform_ref_calibration
                0x0800b9e6       0x4c CMakeFiles/mazecrase-car.dir/Core/Src/vl53l0x.c.obj
 .text.configure_gpio
                0x0800ba32        0xe CMakeFiles/mazecrase-car.dir/Core/Src/vl53l0x.c.obj
 .text.init_address
                0x0800ba40       0x48 CMakeFiles/mazecrase-car.dir/Core/Src/vl53l0x.c.obj
 .text.init_addresses
                0x0800ba88       0x44 CMakeFiles/mazecrase-car.dir/Core/Src/vl53l0x.c.obj
 .text.init_config
                0x0800bacc       0x60 CMakeFiles/mazecrase-car.dir/Core/Src/vl53l0x.c.obj
 .text.vl53l0x_init
                0x0800bb2c       0x60 CMakeFiles/mazecrase-car.dir/Core/Src/vl53l0x.c.obj
                0x0800bb2c                vl53l0x_init
 .text.vl53l0x_read_range_single
                0x0800bb8c      0x1b8 CMakeFiles/mazecrase-car.dir/Core/Src/vl53l0x.c.obj
                0x0800bb8c                vl53l0x_read_range_single
 .text.my_printf
                0x0800bd44       0x4e CMakeFiles/mazecrase-car.dir/Core/Src/pf_hal.c.obj
 *fill*         0x0800bd92        0x2 
 .text.HAL_TIM_PeriodElapsedCallback
                0x0800bd94       0x28 CMakeFiles/mazecrase-car.dir/Core/Src/pf_hal.c.obj
                0x0800bd94                HAL_TIM_PeriodElapsedCallback
 .text.printf   0x0800bdbc       0x24 /usr/lib/gcc/arm-none-eabi/14.1.0/../../../../arm-none-eabi/lib/thumb/v7e-m+fp/hard/libg_nano.a(libc_a-printf.o)
                0x0800bdbc                printf
                0x0800bdbc                iprintf
 .text._puts_r  0x0800bde0       0xaa /usr/lib/gcc/arm-none-eabi/14.1.0/../../../../arm-none-eabi/lib/thumb/v7e-m+fp/hard/libg_nano.a(libc_a-puts.o)
                0x0800bde0                _puts_r
 *fill*         0x0800be8a        0x2 
 .text.puts     0x0800be8c       0x10 /usr/lib/gcc/arm-none-eabi/14.1.0/../../../../arm-none-eabi/lib/thumb/v7e-m+fp/hard/libg_nano.a(libc_a-puts.o)
                0x0800be8c                puts
 .text._vsnprintf_r
                0x0800be9c       0x5c /usr/lib/gcc/arm-none-eabi/14.1.0/../../../../arm-none-eabi/lib/thumb/v7e-m+fp/hard/libg_nano.a(libc_a-vsnprintf.o)
                0x0800be9c                _vsnprintf_r
                0x0800be9c                _vsniprintf_r
 .text.vsnprintf
                0x0800bef8       0x1c /usr/lib/gcc/arm-none-eabi/14.1.0/../../../../arm-none-eabi/lib/thumb/v7e-m+fp/hard/libg_nano.a(libc_a-vsnprintf.o)
                0x0800bef8                vsnprintf
                0x0800bef8                vsniprintf
 .text.__swbuf_r
                0x0800bf14       0x7c /usr/lib/gcc/arm-none-eabi/14.1.0/../../../../arm-none-eabi/lib/thumb/v7e-m+fp/hard/libg_nano.a(libc_a-wbuf.o)
                0x0800bf14                __swbuf_r
 .text.__swsetup_r
                0x0800bf90       0xa8 /usr/lib/gcc/arm-none-eabi/14.1.0/../../../../arm-none-eabi/lib/thumb/v7e-m+fp/hard/libg_nano.a(libc_a-wsetup.o)
                0x0800bf90                __swsetup_r
 .text.__errno  0x0800c038        0xc /usr/lib/gcc/arm-none-eabi/14.1.0/../../../../arm-none-eabi/lib/thumb/v7e-m+fp/hard/libg_nano.a(libc_a-errno.o)
                0x0800c038                __errno
 .text.memcpy   0x0800c044       0x1c /usr/lib/gcc/arm-none-eabi/14.1.0/../../../../arm-none-eabi/lib/thumb/v7e-m+fp/hard/libg_nano.a(libc_a-memcpy-stub.o)
                0x0800c044                memcpy
 .text.__ssputs_r
                0x0800c060       0xc0 /usr/lib/gcc/arm-none-eabi/14.1.0/../../../../arm-none-eabi/lib/thumb/v7e-m+fp/hard/libg_nano.a(libc_a-nano-svfprintf.o)
                0x0800c060                __ssputs_r
 .text._svfprintf_r
                0x0800c120      0x1f8 /usr/lib/gcc/arm-none-eabi/14.1.0/../../../../arm-none-eabi/lib/thumb/v7e-m+fp/hard/libg_nano.a(libc_a-nano-svfprintf.o)
                0x0800c120                _svfprintf_r
                0x0800c120                _svfiprintf_r
 .text.__sfputc_r
                0x0800c318       0x2e /usr/lib/gcc/arm-none-eabi/14.1.0/../../../../arm-none-eabi/lib/thumb/v7e-m+fp/hard/libg_nano.a(libc_a-nano-vfprintf.o)
 .text.__sfputs_r
                0x0800c346       0x24 /usr/lib/gcc/arm-none-eabi/14.1.0/../../../../arm-none-eabi/lib/thumb/v7e-m+fp/hard/libg_nano.a(libc_a-nano-vfprintf.o)
                0x0800c346                __sfputs_r
 *fill*         0x0800c36a        0x2 
 .text._vfprintf_r
                0x0800c36c      0x230 /usr/lib/gcc/arm-none-eabi/14.1.0/../../../../arm-none-eabi/lib/thumb/v7e-m+fp/hard/libg_nano.a(libc_a-nano-vfprintf.o)
                0x0800c36c                _vfiprintf_r
                0x0800c36c                _vfprintf_r
 .text._printf_common
                0x0800c59c       0xda /usr/lib/gcc/arm-none-eabi/14.1.0/../../../../arm-none-eabi/lib/thumb/v7e-m+fp/hard/libg_nano.a(libc_a-nano-vfprintf_i.o)
                0x0800c59c                _printf_common
 *fill*         0x0800c676        0x2 
 .text._printf_i
                0x0800c678      0x240 /usr/lib/gcc/arm-none-eabi/14.1.0/../../../../arm-none-eabi/lib/thumb/v7e-m+fp/hard/libg_nano.a(libc_a-nano-vfprintf_i.o)
                0x0800c678                _printf_i
 .text.__swhatbuf_r
                0x0800c8b8       0x48 /usr/lib/gcc/arm-none-eabi/14.1.0/../../../../arm-none-eabi/lib/thumb/v7e-m+fp/hard/libg_nano.a(libc_a-makebuf.o)
                0x0800c8b8                __swhatbuf_r
 .text.__smakebuf_r
                0x0800c900       0x72 /usr/lib/gcc/arm-none-eabi/14.1.0/../../../../arm-none-eabi/lib/thumb/v7e-m+fp/hard/libg_nano.a(libc_a-makebuf.o)
                0x0800c900                __smakebuf_r
 .text.memmove  0x0800c972       0x32 /usr/lib/gcc/arm-none-eabi/14.1.0/../../../../arm-none-eabi/lib/thumb/v7e-m+fp/hard/libg_nano.a(libc_a-memmove.o)
                0x0800c972                memmove
 .text._fstat_r
                0x0800c9a4       0x24 /usr/lib/gcc/arm-none-eabi/14.1.0/../../../../arm-none-eabi/lib/thumb/v7e-m+fp/hard/libg_nano.a(libc_a-fstatr.o)
                0x0800c9a4                _fstat_r
 .text._isatty_r
                0x0800c9c8       0x20 /usr/lib/gcc/arm-none-eabi/14.1.0/../../../../arm-none-eabi/lib/thumb/v7e-m+fp/hard/libg_nano.a(libc_a-isattyr.o)
                0x0800c9c8                _isatty_r
 .text._realloc_r
                0x0800c9e8       0x5c /usr/lib/gcc/arm-none-eabi/14.1.0/../../../../arm-none-eabi/lib/thumb/v7e-m+fp/hard/libg_nano.a(libc_a-reallocr.o)
                0x0800c9e8                _realloc_r
 .text._malloc_usable_size_r
                0x0800ca44       0x10 /usr/lib/gcc/arm-none-eabi/14.1.0/../../../../arm-none-eabi/lib/thumb/v7e-m+fp/hard/libg_nano.a(libc_a-msizer.o)
                0x0800ca44                _malloc_usable_size_r
 *(.glue_7)
 .glue_7        0x0800ca54        0x0 linker stubs
 *(.glue_7t)
 .glue_7t       0x0800ca54        0x0 linker stubs
 *(.eh_frame)
 .eh_frame      0x0800ca54        0x0 /usr/lib/gcc/arm-none-eabi/14.1.0/thumb/v7e-m+fp/hard/crtbegin.o
 *(.init)
 .init          0x0800ca54        0x4 /usr/lib/gcc/arm-none-eabi/14.1.0/thumb/v7e-m+fp/hard/crti.o
                0x0800ca54                _init
 .init          0x0800ca58        0x8 /usr/lib/gcc/arm-none-eabi/14.1.0/thumb/v7e-m+fp/hard/crtn.o
 *(.fini)
 .fini          0x0800ca60        0x4 /usr/lib/gcc/arm-none-eabi/14.1.0/thumb/v7e-m+fp/hard/crti.o
                0x0800ca60                _fini
 .fini          0x0800ca64        0x8 /usr/lib/gcc/arm-none-eabi/14.1.0/thumb/v7e-m+fp/hard/crtn.o
                0x0800ca6c                        . = ALIGN (0x4)
                0x0800ca6c                        _etext = .

.vfp11_veneer   0x0800ca6c        0x0
 .vfp11_veneer  0x0800ca6c        0x0 linker stubs

.v4_bx          0x0800ca6c        0x0
 .v4_bx         0x0800ca6c        0x0 linker stubs

.iplt           0x0800ca6c        0x0
 .iplt          0x0800ca6c        0x0 /usr/lib/gcc/arm-none-eabi/14.1.0/thumb/v7e-m+fp/hard/crtbegin.o

.rodata         0x0800ca6c      0x4c4
                0x0800ca6c                        . = ALIGN (0x4)
 *(.rodata)
 .rodata        0x0800ca6c       0x46 CMakeFiles/mazecrase-car.dir/USB_DEVICE/App/usbd_desc.c.obj
 *fill*         0x0800cab2        0x2 
 .rodata        0x0800cab4       0x81 CMakeFiles/mazecrase-car.dir/Core/Src/main.c.obj
 *fill*         0x0800cb35        0x3 
 .rodata        0x0800cb38       0x30 CMakeFiles/mazecrase-car.dir/Core/Src/tcs32725.c.obj
 .rodata        0x0800cb68      0x362 CMakeFiles/mazecrase-car.dir/Core/Src/vl53l0x.c.obj
 *fill*         0x0800ceca        0x2 
 .rodata        0x0800cecc       0x11 CMakeFiles/mazecrase-car.dir/Core/Src/pf_hal.c.obj
 *(.rodata*)
 *fill*         0x0800cedd        0x3 
 .rodata.AHBPrescTable
                0x0800cee0       0x10 cmake/stm32cubemx/CMakeFiles/STM32_Drivers.dir/__/__/Core/Src/system_stm32f4xx.c.obj
                0x0800cee0                AHBPrescTable
 .rodata.APBPrescTable
                0x0800cef0        0x8 cmake/stm32cubemx/CMakeFiles/STM32_Drivers.dir/__/__/Core/Src/system_stm32f4xx.c.obj
                0x0800cef0                APBPrescTable
 .rodata.vl53l0x_infos
                0x0800cef8        0x2 CMakeFiles/mazecrase-car.dir/Core/Src/vl53l0x.c.obj
 .rodata._svfprintf_r.str1.1
                0x0800cefa       0x33 /usr/lib/gcc/arm-none-eabi/14.1.0/../../../../arm-none-eabi/lib/thumb/v7e-m+fp/hard/libg_nano.a(libc_a-nano-svfprintf.o)
                                 0x11 (size before relaxing)
 .rodata._vfprintf_r.str1.1
                0x0800cf2d       0x11 /usr/lib/gcc/arm-none-eabi/14.1.0/../../../../arm-none-eabi/lib/thumb/v7e-m+fp/hard/libg_nano.a(libc_a-nano-vfprintf.o)
 .rodata._printf_i.str1.1
                0x0800cf2d       0x22 /usr/lib/gcc/arm-none-eabi/14.1.0/../../../../arm-none-eabi/lib/thumb/v7e-m+fp/hard/libg_nano.a(libc_a-nano-vfprintf_i.o)
                0x0800cf50                        . = ALIGN (0x4)
 *fill*         0x0800cf2d        0x3 

.ARM.extab      0x0800cf30        0x0
                0x0800cf30                        . = ALIGN (0x4)
 *(.ARM.extab* .gnu.linkonce.armextab.*)
                0x0800cf30                        . = ALIGN (0x4)

.ARM            0x0800cf30        0x8
                0x0800cf30                        . = ALIGN (0x4)
                0x0800cf30                        __exidx_start = .
 *(.ARM.exidx*)
 .ARM.exidx     0x0800cf30        0x8 /usr/lib/gcc/arm-none-eabi/14.1.0/thumb/v7e-m+fp/hard/libgcc.a(_udivmoddi4.o)
 .ARM.exidx     0x0800cf38        0x0 /usr/lib/gcc/arm-none-eabi/14.1.0/../../../../arm-none-eabi/lib/thumb/v7e-m+fp/hard/libg_nano.a(libc_a-memchr.o)
                                  0x8 (size before relaxing)
                0x0800cf38                        __exidx_end = .
                0x0800cf38                        . = ALIGN (0x4)

.preinit_array  0x0800cf38        0x0
                0x0800cf38                        . = ALIGN (0x4)
                0x0800cf38                        PROVIDE (__preinit_array_start = .)
 *(.preinit_array*)
                0x0800cf38                        PROVIDE (__preinit_array_end = .)
                0x0800cf38                        . = ALIGN (0x4)

.init_array     0x0800cf38        0x4
                0x0800cf38                        . = ALIGN (0x4)
                0x0800cf38                        PROVIDE (__init_array_start = .)
 *(SORT_BY_NAME(.init_array.*))
 *(.init_array*)
 .init_array    0x0800cf38        0x4 /usr/lib/gcc/arm-none-eabi/14.1.0/thumb/v7e-m+fp/hard/crtbegin.o
                0x0800cf3c                        PROVIDE (__init_array_end = .)
                0x0800cf3c                        . = ALIGN (0x4)

.fini_array     0x0800cf3c        0x4
                0x0800cf3c                        . = ALIGN (0x4)
                0x0800cf3c                        PROVIDE (__fini_array_start = .)
 *(SORT_BY_NAME(.fini_array.*))
 *(.fini_array*)
 .fini_array    0x0800cf3c        0x4 /usr/lib/gcc/arm-none-eabi/14.1.0/thumb/v7e-m+fp/hard/crtbegin.o
                0x0800cf40                        PROVIDE (__fini_array_end = .)
                0x0800cf40                        . = ALIGN (0x4)
                0x0800cf40                        _sidata = LOADADDR (.data)

.rel.dyn        0x0800cf40        0x0
 .rel.iplt      0x0800cf40        0x0 /usr/lib/gcc/arm-none-eabi/14.1.0/thumb/v7e-m+fp/hard/crtbegin.o

.data           0x20000000      0x160 load address 0x0800cf40
                0x20000000                        . = ALIGN (0x4)
                0x20000000                        _sdata = .
 *(.data)
 *(.data*)
 .data.__sglue  0x20000000        0xc /usr/lib/gcc/arm-none-eabi/14.1.0/../../../../arm-none-eabi/lib/thumb/v7e-m+fp/hard/libc_nano.a(libc_a-findfp.o)
                0x20000000                __sglue
 .data._impure_ptr
                0x2000000c        0x4 /usr/lib/gcc/arm-none-eabi/14.1.0/../../../../arm-none-eabi/lib/thumb/v7e-m+fp/hard/libc_nano.a(libc_a-impure.o)
                0x2000000c                _impure_ptr
 .data._impure_data
                0x20000010       0x4c /usr/lib/gcc/arm-none-eabi/14.1.0/../../../../arm-none-eabi/lib/thumb/v7e-m+fp/hard/libc_nano.a(libc_a-impure.o)
                0x20000010                _impure_data
 .data.SystemCoreClock
                0x2000005c        0x4 cmake/stm32cubemx/CMakeFiles/STM32_Drivers.dir/__/__/Core/Src/system_stm32f4xx.c.obj
                0x2000005c                SystemCoreClock
 .data.uwTickPrio
                0x20000060        0x4 cmake/stm32cubemx/CMakeFiles/STM32_Drivers.dir/__/__/Drivers/STM32F4xx_HAL_Driver/Src/stm32f4xx_hal.c.obj
                0x20000060                uwTickPrio
 .data.uwTickFreq
                0x20000064        0x1 cmake/stm32cubemx/CMakeFiles/STM32_Drivers.dir/__/__/Drivers/STM32F4xx_HAL_Driver/Src/stm32f4xx_hal.c.obj
                0x20000064                uwTickFreq
 *fill*         0x20000065        0x3 
 .data.USBD_CDC_DeviceQualifierDesc
                0x20000068        0xa cmake/stm32cubemx/CMakeFiles/USB_Device_Library.dir/__/__/Middlewares/ST/STM32_USB_Device_Library/Class/CDC/Src/usbd_cdc.c.obj
 *fill*         0x20000072        0x2 
 .data.USBD_CDC
                0x20000074       0x38 cmake/stm32cubemx/CMakeFiles/USB_Device_Library.dir/__/__/Middlewares/ST/STM32_USB_Device_Library/Class/CDC/Src/usbd_cdc.c.obj
                0x20000074                USBD_CDC
 .data.USBD_CDC_CfgDesc
                0x200000ac       0x43 cmake/stm32cubemx/CMakeFiles/USB_Device_Library.dir/__/__/Middlewares/ST/STM32_USB_Device_Library/Class/CDC/Src/usbd_cdc.c.obj
 .data.CDCInEpAdd
                0x200000ef        0x1 cmake/stm32cubemx/CMakeFiles/USB_Device_Library.dir/__/__/Middlewares/ST/STM32_USB_Device_Library/Class/CDC/Src/usbd_cdc.c.obj
 .data.CDCOutEpAdd
                0x200000f0        0x1 cmake/stm32cubemx/CMakeFiles/USB_Device_Library.dir/__/__/Middlewares/ST/STM32_USB_Device_Library/Class/CDC/Src/usbd_cdc.c.obj
 .data.CDCCmdEpAdd
                0x200000f1        0x1 cmake/stm32cubemx/CMakeFiles/USB_Device_Library.dir/__/__/Middlewares/ST/STM32_USB_Device_Library/Class/CDC/Src/usbd_cdc.c.obj
 *fill*         0x200000f2        0x2 
 .data.FS_Desc  0x200000f4       0x1c CMakeFiles/mazecrase-car.dir/USB_DEVICE/App/usbd_desc.c.obj
                0x200000f4                FS_Desc
 .data.USBD_FS_DeviceDesc
                0x20000110       0x12 CMakeFiles/mazecrase-car.dir/USB_DEVICE/App/usbd_desc.c.obj
                0x20000110                USBD_FS_DeviceDesc
 *fill*         0x20000122        0x2 
 .data.USBD_LangIDDesc
                0x20000124        0x4 CMakeFiles/mazecrase-car.dir/USB_DEVICE/App/usbd_desc.c.obj
                0x20000124                USBD_LangIDDesc
 .data.USBD_StringSerial
                0x20000128       0x1a CMakeFiles/mazecrase-car.dir/USB_DEVICE/App/usbd_desc.c.obj
                0x20000128                USBD_StringSerial
 *fill*         0x20000142        0x2 
 .data.LineCoding
                0x20000144        0x8 CMakeFiles/mazecrase-car.dir/USB_DEVICE/App/usbd_cdc_if.c.obj
                0x20000144                LineCoding
 .data.USBD_Interface_fops_FS
                0x2000014c       0x14 CMakeFiles/mazecrase-car.dir/USB_DEVICE/App/usbd_cdc_if.c.obj
                0x2000014c                USBD_Interface_fops_FS
 *(.RamFunc)
 *(.RamFunc*)
                0x20000160                        . = ALIGN (0x4)
                0x20000160                        _edata = .

.tm_clone_table
                0x20000160        0x0 load address 0x0800d0a0
 .tm_clone_table
                0x20000160        0x0 /usr/lib/gcc/arm-none-eabi/14.1.0/thumb/v7e-m+fp/hard/crtbegin.o
 .tm_clone_table
                0x20000160        0x0 /usr/lib/gcc/arm-none-eabi/14.1.0/thumb/v7e-m+fp/hard/crtend.o

.igot.plt       0x20000160        0x0 load address 0x0800d0a0
 .igot.plt      0x20000160        0x0 /usr/lib/gcc/arm-none-eabi/14.1.0/thumb/v7e-m+fp/hard/crtbegin.o
                0x20000160                        . = ALIGN (0x4)

.bss            0x20000160     0x1f20 load address 0x0800d0a0
                0x20000160                        _sbss = .
                0x20000160                        __bss_start__ = _sbss
 *(.bss)
 .bss           0x20000160       0x1c /usr/lib/gcc/arm-none-eabi/14.1.0/thumb/v7e-m+fp/hard/crtbegin.o
 *(.bss*)
 .bss.__sf      0x2000017c      0x138 /usr/lib/gcc/arm-none-eabi/14.1.0/../../../../arm-none-eabi/lib/thumb/v7e-m+fp/hard/libc_nano.a(libc_a-findfp.o)
                0x2000017c                __sf
 .bss.__stdio_exit_handler
                0x200002b4        0x4 /usr/lib/gcc/arm-none-eabi/14.1.0/../../../../arm-none-eabi/lib/thumb/v7e-m+fp/hard/libc_nano.a(libc_a-findfp.o)
                0x200002b4                __stdio_exit_handler
 .bss.errno     0x200002b8        0x4 /usr/lib/gcc/arm-none-eabi/14.1.0/../../../../arm-none-eabi/lib/thumb/v7e-m+fp/hard/libc_nano.a(libc_a-reent.o)
                0x200002b8                errno
 .bss.__lock___malloc_recursive_mutex
                0x200002bc        0x1 /usr/lib/gcc/arm-none-eabi/14.1.0/../../../../arm-none-eabi/lib/thumb/v7e-m+fp/hard/libc_nano.a(libc_a-lock.o)
                0x200002bc                __lock___malloc_recursive_mutex
 .bss.__lock___sfp_recursive_mutex
                0x200002bd        0x1 /usr/lib/gcc/arm-none-eabi/14.1.0/../../../../arm-none-eabi/lib/thumb/v7e-m+fp/hard/libc_nano.a(libc_a-lock.o)
                0x200002bd                __lock___sfp_recursive_mutex
 *fill*         0x200002be        0x2 
 .bss.__malloc_sbrk_start
                0x200002c0        0x4 /usr/lib/gcc/arm-none-eabi/14.1.0/../../../../arm-none-eabi/lib/thumb/v7e-m+fp/hard/libc_nano.a(libc_a-mallocr.o)
                0x200002c0                __malloc_sbrk_start
 .bss.__malloc_free_list
                0x200002c4        0x4 /usr/lib/gcc/arm-none-eabi/14.1.0/../../../../arm-none-eabi/lib/thumb/v7e-m+fp/hard/libc_nano.a(libc_a-mallocr.o)
                0x200002c4                __malloc_free_list
 .bss.uwTick    0x200002c8        0x4 cmake/stm32cubemx/CMakeFiles/STM32_Drivers.dir/__/__/Drivers/STM32F4xx_HAL_Driver/Src/stm32f4xx_hal.c.obj
                0x200002c8                uwTick
 .bss.cfgidx.0  0x200002cc        0x1 cmake/stm32cubemx/CMakeFiles/USB_Device_Library.dir/__/__/Middlewares/ST/STM32_USB_Device_Library/Core/Src/usbd_ctlreq.c.obj
 *fill*         0x200002cd        0x3 
 .bss.hpcd_USB_OTG_FS
                0x200002d0      0x4e4 CMakeFiles/mazecrase-car.dir/USB_DEVICE/Target/usbd_conf.c.obj
                0x200002d0                hpcd_USB_OTG_FS
 .bss.mem.0     0x200007b4      0x220 CMakeFiles/mazecrase-car.dir/USB_DEVICE/Target/usbd_conf.c.obj
 .bss.hUsbDeviceFS
                0x200009d4      0x2dc CMakeFiles/mazecrase-car.dir/USB_DEVICE/App/usb_device.c.obj
                0x200009d4                hUsbDeviceFS
 .bss.USBD_StrDesc
                0x20000cb0      0x200 CMakeFiles/mazecrase-car.dir/USB_DEVICE/App/usbd_desc.c.obj
                0x20000cb0                USBD_StrDesc
 .bss.UserRxBufferFS
                0x20000eb0      0x800 CMakeFiles/mazecrase-car.dir/USB_DEVICE/App/usbd_cdc_if.c.obj
                0x20000eb0                UserRxBufferFS
 .bss.UserTxBufferFS
                0x200016b0      0x800 CMakeFiles/mazecrase-car.dir/USB_DEVICE/App/usbd_cdc_if.c.obj
                0x200016b0                UserTxBufferFS
 .bss.hi2c1     0x20001eb0       0x54 CMakeFiles/mazecrase-car.dir/Core/Src/main.c.obj
                0x20001eb0                hi2c1
 .bss.hi2c2     0x20001f04       0x54 CMakeFiles/mazecrase-car.dir/Core/Src/main.c.obj
                0x20001f04                hi2c2
 .bss.htim1     0x20001f58       0x48 CMakeFiles/mazecrase-car.dir/Core/Src/main.c.obj
                0x20001f58                htim1
 .bss.htim4     0x20001fa0       0x48 CMakeFiles/mazecrase-car.dir/Core/Src/main.c.obj
                0x20001fa0                htim4
 .bss.htim5     0x20001fe8       0x48 CMakeFiles/mazecrase-car.dir/Core/Src/main.c.obj
                0x20001fe8                htim5
 .bss.htim11    0x20002030       0x48 CMakeFiles/mazecrase-car.dir/Core/Src/main.c.obj
                0x20002030                htim11
 .bss.__sbrk_heap_end
                0x20002078        0x4 CMakeFiles/mazecrase-car.dir/Core/Src/sysmem.c.obj
 .bss._tcs34725Initialised
                0x2000207c        0x1 CMakeFiles/mazecrase-car.dir/Core/Src/tcs32725.c.obj
                0x2000207c                _tcs34725Initialised
 .bss._tcs34725Gain
                0x2000207d        0x1 CMakeFiles/mazecrase-car.dir/Core/Src/tcs32725.c.obj
                0x2000207d                _tcs34725Gain
 .bss._tcs34725IntegrationTime
                0x2000207e        0x1 CMakeFiles/mazecrase-car.dir/Core/Src/tcs32725.c.obj
                0x2000207e                _tcs34725IntegrationTime
 .bss.stop_variable
                0x2000207f        0x1 CMakeFiles/mazecrase-car.dir/Core/Src/vl53l0x.c.obj
 *(COMMON)
                0x20002080                        . = ALIGN (0x4)
                0x20002080                        _ebss = .
                0x20002080                        __bss_end__ = _ebss

._user_heap_stack