../Core/Inc/my_print.h:20:20:my_printf	144	static
../Core/Src/main.c:87:5:main	56	static
../Core/Src/main.c:217:6:SystemClock_Config	88	static
../Core/Src/main.c:263:13:MX_I2C1_Init	8	static
../Core/Src/main.c:297:13:MX_I2C2_Init	8	static
../Core/Src/main.c:331:13:MX_TIM1_Init	96	static
../Core/Src/main.c:410:13:MX_TIM4_Init	56	static
../Core/Src/main.c:459:13:MX_TIM5_Init	56	static
../Core/Src/main.c:508:13:MX_TIM11_Init	8	static
../Core/Src/main.c:539:13:MX_GPIO_Init	48	static
../Core/Src/main.c:595:6:Error_Handler	4	static,ignoring_inline_asm
