../Core/Inc/my_print.h:20:20:my_printf	144	static
../Core/Src/main.c:81:6:I2C_Scan	24	static
../Core/Src/main.c:99:5:main	64	static
../Core/Src/main.c:238:6:SystemClock_Config	88	static
../Core/Src/main.c:284:13:MX_I2C1_Init	8	static
../Core/Src/main.c:318:13:MX_I2C2_Init	8	static
../Core/Src/main.c:352:13:MX_TIM1_Init	96	static
../Core/Src/main.c:431:13:MX_TIM4_Init	56	static
../Core/Src/main.c:480:13:MX_TIM5_Init	56	static
../Core/Src/main.c:529:13:MX_TIM11_Init	8	static
../Core/Src/main.c:560:13:MX_GPIO_Init	48	static
../Core/Src/main.c:616:6:Error_Handler	4	static,ignoring_inline_asm
