../Core/Inc/my_print.h:20:20:my_printf	144	static
../Core/Src/vl53l0x.c:80:6:i2c_read_addr8_data8	24	static
../Core/Src/vl53l0x.c:92:6:i2c_read_addr8_data16	32	static
../Core/Src/vl53l0x.c:106:6:i2c_write_addr8_data8	32	static
../Core/Src/vl53l0x.c:115:6:i2c_read_addr8_data32	32	static
../Core/Src/vl53l0x.c:129:6:i2c_write_addr8_bytes	56	dynamic
../Core/Src/vl53l0x.c:141:6:i2c_read_addr8_bytes	24	static
../Core/Src/vl53l0x.c:158:13:device_is_booted	16	static
../Core/Src/vl53l0x.c:174:13:data_init	16	static
../Core/Src/vl53l0x.c:207:13:read_strobe	16	static
../Core/Src/vl53l0x.c:239:13:get_spad_info_from_nvm	32	static
../Core/Src/vl53l0x.c:331:13:set_spads_from_nvm	56	static
../Core/Src/vl53l0x.c:401:13:load_default_tuning_settings	16	static
../Core/Src/vl53l0x.c:486:13:configure_interrupt	16	static
../Core/Src/vl53l0x.c:513:13:set_sequence_steps_enabled	16	static
../Core/Src/vl53l0x.c:521:13:static_init	8	static
../Core/Src/vl53l0x.c:544:13:perform_single_ref_calibration	24	static
../Core/Src/vl53l0x.c:588:13:perform_ref_calibration	8	static
../Core/Src/vl53l0x.c:605:13:configure_address	16	static
../Core/Src/vl53l0x.c:618:13:configure_gpio	4	static
../Core/Src/vl53l0x.c:626:13:init_address	16	static
../Core/Src/vl53l0x.c:646:13:init_addresses	8	static
../Core/Src/vl53l0x.c:662:13:init_config	16	static
../Core/Src/vl53l0x.c:679:6:vl53l0x_init	8	static
../Core/Src/vl53l0x.c:695:6:vl53l0x_read_range_single	24	static
